<?xml version="1.0"?>
<link_info>
   <banner>TMS320C55x Linker PC v4.4.1</banner>
   <copyright>Copyright (c) 1996-2012 Texas Instruments Incorporated</copyright>
   <link_time>0x5ae43597</link_time>
   <output_file>FixedDecoder.out</output_file>
   <entry_point>
      <name>_c_int00</name>
      <address>0x1427b</address>
   </entry_point>
   <input_file_list>
      <input_file id="fl-2">
         <path>.\</path>
         <kind>object</kind>
         <file>main.obj</file>
         <name>main.obj</name>
      </input_file>
      <input_file id="fl-1a">
         <path>C:\ti\ccsv5\tools\compiler\c5500_4.4.1\lib\</path>
         <kind>archive</kind>
         <file>rts55x.lib</file>
         <name>boot.obj</name>
      </input_file>
      <input_file id="fl-1b">
         <path>C:\ti\ccsv5\tools\compiler\c5500_4.4.1\lib\</path>
         <kind>archive</kind>
         <file>rts55x.lib</file>
         <name>exit.obj</name>
      </input_file>
      <input_file id="fl-1c">
         <path>C:\ti\ccsv5\tools\compiler\c5500_4.4.1\lib\</path>
         <kind>archive</kind>
         <file>rts55x.lib</file>
         <name>printf.obj</name>
      </input_file>
      <input_file id="fl-1d">
         <path>C:\ti\ccsv5\tools\compiler\c5500_4.4.1\lib\</path>
         <kind>archive</kind>
         <file>rts55x.lib</file>
         <name>vectors.obj</name>
      </input_file>
      <input_file id="fl-1e">
         <path>C:\ti\ccsv5\tools\compiler\c5500_4.4.1\lib\</path>
         <kind>archive</kind>
         <file>rts55x.lib</file>
         <name>_lock.obj</name>
      </input_file>
      <input_file id="fl-1f">
         <path>C:\ti\ccsv5\tools\compiler\c5500_4.4.1\lib\</path>
         <kind>archive</kind>
         <file>rts55x.lib</file>
         <name>_printfi.obj</name>
      </input_file>
      <input_file id="fl-20">
         <path>C:\ti\ccsv5\tools\compiler\c5500_4.4.1\lib\</path>
         <kind>archive</kind>
         <file>rts55x.lib</file>
         <name>args_main.obj</name>
      </input_file>
      <input_file id="fl-21">
         <path>C:\ti\ccsv5\tools\compiler\c5500_4.4.1\lib\</path>
         <kind>archive</kind>
         <file>rts55x.lib</file>
         <name>atoi.obj</name>
      </input_file>
      <input_file id="fl-22">
         <path>C:\ti\ccsv5\tools\compiler\c5500_4.4.1\lib\</path>
         <kind>archive</kind>
         <file>rts55x.lib</file>
         <name>autoinit.obj</name>
      </input_file>
      <input_file id="fl-23">
         <path>C:\ti\ccsv5\tools\compiler\c5500_4.4.1\lib\</path>
         <kind>archive</kind>
         <file>rts55x.lib</file>
         <name>cmpd.obj</name>
      </input_file>
      <input_file id="fl-24">
         <path>C:\ti\ccsv5\tools\compiler\c5500_4.4.1\lib\</path>
         <kind>archive</kind>
         <file>rts55x.lib</file>
         <name>ctype.obj</name>
      </input_file>
      <input_file id="fl-25">
         <path>C:\ti\ccsv5\tools\compiler\c5500_4.4.1\lib\</path>
         <kind>archive</kind>
         <file>rts55x.lib</file>
         <name>defs.obj</name>
      </input_file>
      <input_file id="fl-26">
         <path>C:\ti\ccsv5\tools\compiler\c5500_4.4.1\lib\</path>
         <kind>archive</kind>
         <file>rts55x.lib</file>
         <name>divd.obj</name>
      </input_file>
      <input_file id="fl-27">
         <path>C:\ti\ccsv5\tools\compiler\c5500_4.4.1\lib\</path>
         <kind>archive</kind>
         <file>rts55x.lib</file>
         <name>divul.obj</name>
      </input_file>
      <input_file id="fl-28">
         <path>C:\ti\ccsv5\tools\compiler\c5500_4.4.1\lib\</path>
         <kind>archive</kind>
         <file>rts55x.lib</file>
         <name>fixdi.obj</name>
      </input_file>
      <input_file id="fl-29">
         <path>C:\ti\ccsv5\tools\compiler\c5500_4.4.1\lib\</path>
         <kind>archive</kind>
         <file>rts55x.lib</file>
         <name>fixdli.obj</name>
      </input_file>
      <input_file id="fl-2a">
         <path>C:\ti\ccsv5\tools\compiler\c5500_4.4.1\lib\</path>
         <kind>archive</kind>
         <file>rts55x.lib</file>
         <name>fltlid.obj</name>
      </input_file>
      <input_file id="fl-2b">
         <path>C:\ti\ccsv5\tools\compiler\c5500_4.4.1\lib\</path>
         <kind>archive</kind>
         <file>rts55x.lib</file>
         <name>fputc.obj</name>
      </input_file>
      <input_file id="fl-2c">
         <path>C:\ti\ccsv5\tools\compiler\c5500_4.4.1\lib\</path>
         <kind>archive</kind>
         <file>rts55x.lib</file>
         <name>fputs.obj</name>
      </input_file>
      <input_file id="fl-2d">
         <path>C:\ti\ccsv5\tools\compiler\c5500_4.4.1\lib\</path>
         <kind>archive</kind>
         <file>rts55x.lib</file>
         <name>frcmpyd_div.obj</name>
      </input_file>
      <input_file id="fl-2e">
         <path>C:\ti\ccsv5\tools\compiler\c5500_4.4.1\lib\</path>
         <kind>archive</kind>
         <file>rts55x.lib</file>
         <name>isinf.obj</name>
      </input_file>
      <input_file id="fl-2f">
         <path>C:\ti\ccsv5\tools\compiler\c5500_4.4.1\lib\</path>
         <kind>archive</kind>
         <file>rts55x.lib</file>
         <name>llmpy.obj</name>
      </input_file>
      <input_file id="fl-30">
         <path>C:\ti\ccsv5\tools\compiler\c5500_4.4.1\lib\</path>
         <kind>archive</kind>
         <file>rts55x.lib</file>
         <name>lmpy.obj</name>
      </input_file>
      <input_file id="fl-31">
         <path>C:\ti\ccsv5\tools\compiler\c5500_4.4.1\lib\</path>
         <kind>archive</kind>
         <file>rts55x.lib</file>
         <name>lowlev.obj</name>
      </input_file>
      <input_file id="fl-32">
         <path>C:\ti\ccsv5\tools\compiler\c5500_4.4.1\lib\</path>
         <kind>archive</kind>
         <file>rts55x.lib</file>
         <name>ltoa.obj</name>
      </input_file>
      <input_file id="fl-33">
         <path>C:\ti\ccsv5\tools\compiler\c5500_4.4.1\lib\</path>
         <kind>archive</kind>
         <file>rts55x.lib</file>
         <name>memccpy.obj</name>
      </input_file>
      <input_file id="fl-34">
         <path>C:\ti\ccsv5\tools\compiler\c5500_4.4.1\lib\</path>
         <kind>archive</kind>
         <file>rts55x.lib</file>
         <name>memcpy.obj</name>
      </input_file>
      <input_file id="fl-35">
         <path>C:\ti\ccsv5\tools\compiler\c5500_4.4.1\lib\</path>
         <kind>archive</kind>
         <file>rts55x.lib</file>
         <name>mpyd.obj</name>
      </input_file>
      <input_file id="fl-36">
         <path>C:\ti\ccsv5\tools\compiler\c5500_4.4.1\lib\</path>
         <kind>archive</kind>
         <file>rts55x.lib</file>
         <name>negd.obj</name>
      </input_file>
      <input_file id="fl-37">
         <path>C:\ti\ccsv5\tools\compiler\c5500_4.4.1\lib\</path>
         <kind>archive</kind>
         <file>rts55x.lib</file>
         <name>remli.obj</name>
      </input_file>
      <input_file id="fl-38">
         <path>C:\ti\ccsv5\tools\compiler\c5500_4.4.1\lib\</path>
         <kind>archive</kind>
         <file>rts55x.lib</file>
         <name>remul.obj</name>
      </input_file>
      <input_file id="fl-39">
         <path>C:\ti\ccsv5\tools\compiler\c5500_4.4.1\lib\</path>
         <kind>archive</kind>
         <file>rts55x.lib</file>
         <name>subd.obj</name>
      </input_file>
      <input_file id="fl-3a">
         <path>C:\ti\ccsv5\tools\compiler\c5500_4.4.1\lib\</path>
         <kind>archive</kind>
         <file>rts55x.lib</file>
         <name>trgdrv.obj</name>
      </input_file>
      <input_file id="fl-3b">
         <path>C:\ti\ccsv5\tools\compiler\c5500_4.4.1\lib\</path>
         <kind>archive</kind>
         <file>rts55x.lib</file>
         <name>trgmsg.obj</name>
      </input_file>
      <input_file id="fl-3c">
         <path>C:\ti\ccsv5\tools\compiler\c5500_4.4.1\lib\</path>
         <kind>archive</kind>
         <file>rts55x.lib</file>
         <name>udiv.obj</name>
      </input_file>
      <input_file id="fl-3d">
         <path>C:\ti\ccsv5\tools\compiler\c5500_4.4.1\lib\</path>
         <kind>archive</kind>
         <file>rts55x.lib</file>
         <name>_io_perm.obj</name>
      </input_file>
      <input_file id="fl-3e">
         <path>C:\ti\ccsv5\tools\compiler\c5500_4.4.1\lib\</path>
         <kind>archive</kind>
         <file>rts55x.lib</file>
         <name>addd.obj</name>
      </input_file>
      <input_file id="fl-3f">
         <path>C:\ti\ccsv5\tools\compiler\c5500_4.4.1\lib\</path>
         <kind>archive</kind>
         <file>rts55x.lib</file>
         <name>divli.obj</name>
      </input_file>
      <input_file id="fl-40">
         <path>C:\ti\ccsv5\tools\compiler\c5500_4.4.1\lib\</path>
         <kind>archive</kind>
         <file>rts55x.lib</file>
         <name>fflush.obj</name>
      </input_file>
      <input_file id="fl-41">
         <path>C:\ti\ccsv5\tools\compiler\c5500_4.4.1\lib\</path>
         <kind>archive</kind>
         <file>rts55x.lib</file>
         <name>frcmpyd.obj</name>
      </input_file>
      <input_file id="fl-42">
         <path>C:\ti\ccsv5\tools\compiler\c5500_4.4.1\lib\</path>
         <kind>archive</kind>
         <file>rts55x.lib</file>
         <name>fseek.obj</name>
      </input_file>
      <input_file id="fl-43">
         <path>C:\ti\ccsv5\tools\compiler\c5500_4.4.1\lib\</path>
         <kind>archive</kind>
         <file>rts55x.lib</file>
         <name>setvbuf.obj</name>
      </input_file>
      <input_file id="fl-44">
         <path>C:\ti\ccsv5\tools\compiler\c5500_4.4.1\lib\</path>
         <kind>archive</kind>
         <file>rts55x.lib</file>
         <name>fopen.obj</name>
      </input_file>
      <input_file id="fl-45">
         <path>C:\ti\ccsv5\tools\compiler\c5500_4.4.1\lib\</path>
         <kind>archive</kind>
         <file>rts55x.lib</file>
         <name>memory.obj</name>
      </input_file>
      <input_file id="fl-46">
         <path>C:\ti\ccsv5\tools\compiler\c5500_4.4.1\lib\</path>
         <kind>archive</kind>
         <file>rts55x.lib</file>
         <name>fclose.obj</name>
      </input_file>
      <input_file id="fl-47">
         <path>C:\ti\ccsv5\tools\compiler\c5500_4.4.1\lib\</path>
         <kind>archive</kind>
         <file>rts55x.lib</file>
         <name>remove.obj</name>
      </input_file>
      <input_file id="fl-48">
         <path>C:\ti\ccsv5\tools\compiler\c5500_4.4.1\lib\</path>
         <kind>archive</kind>
         <file>55xdspx.lib</file>
         <name>cbrev.obj</name>
      </input_file>
      <input_file id="fl-49">
         <path>C:\ti\ccsv5\tools\compiler\c5500_4.4.1\lib\</path>
         <kind>archive</kind>
         <file>55xdspx.lib</file>
         <name>cifft_scale.obj</name>
      </input_file>
      <input_file id="fl-4a">
         <path>C:\ti\ccsv5\tools\compiler\c5500_4.4.1\lib\</path>
         <kind>archive</kind>
         <file>55xdspx.lib</file>
         <name>twiddle.obj</name>
      </input_file>
      <input_file id="fl-4b">
         <path>C:\ti\ccsv5\tools\compiler\c5500_4.4.1\lib\</path>
         <kind>archive</kind>
         <file>55xdspx.lib</file>
         <name>unpacki.obj</name>
      </input_file>
   </input_file_list>
   <object_component_list>
      <object_component id="oc-33">
         <name>vectors</name>
         <load_address>0x2100</load_address>
         <run_address>0x2100</run_address>
         <size>0x100</size>
         <input_file_ref idref="fl-1d"/>
      </object_component>
      <object_component id="oc-1c">
         <name>.cinit</name>
         <load_address>0x1439e</load_address>
         <run_address>0x1439e</run_address>
         <size>0x100c</size>
         <input_file_ref idref="fl-2"/>
      </object_component>
      <object_component id="oc-8a">
         <name>.cinit</name>
         <load_address>0x153aa</load_address>
         <run_address>0x153aa</run_address>
         <size>0x5a</size>
         <input_file_ref idref="fl-31"/>
      </object_component>
      <object_component id="oc-57">
         <name>.cinit</name>
         <load_address>0x15404</load_address>
         <run_address>0x15404</run_address>
         <size>0x54</size>
         <input_file_ref idref="fl-25"/>
      </object_component>
      <object_component id="oc-3a">
         <name>.cinit</name>
         <load_address>0x15458</load_address>
         <run_address>0x15458</run_address>
         <size>0x14</size>
         <input_file_ref idref="fl-1e"/>
      </object_component>
      <object_component id="oc-2a">
         <name>.cinit</name>
         <load_address>0x1546c</load_address>
         <run_address>0x1546c</run_address>
         <size>0x14</size>
         <input_file_ref idref="fl-1b"/>
      </object_component>
      <object_component id="oc-db">
         <name>.cinit</name>
         <load_address>0x15480</load_address>
         <run_address>0x15480</run_address>
         <size>0x8</size>
         <input_file_ref idref="fl-44"/>
      </object_component>
      <object_component id="oc-e1">
         <name>.cinit</name>
         <load_address>0x15488</load_address>
         <run_address>0x15488</run_address>
         <size>0x8</size>
         <input_file_ref idref="fl-45"/>
      </object_component>
      <object_component id="oc-3d">
         <name>.text</name>
         <load_address>0x10000</load_address>
         <run_address>0x10000</run_address>
         <size>0x15a4</size>
         <input_file_ref idref="fl-1f"/>
      </object_component>
      <object_component id="oc-87">
         <name>.text</name>
         <load_address>0x115a4</load_address>
         <run_address>0x115a4</run_address>
         <size>0x543</size>
         <input_file_ref idref="fl-31"/>
      </object_component>
      <object_component id="oc-ad">
         <name>.text</name>
         <load_address>0x11ae7</load_address>
         <run_address>0x11ae7</run_address>
         <size>0x528</size>
         <input_file_ref idref="fl-3a"/>
      </object_component>
      <object_component id="oc-de">
         <name>.text</name>
         <load_address>0x1200f</load_address>
         <run_address>0x1200f</run_address>
         <size>0x4b5</size>
         <input_file_ref idref="fl-45"/>
      </object_component>
      <object_component id="oc-59">
         <name>.text</name>
         <load_address>0x124c4</load_address>
         <run_address>0x124c4</run_address>
         <size>0x3cc</size>
         <input_file_ref idref="fl-26"/>
      </object_component>
      <object_component id="oc-d8">
         <name>.text</name>
         <load_address>0x12890</load_address>
         <run_address>0x12890</run_address>
         <size>0x27f</size>
         <input_file_ref idref="fl-44"/>
      </object_component>
      <object_component id="oc-7f">
         <name>.text</name>
         <load_address>0x12b0f</load_address>
         <run_address>0x12b0f</run_address>
         <size>0x25e</size>
         <input_file_ref idref="fl-2f"/>
      </object_component>
      <object_component id="oc-c0">
         <name>.text</name>
         <load_address>0x12d6d</load_address>
         <run_address>0x12d6d</run_address>
         <size>0x25a</size>
         <input_file_ref idref="fl-3e"/>
      </object_component>
      <object_component id="oc-f1">
         <name>.text</name>
         <load_address>0x12fc7</load_address>
         <run_address>0x12fc7</run_address>
         <size>0x1ee</size>
         <input_file_ref idref="fl-49"/>
      </object_component>
      <object_component id="oc-4f">
         <name>.text</name>
         <load_address>0x131b5</load_address>
         <run_address>0x131b5</run_address>
         <size>0x1ea</size>
         <input_file_ref idref="fl-23"/>
      </object_component>
      <object_component id="oc-72">
         <name>.text</name>
         <load_address>0x1339f</load_address>
         <run_address>0x1339f</run_address>
         <size>0x163</size>
         <input_file_ref idref="fl-2c"/>
      </object_component>
      <object_component id="oc-99">
         <name>.text</name>
         <load_address>0x13502</load_address>
         <run_address>0x13502</run_address>
         <size>0x14c</size>
         <input_file_ref idref="fl-35"/>
      </object_component>
      <object_component id="oc-d4">
         <name>.text</name>
         <load_address>0x1364e</load_address>
         <run_address>0x1364e</run_address>
         <size>0xe6</size>
         <input_file_ref idref="fl-43"/>
      </object_component>
      <object_component id="oc-ed">
         <name>.text:cbrev</name>
         <load_address>0x13734</load_address>
         <run_address>0x13734</run_address>
         <size>0xde</size>
         <input_file_ref idref="fl-48"/>
      </object_component>
      <object_component id="oc-bc">
         <name>.text</name>
         <load_address>0x13812</load_address>
         <run_address>0x13812</run_address>
         <size>0xdd</size>
         <input_file_ref idref="fl-3d"/>
      </object_component>
      <object_component id="oc-c8">
         <name>.text</name>
         <load_address>0x138ef</load_address>
         <run_address>0x138ef</run_address>
         <size>0xc2</size>
         <input_file_ref idref="fl-40"/>
      </object_component>
      <object_component id="oc-b5">
         <name>.text:CIO_breakpoint</name>
         <load_address>0x139b1</load_address>
         <run_address>0x139b1</run_address>
         <size>0xba</size>
         <input_file_ref idref="fl-3b"/>
      </object_component>
      <object_component id="oc-6e">
         <name>.text</name>
         <load_address>0x13a6b</load_address>
         <run_address>0x13a6b</run_address>
         <size>0xa6</size>
         <input_file_ref idref="fl-2b"/>
      </object_component>
      <object_component id="oc-5d">
         <name>.text</name>
         <load_address>0x13b11</load_address>
         <run_address>0x13b11</run_address>
         <size>0xa1</size>
         <input_file_ref idref="fl-27"/>
      </object_component>
      <object_component id="oc-8d">
         <name>.text</name>
         <load_address>0x13bb2</load_address>
         <run_address>0x13bb2</run_address>
         <size>0x7d</size>
         <input_file_ref idref="fl-32"/>
      </object_component>
      <object_component id="oc-e5">
         <name>.text</name>
         <load_address>0x13c2f</load_address>
         <run_address>0x13c2f</run_address>
         <size>0x7b</size>
         <input_file_ref idref="fl-46"/>
      </object_component>
      <object_component id="oc-cc">
         <name>.text</name>
         <load_address>0x13caa</load_address>
         <run_address>0x13caa</run_address>
         <size>0x76</size>
         <input_file_ref idref="fl-41"/>
      </object_component>
      <object_component id="oc-19">
         <name>.text</name>
         <load_address>0x13d20</load_address>
         <run_address>0x13d20</run_address>
         <size>0x74</size>
         <input_file_ref idref="fl-2"/>
      </object_component>
      <object_component id="oc-77">
         <name>.text</name>
         <load_address>0x13d94</load_address>
         <run_address>0x13d94</run_address>
         <size>0x73</size>
         <input_file_ref idref="fl-2d"/>
      </object_component>
      <object_component id="oc-a5">
         <name>.text</name>
         <load_address>0x13e07</load_address>
         <run_address>0x13e07</run_address>
         <size>0x72</size>
         <input_file_ref idref="fl-38"/>
      </object_component>
      <object_component id="oc-65">
         <name>.text</name>
         <load_address>0x13e79</load_address>
         <run_address>0x13e79</run_address>
         <size>0x6f</size>
         <input_file_ref idref="fl-29"/>
      </object_component>
      <object_component id="oc-b2">
         <name>.text</name>
         <load_address>0x13ee8</load_address>
         <run_address>0x13ee8</run_address>
         <size>0x6d</size>
         <input_file_ref idref="fl-3b"/>
      </object_component>
      <object_component id="oc-d0">
         <name>.text</name>
         <load_address>0x13f55</load_address>
         <run_address>0x13f55</run_address>
         <size>0x6b</size>
         <input_file_ref idref="fl-42"/>
      </object_component>
      <object_component id="oc-69">
         <name>.text</name>
         <load_address>0x13fc0</load_address>
         <run_address>0x13fc0</run_address>
         <size>0x67</size>
         <input_file_ref idref="fl-2a"/>
      </object_component>
      <object_component id="oc-47">
         <name>.text</name>
         <load_address>0x14027</load_address>
         <run_address>0x14027</run_address>
         <size>0x5c</size>
         <input_file_ref idref="fl-21"/>
      </object_component>
      <object_component id="oc-2e">
         <name>.text</name>
         <load_address>0x14083</load_address>
         <run_address>0x14083</run_address>
         <size>0x50</size>
         <input_file_ref idref="fl-1c"/>
      </object_component>
      <object_component id="oc-4b">
         <name>.text</name>
         <load_address>0x140d3</load_address>
         <run_address>0x140d3</run_address>
         <size>0x4d</size>
         <input_file_ref idref="fl-22"/>
      </object_component>
      <object_component id="oc-43">
         <name>.text</name>
         <load_address>0x14120</load_address>
         <run_address>0x14120</run_address>
         <size>0x4b</size>
         <input_file_ref idref="fl-20"/>
      </object_component>
      <object_component id="oc-a1">
         <name>.text</name>
         <load_address>0x1416b</load_address>
         <run_address>0x1416b</run_address>
         <size>0x4b</size>
         <input_file_ref idref="fl-37"/>
      </object_component>
      <object_component id="oc-c4">
         <name>.text</name>
         <load_address>0x141b6</load_address>
         <run_address>0x141b6</run_address>
         <size>0x48</size>
         <input_file_ref idref="fl-3f"/>
      </object_component>
      <object_component id="oc-95">
         <name>.text</name>
         <load_address>0x141fe</load_address>
         <run_address>0x141fe</run_address>
         <size>0x3f</size>
         <input_file_ref idref="fl-34"/>
      </object_component>
      <object_component id="oc-27">
         <name>.text</name>
         <load_address>0x1423d</load_address>
         <run_address>0x1423d</run_address>
         <size>0x3e</size>
         <input_file_ref idref="fl-1b"/>
      </object_component>
      <object_component id="oc-18">
         <name>.text</name>
         <load_address>0x1427b</load_address>
         <run_address>0x1427b</run_address>
         <size>0x34</size>
         <input_file_ref idref="fl-1a"/>
      </object_component>
      <object_component id="oc-61">
         <name>.text</name>
         <load_address>0x142af</load_address>
         <run_address>0x142af</run_address>
         <size>0x2a</size>
         <input_file_ref idref="fl-28"/>
      </object_component>
      <object_component id="oc-b8">
         <name>.text</name>
         <load_address>0x142d9</load_address>
         <run_address>0x142d9</run_address>
         <size>0x2a</size>
         <input_file_ref idref="fl-3c"/>
      </object_component>
      <object_component id="oc-91">
         <name>.text</name>
         <load_address>0x14303</load_address>
         <run_address>0x14303</run_address>
         <size>0x23</size>
         <input_file_ref idref="fl-33"/>
      </object_component>
      <object_component id="oc-7b">
         <name>.text</name>
         <load_address>0x14326</load_address>
         <run_address>0x14326</run_address>
         <size>0x1a</size>
         <input_file_ref idref="fl-2e"/>
      </object_component>
      <object_component id="oc-a9">
         <name>.text</name>
         <load_address>0x14340</load_address>
         <run_address>0x14340</run_address>
         <size>0x14</size>
         <input_file_ref idref="fl-39"/>
      </object_component>
      <object_component id="oc-83">
         <name>.text</name>
         <load_address>0x14354</load_address>
         <run_address>0x14354</run_address>
         <size>0x13</size>
         <input_file_ref idref="fl-30"/>
      </object_component>
      <object_component id="oc-37">
         <name>.text</name>
         <load_address>0x14367</load_address>
         <run_address>0x14367</run_address>
         <size>0x12</size>
         <input_file_ref idref="fl-1e"/>
      </object_component>
      <object_component id="oc-9d">
         <name>.text</name>
         <load_address>0x14379</load_address>
         <run_address>0x14379</run_address>
         <size>0x10</size>
         <input_file_ref idref="fl-36"/>
      </object_component>
      <object_component id="oc-e9">
         <name>.text</name>
         <load_address>0x14389</load_address>
         <run_address>0x14389</run_address>
         <size>0xa</size>
         <input_file_ref idref="fl-47"/>
      </object_component>
      <object_component id="oc-2b">
         <name>.text:CIO_breakpoint</name>
         <load_address>0x14393</load_address>
         <run_address>0x14393</run_address>
         <size>0x7</size>
         <input_file_ref idref="fl-1b"/>
      </object_component>
      <object_component id="oc-32">
         <name>.text</name>
         <load_address>0x1439a</load_address>
         <run_address>0x1439a</run_address>
         <size>0x2</size>
         <input_file_ref idref="fl-1d"/>
      </object_component>
      <object_component id="oc-23">
         <name>.stack</name>
         <uninitialized>true</uninitialized>
         <run_address>0x100</run_address>
         <size>0x0</size>
         <input_file_ref idref="fl-1a"/>
      </object_component>
      <object_component id="oc-11d">
         <name>.stack</name>
         <uninitialized>true</uninitialized>
         <run_address>0x100</run_address>
         <size>0x0</size>
      </object_component>
      <object_component id="oc-fb">
         <name>.sysstack</name>
         <uninitialized>true</uninitialized>
         <run_address>0x1100</run_address>
         <size>0x0</size>
         <input_file_ref idref="fl-1a"/>
      </object_component>
      <object_component id="oc-11f">
         <name>.sysstack</name>
         <uninitialized>true</uninitialized>
         <run_address>0x1100</run_address>
         <size>0x0</size>
      </object_component>
      <object_component id="oc-e2">
         <name>.sysmem</name>
         <uninitialized>true</uninitialized>
         <run_address>0x4000</run_address>
         <size>0x0</size>
         <input_file_ref idref="fl-45"/>
      </object_component>
      <object_component id="oc-11e">
         <name>.sysmem</name>
         <uninitialized>true</uninitialized>
         <run_address>0x4000</run_address>
         <size>0x0</size>
      </object_component>
      <object_component id="oc-f6">
         <name>.data:twiddle</name>
         <load_address>0x24000</load_address>
         <run_address>0x24000</run_address>
         <size>0x800</size>
         <input_file_ref idref="fl-4a"/>
      </object_component>
      <object_component id="oc-1a">
         <name>.bss</name>
         <uninitialized>true</uninitialized>
         <run_address>0x283d2</run_address>
         <size>0x2</size>
         <input_file_ref idref="fl-2"/>
      </object_component>
      <object_component id="oc-28">
         <name>.bss</name>
         <uninitialized>true</uninitialized>
         <run_address>0x284d4</run_address>
         <size>0x8</size>
         <input_file_ref idref="fl-1b"/>
      </object_component>
      <object_component id="oc-38">
         <name>.bss</name>
         <uninitialized>true</uninitialized>
         <run_address>0x284cc</run_address>
         <size>0x8</size>
         <input_file_ref idref="fl-1e"/>
      </object_component>
      <object_component id="oc-55">
         <name>.bss</name>
         <uninitialized>true</uninitialized>
         <run_address>0x28000</run_address>
         <size>0x232</size>
         <input_file_ref idref="fl-25"/>
      </object_component>
      <object_component id="oc-88">
         <name>.bss</name>
         <uninitialized>true</uninitialized>
         <run_address>0x283d4</run_address>
         <size>0xe2</size>
         <input_file_ref idref="fl-31"/>
      </object_component>
      <object_component id="oc-ae">
         <name>.bss</name>
         <uninitialized>true</uninitialized>
         <run_address>0x28232</run_address>
         <size>0x1a0</size>
         <input_file_ref idref="fl-3a"/>
      </object_component>
      <object_component id="oc-d9">
         <name>.bss</name>
         <uninitialized>true</uninitialized>
         <run_address>0x284b6</run_address>
         <size>0x2</size>
         <input_file_ref idref="fl-44"/>
      </object_component>
      <object_component id="oc-df">
         <name>.bss</name>
         <uninitialized>true</uninitialized>
         <run_address>0x284b8</run_address>
         <size>0xc</size>
         <input_file_ref idref="fl-45"/>
      </object_component>
      <object_component id="oc-f2">
         <name>.bss</name>
         <uninitialized>true</uninitialized>
         <run_address>0x284c4</run_address>
         <size>0x8</size>
         <input_file_ref idref="fl-49"/>
      </object_component>
      <object_component id="oc-fc">
         <name>.const:__ctypes_</name>
         <load_address>0x5000</load_address>
         <run_address>0x5000</run_address>
         <size>0x202</size>
         <input_file_ref idref="fl-24"/>
      </object_component>
      <object_component id="oc-40">
         <name>.const:.string</name>
         <load_address>0x5204</load_address>
         <run_address>0x5204</run_address>
         <size>0x48</size>
         <input_file_ref idref="fl-1f"/>
      </object_component>
      <object_component id="oc-1f">
         <name>.const:.string</name>
         <load_address>0x524c</load_address>
         <run_address>0x524c</run_address>
         <size>0x1e</size>
         <input_file_ref idref="fl-2"/>
      </object_component>
      <object_component id="oc-3f">
         <name>.const</name>
         <load_address>0x526c</load_address>
         <run_address>0x526c</run_address>
         <size>0x18</size>
         <input_file_ref idref="fl-1f"/>
      </object_component>
      <object_component id="oc-fd">
         <name>.const:_initial_approx$1</name>
         <load_address>0x5284</load_address>
         <run_address>0x5284</run_address>
         <size>0x10</size>
         <input_file_ref idref="fl-26"/>
      </object_component>
      <object_component id="oc-74">
         <name>.const:.string</name>
         <load_address>0x5294</load_address>
         <run_address>0x5294</run_address>
         <size>0x4</size>
         <input_file_ref idref="fl-2c"/>
      </object_component>
      <object_component id="oc-6b">
         <name>.const</name>
         <load_address>0x5298</load_address>
         <run_address>0x5298</run_address>
         <size>0x4</size>
         <input_file_ref idref="fl-2a"/>
      </object_component>
      <object_component id="oc-b4">
         <name>.cio</name>
         <uninitialized>true</uninitialized>
         <run_address>0x8800</run_address>
         <size>0x240</size>
         <input_file_ref idref="fl-3b"/>
      </object_component>
      <object_component id="oc-f7">
         <name>.fftcode</name>
         <load_address>0x18000</load_address>
         <run_address>0x18000</run_address>
         <size>0xb2</size>
         <input_file_ref idref="fl-4b"/>
      </object_component>
      <object_component id="oc-1e">
         <name>.test</name>
         <uninitialized>true</uninitialized>
         <run_address>0x8000</run_address>
         <size>0x800</size>
         <input_file_ref idref="fl-2"/>
      </object_component>
      <object_component id="oc-1d">
         <name>.input</name>
         <uninitialized>true</uninitialized>
         <run_address>0xc000</run_address>
         <size>0x800</size>
         <input_file_ref idref="fl-2"/>
      </object_component>
      <object_component id="oc-1b">
         <name>.debug_info</name>
         <load_address>0x0</load_address>
         <run_address>0x0</run_address>
         <size>0x697</size>
         <input_file_ref idref="fl-2"/>
      </object_component>
      <object_component id="oc-24">
         <name>.debug_info</name>
         <load_address>0x697</load_address>
         <run_address>0x697</run_address>
         <size>0xe8</size>
         <input_file_ref idref="fl-1a"/>
      </object_component>
      <object_component id="oc-29">
         <name>.debug_info</name>
         <load_address>0x77f</load_address>
         <run_address>0x77f</run_address>
         <size>0x5fb</size>
         <input_file_ref idref="fl-1b"/>
      </object_component>
      <object_component id="oc-2f">
         <name>.debug_info</name>
         <load_address>0xd7a</load_address>
         <run_address>0xd7a</run_address>
         <size>0x76c</size>
         <input_file_ref idref="fl-1c"/>
      </object_component>
      <object_component id="oc-34">
         <name>.debug_info</name>
         <load_address>0x14e6</load_address>
         <run_address>0x14e6</run_address>
         <size>0xbc</size>
         <input_file_ref idref="fl-1d"/>
      </object_component>
      <object_component id="oc-39">
         <name>.debug_info</name>
         <load_address>0x15a2</load_address>
         <run_address>0x15a2</run_address>
         <size>0x5bc</size>
         <input_file_ref idref="fl-1e"/>
      </object_component>
      <object_component id="oc-3e">
         <name>.debug_info</name>
         <load_address>0x1b5e</load_address>
         <run_address>0x1b5e</run_address>
         <size>0x27bd</size>
         <input_file_ref idref="fl-1f"/>
      </object_component>
      <object_component id="oc-44">
         <name>.debug_info</name>
         <load_address>0x431b</load_address>
         <run_address>0x431b</run_address>
         <size>0x586</size>
         <input_file_ref idref="fl-20"/>
      </object_component>
      <object_component id="oc-48">
         <name>.debug_info</name>
         <load_address>0x48a1</load_address>
         <run_address>0x48a1</run_address>
         <size>0x5a4</size>
         <input_file_ref idref="fl-21"/>
      </object_component>
      <object_component id="oc-4c">
         <name>.debug_info</name>
         <load_address>0x4e45</load_address>
         <run_address>0x4e45</run_address>
         <size>0xcd</size>
         <input_file_ref idref="fl-22"/>
      </object_component>
      <object_component id="oc-50">
         <name>.debug_info</name>
         <load_address>0x4f12</load_address>
         <run_address>0x4f12</run_address>
         <size>0x81f</size>
         <input_file_ref idref="fl-23"/>
      </object_component>
      <object_component id="oc-53">
         <name>.debug_info</name>
         <load_address>0x5731</load_address>
         <run_address>0x5731</run_address>
         <size>0x498</size>
         <input_file_ref idref="fl-24"/>
      </object_component>
      <object_component id="oc-56">
         <name>.debug_info</name>
         <load_address>0x5bc9</load_address>
         <run_address>0x5bc9</run_address>
         <size>0x57e</size>
         <input_file_ref idref="fl-25"/>
      </object_component>
      <object_component id="oc-5a">
         <name>.debug_info</name>
         <load_address>0x6147</load_address>
         <run_address>0x6147</run_address>
         <size>0x7e8</size>
         <input_file_ref idref="fl-26"/>
      </object_component>
      <object_component id="oc-5e">
         <name>.debug_info</name>
         <load_address>0x692f</load_address>
         <run_address>0x692f</run_address>
         <size>0x534</size>
         <input_file_ref idref="fl-27"/>
      </object_component>
      <object_component id="oc-62">
         <name>.debug_info</name>
         <load_address>0x6e63</load_address>
         <run_address>0x6e63</run_address>
         <size>0x4cf</size>
         <input_file_ref idref="fl-28"/>
      </object_component>
      <object_component id="oc-66">
         <name>.debug_info</name>
         <load_address>0x7332</load_address>
         <run_address>0x7332</run_address>
         <size>0x534</size>
         <input_file_ref idref="fl-29"/>
      </object_component>
      <object_component id="oc-6a">
         <name>.debug_info</name>
         <load_address>0x7866</load_address>
         <run_address>0x7866</run_address>
         <size>0x549</size>
         <input_file_ref idref="fl-2a"/>
      </object_component>
      <object_component id="oc-6f">
         <name>.debug_info</name>
         <load_address>0x7daf</load_address>
         <run_address>0x7daf</run_address>
         <size>0x6aa</size>
         <input_file_ref idref="fl-2b"/>
      </object_component>
      <object_component id="oc-73">
         <name>.debug_info</name>
         <load_address>0x8459</load_address>
         <run_address>0x8459</run_address>
         <size>0x942</size>
         <input_file_ref idref="fl-2c"/>
      </object_component>
      <object_component id="oc-78">
         <name>.debug_info</name>
         <load_address>0x8d9b</load_address>
         <run_address>0x8d9b</run_address>
         <size>0x53e</size>
         <input_file_ref idref="fl-2d"/>
      </object_component>
      <object_component id="oc-7c">
         <name>.debug_info</name>
         <load_address>0x92d9</load_address>
         <run_address>0x92d9</run_address>
         <size>0x680</size>
         <input_file_ref idref="fl-2e"/>
      </object_component>
      <object_component id="oc-80">
         <name>.debug_info</name>
         <load_address>0x9959</load_address>
         <run_address>0x9959</run_address>
         <size>0x7d4</size>
         <input_file_ref idref="fl-2f"/>
      </object_component>
      <object_component id="oc-84">
         <name>.debug_info</name>
         <load_address>0xa12d</load_address>
         <run_address>0xa12d</run_address>
         <size>0xbd</size>
         <input_file_ref idref="fl-30"/>
      </object_component>
      <object_component id="oc-89">
         <name>.debug_info</name>
         <load_address>0xa1ea</load_address>
         <run_address>0xa1ea</run_address>
         <size>0x144b</size>
         <input_file_ref idref="fl-31"/>
      </object_component>
      <object_component id="oc-8e">
         <name>.debug_info</name>
         <load_address>0xb635</load_address>
         <run_address>0xb635</run_address>
         <size>0x5ad</size>
         <input_file_ref idref="fl-32"/>
      </object_component>
      <object_component id="oc-92">
         <name>.debug_info</name>
         <load_address>0xbbe2</load_address>
         <run_address>0xbbe2</run_address>
         <size>0x574</size>
         <input_file_ref idref="fl-33"/>
      </object_component>
      <object_component id="oc-96">
         <name>.debug_info</name>
         <load_address>0xc156</load_address>
         <run_address>0xc156</run_address>
         <size>0xd1</size>
         <input_file_ref idref="fl-34"/>
      </object_component>
      <object_component id="oc-9a">
         <name>.debug_info</name>
         <load_address>0xc227</load_address>
         <run_address>0xc227</run_address>
         <size>0x55b</size>
         <input_file_ref idref="fl-35"/>
      </object_component>
      <object_component id="oc-9e">
         <name>.debug_info</name>
         <load_address>0xc782</load_address>
         <run_address>0xc782</run_address>
         <size>0x4b7</size>
         <input_file_ref idref="fl-36"/>
      </object_component>
      <object_component id="oc-a2">
         <name>.debug_info</name>
         <load_address>0xcc39</load_address>
         <run_address>0xcc39</run_address>
         <size>0x4f2</size>
         <input_file_ref idref="fl-37"/>
      </object_component>
      <object_component id="oc-a6">
         <name>.debug_info</name>
         <load_address>0xd12b</load_address>
         <run_address>0xd12b</run_address>
         <size>0x534</size>
         <input_file_ref idref="fl-38"/>
      </object_component>
      <object_component id="oc-aa">
         <name>.debug_info</name>
         <load_address>0xd65f</load_address>
         <run_address>0xd65f</run_address>
         <size>0x4de</size>
         <input_file_ref idref="fl-39"/>
      </object_component>
      <object_component id="oc-af">
         <name>.debug_info</name>
         <load_address>0xdb3d</load_address>
         <run_address>0xdb3d</run_address>
         <size>0xed4</size>
         <input_file_ref idref="fl-3a"/>
      </object_component>
      <object_component id="oc-b3">
         <name>.debug_info</name>
         <load_address>0xea11</load_address>
         <run_address>0xea11</run_address>
         <size>0x744</size>
         <input_file_ref idref="fl-3b"/>
      </object_component>
      <object_component id="oc-b9">
         <name>.debug_info</name>
         <load_address>0xf155</load_address>
         <run_address>0xf155</run_address>
         <size>0xef</size>
         <input_file_ref idref="fl-3c"/>
      </object_component>
      <object_component id="oc-bd">
         <name>.debug_info</name>
         <load_address>0xf244</load_address>
         <run_address>0xf244</run_address>
         <size>0x662</size>
         <input_file_ref idref="fl-3d"/>
      </object_component>
      <object_component id="oc-c1">
         <name>.debug_info</name>
         <load_address>0xf8a6</load_address>
         <run_address>0xf8a6</run_address>
         <size>0x5ab</size>
         <input_file_ref idref="fl-3e"/>
      </object_component>
      <object_component id="oc-c5">
         <name>.debug_info</name>
         <load_address>0xfe51</load_address>
         <run_address>0xfe51</run_address>
         <size>0x4f2</size>
         <input_file_ref idref="fl-3f"/>
      </object_component>
      <object_component id="oc-c9">
         <name>.debug_info</name>
         <load_address>0x10343</load_address>
         <run_address>0x10343</run_address>
         <size>0x706</size>
         <input_file_ref idref="fl-40"/>
      </object_component>
      <object_component id="oc-cd">
         <name>.debug_info</name>
         <load_address>0x10a49</load_address>
         <run_address>0x10a49</run_address>
         <size>0x4d2</size>
         <input_file_ref idref="fl-41"/>
      </object_component>
      <object_component id="oc-d1">
         <name>.debug_info</name>
         <load_address>0x10f1b</load_address>
         <run_address>0x10f1b</run_address>
         <size>0x5f7</size>
         <input_file_ref idref="fl-42"/>
      </object_component>
      <object_component id="oc-d5">
         <name>.debug_info</name>
         <load_address>0x11512</load_address>
         <run_address>0x11512</run_address>
         <size>0x64a</size>
         <input_file_ref idref="fl-43"/>
      </object_component>
      <object_component id="oc-da">
         <name>.debug_info</name>
         <load_address>0x11b5c</load_address>
         <run_address>0x11b5c</run_address>
         <size>0xa1c</size>
         <input_file_ref idref="fl-44"/>
      </object_component>
      <object_component id="oc-e0">
         <name>.debug_info</name>
         <load_address>0x12578</load_address>
         <run_address>0x12578</run_address>
         <size>0xb97</size>
         <input_file_ref idref="fl-45"/>
      </object_component>
      <object_component id="oc-e6">
         <name>.debug_info</name>
         <load_address>0x1310f</load_address>
         <run_address>0x1310f</run_address>
         <size>0x64f</size>
         <input_file_ref idref="fl-46"/>
      </object_component>
      <object_component id="oc-ea">
         <name>.debug_info</name>
         <load_address>0x1375e</load_address>
         <run_address>0x1375e</run_address>
         <size>0x510</size>
         <input_file_ref idref="fl-47"/>
      </object_component>
      <object_component id="oc-ee">
         <name>.debug_info</name>
         <load_address>0x13c6e</load_address>
         <run_address>0x13c6e</run_address>
         <size>0x10a</size>
         <input_file_ref idref="fl-48"/>
      </object_component>
      <object_component id="oc-f3">
         <name>.debug_info</name>
         <load_address>0x13d78</load_address>
         <run_address>0x13d78</run_address>
         <size>0x116</size>
         <input_file_ref idref="fl-49"/>
      </object_component>
      <object_component id="oc-f8">
         <name>.debug_info</name>
         <load_address>0x13e8e</load_address>
         <run_address>0x13e8e</run_address>
         <size>0x10e</size>
         <input_file_ref idref="fl-4b"/>
      </object_component>
      <object_component id="oc-122">
         <name>.debug_info</name>
         <load_address>0x13f9c</load_address>
         <run_address>0x13f9c</run_address>
         <size>0x6e</size>
      </object_component>
      <object_component id="oc-20">
         <name>.debug_frame</name>
         <load_address>0x0</load_address>
         <run_address>0x0</run_address>
         <size>0xe4</size>
         <input_file_ref idref="fl-2"/>
      </object_component>
      <object_component id="oc-21">
         <name>.debug_line</name>
         <load_address>0x0</load_address>
         <run_address>0x0</run_address>
         <size>0x55</size>
         <input_file_ref idref="fl-2"/>
      </object_component>
      <object_component id="oc-25">
         <name>.debug_line</name>
         <load_address>0x55</load_address>
         <run_address>0x55</run_address>
         <size>0x54</size>
         <input_file_ref idref="fl-1a"/>
      </object_component>
      <object_component id="oc-2c">
         <name>.debug_line</name>
         <load_address>0xa9</load_address>
         <run_address>0xa9</run_address>
         <size>0x51</size>
         <input_file_ref idref="fl-1b"/>
      </object_component>
      <object_component id="oc-30">
         <name>.debug_line</name>
         <load_address>0xfa</load_address>
         <run_address>0xfa</run_address>
         <size>0x69</size>
         <input_file_ref idref="fl-1c"/>
      </object_component>
      <object_component id="oc-35">
         <name>.debug_line</name>
         <load_address>0x163</load_address>
         <run_address>0x163</run_address>
         <size>0x37</size>
         <input_file_ref idref="fl-1d"/>
      </object_component>
      <object_component id="oc-3b">
         <name>.debug_line</name>
         <load_address>0x19a</load_address>
         <run_address>0x19a</run_address>
         <size>0x57</size>
         <input_file_ref idref="fl-1e"/>
      </object_component>
      <object_component id="oc-41">
         <name>.debug_line</name>
         <load_address>0x1f1</load_address>
         <run_address>0x1f1</run_address>
         <size>0x328</size>
         <input_file_ref idref="fl-1f"/>
      </object_component>
      <object_component id="oc-45">
         <name>.debug_line</name>
         <load_address>0x519</load_address>
         <run_address>0x519</run_address>
         <size>0x41</size>
         <input_file_ref idref="fl-20"/>
      </object_component>
      <object_component id="oc-49">
         <name>.debug_line</name>
         <load_address>0x55a</load_address>
         <run_address>0x55a</run_address>
         <size>0x46</size>
         <input_file_ref idref="fl-21"/>
      </object_component>
      <object_component id="oc-4d">
         <name>.debug_line</name>
         <load_address>0x5a0</load_address>
         <run_address>0x5a0</run_address>
         <size>0x55</size>
         <input_file_ref idref="fl-22"/>
      </object_component>
      <object_component id="oc-51">
         <name>.debug_line</name>
         <load_address>0x5f5</load_address>
         <run_address>0x5f5</run_address>
         <size>0xad</size>
         <input_file_ref idref="fl-23"/>
      </object_component>
      <object_component id="oc-5b">
         <name>.debug_line</name>
         <load_address>0x6a2</load_address>
         <run_address>0x6a2</run_address>
         <size>0x5b</size>
         <input_file_ref idref="fl-26"/>
      </object_component>
      <object_component id="oc-5f">
         <name>.debug_line</name>
         <load_address>0x6fd</load_address>
         <run_address>0x6fd</run_address>
         <size>0x44</size>
         <input_file_ref idref="fl-27"/>
      </object_component>
      <object_component id="oc-63">
         <name>.debug_line</name>
         <load_address>0x741</load_address>
         <run_address>0x741</run_address>
         <size>0x3d</size>
         <input_file_ref idref="fl-28"/>
      </object_component>
      <object_component id="oc-67">
         <name>.debug_line</name>
         <load_address>0x77e</load_address>
         <run_address>0x77e</run_address>
         <size>0x3d</size>
         <input_file_ref idref="fl-29"/>
      </object_component>
      <object_component id="oc-6c">
         <name>.debug_line</name>
         <load_address>0x7bb</load_address>
         <run_address>0x7bb</run_address>
         <size>0x44</size>
         <input_file_ref idref="fl-2a"/>
      </object_component>
      <object_component id="oc-70">
         <name>.debug_line</name>
         <load_address>0x7ff</load_address>
         <run_address>0x7ff</run_address>
         <size>0x56</size>
         <input_file_ref idref="fl-2b"/>
      </object_component>
      <object_component id="oc-75">
         <name>.debug_line</name>
         <load_address>0x855</load_address>
         <run_address>0x855</run_address>
         <size>0xa8</size>
         <input_file_ref idref="fl-2c"/>
      </object_component>
      <object_component id="oc-79">
         <name>.debug_line</name>
         <load_address>0x8fd</load_address>
         <run_address>0x8fd</run_address>
         <size>0x40</size>
         <input_file_ref idref="fl-2d"/>
      </object_component>
      <object_component id="oc-7d">
         <name>.debug_line</name>
         <load_address>0x93d</load_address>
         <run_address>0x93d</run_address>
         <size>0x38</size>
         <input_file_ref idref="fl-2e"/>
      </object_component>
      <object_component id="oc-81">
         <name>.debug_line</name>
         <load_address>0x975</load_address>
         <run_address>0x975</run_address>
         <size>0xa8</size>
         <input_file_ref idref="fl-2f"/>
      </object_component>
      <object_component id="oc-85">
         <name>.debug_line</name>
         <load_address>0xa1d</load_address>
         <run_address>0xa1d</run_address>
         <size>0x3c</size>
         <input_file_ref idref="fl-30"/>
      </object_component>
      <object_component id="oc-8b">
         <name>.debug_line</name>
         <load_address>0xa59</load_address>
         <run_address>0xa59</run_address>
         <size>0x1b0</size>
         <input_file_ref idref="fl-31"/>
      </object_component>
      <object_component id="oc-8f">
         <name>.debug_line</name>
         <load_address>0xc09</load_address>
         <run_address>0xc09</run_address>
         <size>0x40</size>
         <input_file_ref idref="fl-32"/>
      </object_component>
      <object_component id="oc-93">
         <name>.debug_line</name>
         <load_address>0xc49</load_address>
         <run_address>0xc49</run_address>
         <size>0x3c</size>
         <input_file_ref idref="fl-33"/>
      </object_component>
      <object_component id="oc-97">
         <name>.debug_line</name>
         <load_address>0xc85</load_address>
         <run_address>0xc85</run_address>
         <size>0x4d</size>
         <input_file_ref idref="fl-34"/>
      </object_component>
      <object_component id="oc-9b">
         <name>.debug_line</name>
         <load_address>0xcd2</load_address>
         <run_address>0xcd2</run_address>
         <size>0x3c</size>
         <input_file_ref idref="fl-35"/>
      </object_component>
      <object_component id="oc-9f">
         <name>.debug_line</name>
         <load_address>0xd0e</load_address>
         <run_address>0xd0e</run_address>
         <size>0x37</size>
         <input_file_ref idref="fl-36"/>
      </object_component>
      <object_component id="oc-a3">
         <name>.debug_line</name>
         <load_address>0xd45</load_address>
         <run_address>0xd45</run_address>
         <size>0x3c</size>
         <input_file_ref idref="fl-37"/>
      </object_component>
      <object_component id="oc-a7">
         <name>.debug_line</name>
         <load_address>0xd81</load_address>
         <run_address>0xd81</run_address>
         <size>0x44</size>
         <input_file_ref idref="fl-38"/>
      </object_component>
      <object_component id="oc-ab">
         <name>.debug_line</name>
         <load_address>0xdc5</load_address>
         <run_address>0xdc5</run_address>
         <size>0x37</size>
         <input_file_ref idref="fl-39"/>
      </object_component>
      <object_component id="oc-b0">
         <name>.debug_line</name>
         <load_address>0xdfc</load_address>
         <run_address>0xdfc</run_address>
         <size>0x15d</size>
         <input_file_ref idref="fl-3a"/>
      </object_component>
      <object_component id="oc-b6">
         <name>.debug_line</name>
         <load_address>0xf59</load_address>
         <run_address>0xf59</run_address>
         <size>0x6a</size>
         <input_file_ref idref="fl-3b"/>
      </object_component>
      <object_component id="oc-ba">
         <name>.debug_line</name>
         <load_address>0xfc3</load_address>
         <run_address>0xfc3</run_address>
         <size>0x58</size>
         <input_file_ref idref="fl-3c"/>
      </object_component>
      <object_component id="oc-be">
         <name>.debug_line</name>
         <load_address>0x101b</load_address>
         <run_address>0x101b</run_address>
         <size>0x57</size>
         <input_file_ref idref="fl-3d"/>
      </object_component>
      <object_component id="oc-c2">
         <name>.debug_line</name>
         <load_address>0x1072</load_address>
         <run_address>0x1072</run_address>
         <size>0x5c</size>
         <input_file_ref idref="fl-3e"/>
      </object_component>
      <object_component id="oc-c6">
         <name>.debug_line</name>
         <load_address>0x10ce</load_address>
         <run_address>0x10ce</run_address>
         <size>0x3c</size>
         <input_file_ref idref="fl-3f"/>
      </object_component>
      <object_component id="oc-ca">
         <name>.debug_line</name>
         <load_address>0x110a</load_address>
         <run_address>0x110a</run_address>
         <size>0x5b</size>
         <input_file_ref idref="fl-40"/>
      </object_component>
      <object_component id="oc-ce">
         <name>.debug_line</name>
         <load_address>0x1165</load_address>
         <run_address>0x1165</run_address>
         <size>0x3a</size>
         <input_file_ref idref="fl-41"/>
      </object_component>
      <object_component id="oc-d2">
         <name>.debug_line</name>
         <load_address>0x119f</load_address>
         <run_address>0x119f</run_address>
         <size>0x3c</size>
         <input_file_ref idref="fl-42"/>
      </object_component>
      <object_component id="oc-d6">
         <name>.debug_line</name>
         <load_address>0x11db</load_address>
         <run_address>0x11db</run_address>
         <size>0x3f</size>
         <input_file_ref idref="fl-43"/>
      </object_component>
      <object_component id="oc-dc">
         <name>.debug_line</name>
         <load_address>0x121a</load_address>
         <run_address>0x121a</run_address>
         <size>0xd7</size>
         <input_file_ref idref="fl-44"/>
      </object_component>
      <object_component id="oc-e3">
         <name>.debug_line</name>
         <load_address>0x12f1</load_address>
         <run_address>0x12f1</run_address>
         <size>0x112</size>
         <input_file_ref idref="fl-45"/>
      </object_component>
      <object_component id="oc-e7">
         <name>.debug_line</name>
         <load_address>0x1403</load_address>
         <run_address>0x1403</run_address>
         <size>0x3d</size>
         <input_file_ref idref="fl-46"/>
      </object_component>
      <object_component id="oc-eb">
         <name>.debug_line</name>
         <load_address>0x1440</load_address>
         <run_address>0x1440</run_address>
         <size>0x39</size>
         <input_file_ref idref="fl-47"/>
      </object_component>
      <object_component id="oc-ef">
         <name>.debug_line</name>
         <load_address>0x1479</load_address>
         <run_address>0x1479</run_address>
         <size>0x8b</size>
         <input_file_ref idref="fl-48"/>
      </object_component>
      <object_component id="oc-f4">
         <name>.debug_line</name>
         <load_address>0x1504</load_address>
         <run_address>0x1504</run_address>
         <size>0x10a</size>
         <input_file_ref idref="fl-49"/>
      </object_component>
      <object_component id="oc-f9">
         <name>.debug_line</name>
         <load_address>0x160e</load_address>
         <run_address>0x160e</run_address>
         <size>0x78</size>
         <input_file_ref idref="fl-4b"/>
      </object_component>
      <object_component id="oc-22">
         <name>.debug_abbrev</name>
         <load_address>0x0</load_address>
         <run_address>0x0</run_address>
         <size>0x114</size>
         <input_file_ref idref="fl-2"/>
      </object_component>
      <object_component id="oc-26">
         <name>.debug_abbrev</name>
         <load_address>0x114</load_address>
         <run_address>0x114</run_address>
         <size>0x3a</size>
         <input_file_ref idref="fl-1a"/>
      </object_component>
      <object_component id="oc-2d">
         <name>.debug_abbrev</name>
         <load_address>0x14e</load_address>
         <run_address>0x14e</run_address>
         <size>0xf7</size>
         <input_file_ref idref="fl-1b"/>
      </object_component>
      <object_component id="oc-31">
         <name>.debug_abbrev</name>
         <load_address>0x245</load_address>
         <run_address>0x245</run_address>
         <size>0x145</size>
         <input_file_ref idref="fl-1c"/>
      </object_component>
      <object_component id="oc-36">
         <name>.debug_abbrev</name>
         <load_address>0x38a</load_address>
         <run_address>0x38a</run_address>
         <size>0x26</size>
         <input_file_ref idref="fl-1d"/>
      </object_component>
      <object_component id="oc-3c">
         <name>.debug_abbrev</name>
         <load_address>0x3b0</load_address>
         <run_address>0x3b0</run_address>
         <size>0x9f</size>
         <input_file_ref idref="fl-1e"/>
      </object_component>
      <object_component id="oc-42">
         <name>.debug_abbrev</name>
         <load_address>0x44f</load_address>
         <run_address>0x44f</run_address>
         <size>0x1f8</size>
         <input_file_ref idref="fl-1f"/>
      </object_component>
      <object_component id="oc-46">
         <name>.debug_abbrev</name>
         <load_address>0x647</load_address>
         <run_address>0x647</run_address>
         <size>0xec</size>
         <input_file_ref idref="fl-20"/>
      </object_component>
      <object_component id="oc-4a">
         <name>.debug_abbrev</name>
         <load_address>0x733</load_address>
         <run_address>0x733</run_address>
         <size>0xd5</size>
         <input_file_ref idref="fl-21"/>
      </object_component>
      <object_component id="oc-4e">
         <name>.debug_abbrev</name>
         <load_address>0x808</load_address>
         <run_address>0x808</run_address>
         <size>0x44</size>
         <input_file_ref idref="fl-22"/>
      </object_component>
      <object_component id="oc-52">
         <name>.debug_abbrev</name>
         <load_address>0x84c</load_address>
         <run_address>0x84c</run_address>
         <size>0xb7</size>
         <input_file_ref idref="fl-23"/>
      </object_component>
      <object_component id="oc-54">
         <name>.debug_abbrev</name>
         <load_address>0x903</load_address>
         <run_address>0x903</run_address>
         <size>0x68</size>
         <input_file_ref idref="fl-24"/>
      </object_component>
      <object_component id="oc-58">
         <name>.debug_abbrev</name>
         <load_address>0x96b</load_address>
         <run_address>0x96b</run_address>
         <size>0x83</size>
         <input_file_ref idref="fl-25"/>
      </object_component>
      <object_component id="oc-5c">
         <name>.debug_abbrev</name>
         <load_address>0x9ee</load_address>
         <run_address>0x9ee</run_address>
         <size>0x112</size>
         <input_file_ref idref="fl-26"/>
      </object_component>
      <object_component id="oc-60">
         <name>.debug_abbrev</name>
         <load_address>0xb00</load_address>
         <run_address>0xb00</run_address>
         <size>0xb5</size>
         <input_file_ref idref="fl-27"/>
      </object_component>
      <object_component id="oc-64">
         <name>.debug_abbrev</name>
         <load_address>0xbb5</load_address>
         <run_address>0xbb5</run_address>
         <size>0x8f</size>
         <input_file_ref idref="fl-28"/>
      </object_component>
      <object_component id="oc-68">
         <name>.debug_abbrev</name>
         <load_address>0xc44</load_address>
         <run_address>0xc44</run_address>
         <size>0xb7</size>
         <input_file_ref idref="fl-29"/>
      </object_component>
      <object_component id="oc-6d">
         <name>.debug_abbrev</name>
         <load_address>0xcfb</load_address>
         <run_address>0xcfb</run_address>
         <size>0xc2</size>
         <input_file_ref idref="fl-2a"/>
      </object_component>
      <object_component id="oc-71">
         <name>.debug_abbrev</name>
         <load_address>0xdbd</load_address>
         <run_address>0xdbd</run_address>
         <size>0x103</size>
         <input_file_ref idref="fl-2b"/>
      </object_component>
      <object_component id="oc-76">
         <name>.debug_abbrev</name>
         <load_address>0xec0</load_address>
         <run_address>0xec0</run_address>
         <size>0x140</size>
         <input_file_ref idref="fl-2c"/>
      </object_component>
      <object_component id="oc-7a">
         <name>.debug_abbrev</name>
         <load_address>0x1000</load_address>
         <run_address>0x1000</run_address>
         <size>0x9a</size>
         <input_file_ref idref="fl-2d"/>
      </object_component>
      <object_component id="oc-7e">
         <name>.debug_abbrev</name>
         <load_address>0x109a</load_address>
         <run_address>0x109a</run_address>
         <size>0xd0</size>
         <input_file_ref idref="fl-2e"/>
      </object_component>
      <object_component id="oc-82">
         <name>.debug_abbrev</name>
         <load_address>0x116a</load_address>
         <run_address>0x116a</run_address>
         <size>0xb7</size>
         <input_file_ref idref="fl-2f"/>
      </object_component>
      <object_component id="oc-86">
         <name>.debug_abbrev</name>
         <load_address>0x1221</load_address>
         <run_address>0x1221</run_address>
         <size>0x38</size>
         <input_file_ref idref="fl-30"/>
      </object_component>
      <object_component id="oc-8c">
         <name>.debug_abbrev</name>
         <load_address>0x1259</load_address>
         <run_address>0x1259</run_address>
         <size>0x225</size>
         <input_file_ref idref="fl-31"/>
      </object_component>
      <object_component id="oc-90">
         <name>.debug_abbrev</name>
         <load_address>0x147e</load_address>
         <run_address>0x147e</run_address>
         <size>0xec</size>
         <input_file_ref idref="fl-32"/>
      </object_component>
      <object_component id="oc-94">
         <name>.debug_abbrev</name>
         <load_address>0x156a</load_address>
         <run_address>0x156a</run_address>
         <size>0xb7</size>
         <input_file_ref idref="fl-33"/>
      </object_component>
      <object_component id="oc-98">
         <name>.debug_abbrev</name>
         <load_address>0x1621</load_address>
         <run_address>0x1621</run_address>
         <size>0x38</size>
         <input_file_ref idref="fl-34"/>
      </object_component>
      <object_component id="oc-9c">
         <name>.debug_abbrev</name>
         <load_address>0x1659</load_address>
         <run_address>0x1659</run_address>
         <size>0xdc</size>
         <input_file_ref idref="fl-35"/>
      </object_component>
      <object_component id="oc-a0">
         <name>.debug_abbrev</name>
         <load_address>0x1735</load_address>
         <run_address>0x1735</run_address>
         <size>0x81</size>
         <input_file_ref idref="fl-36"/>
      </object_component>
      <object_component id="oc-a4">
         <name>.debug_abbrev</name>
         <load_address>0x17b6</load_address>
         <run_address>0x17b6</run_address>
         <size>0xa6</size>
         <input_file_ref idref="fl-37"/>
      </object_component>
      <object_component id="oc-a8">
         <name>.debug_abbrev</name>
         <load_address>0x185c</load_address>
         <run_address>0x185c</run_address>
         <size>0xb5</size>
         <input_file_ref idref="fl-38"/>
      </object_component>
      <object_component id="oc-ac">
         <name>.debug_abbrev</name>
         <load_address>0x1911</load_address>
         <run_address>0x1911</run_address>
         <size>0x8f</size>
         <input_file_ref idref="fl-39"/>
      </object_component>
      <object_component id="oc-b1">
         <name>.debug_abbrev</name>
         <load_address>0x19a0</load_address>
         <run_address>0x19a0</run_address>
         <size>0x15a</size>
         <input_file_ref idref="fl-3a"/>
      </object_component>
      <object_component id="oc-b7">
         <name>.debug_abbrev</name>
         <load_address>0x1afa</load_address>
         <run_address>0x1afa</run_address>
         <size>0xde</size>
         <input_file_ref idref="fl-3b"/>
      </object_component>
      <object_component id="oc-bb">
         <name>.debug_abbrev</name>
         <load_address>0x1bd8</load_address>
         <run_address>0x1bd8</run_address>
         <size>0x38</size>
         <input_file_ref idref="fl-3c"/>
      </object_component>
      <object_component id="oc-bf">
         <name>.debug_abbrev</name>
         <load_address>0x1c10</load_address>
         <run_address>0x1c10</run_address>
         <size>0xd1</size>
         <input_file_ref idref="fl-3d"/>
      </object_component>
      <object_component id="oc-c3">
         <name>.debug_abbrev</name>
         <load_address>0x1ce1</load_address>
         <run_address>0x1ce1</run_address>
         <size>0xd4</size>
         <input_file_ref idref="fl-3e"/>
      </object_component>
      <object_component id="oc-c7">
         <name>.debug_abbrev</name>
         <load_address>0x1db5</load_address>
         <run_address>0x1db5</run_address>
         <size>0xa6</size>
         <input_file_ref idref="fl-3f"/>
      </object_component>
      <object_component id="oc-cb">
         <name>.debug_abbrev</name>
         <load_address>0x1e5b</load_address>
         <run_address>0x1e5b</run_address>
         <size>0x136</size>
         <input_file_ref idref="fl-40"/>
      </object_component>
      <object_component id="oc-cf">
         <name>.debug_abbrev</name>
         <load_address>0x1f91</load_address>
         <run_address>0x1f91</run_address>
         <size>0x81</size>
         <input_file_ref idref="fl-41"/>
      </object_component>
      <object_component id="oc-d3">
         <name>.debug_abbrev</name>
         <load_address>0x2012</load_address>
         <run_address>0x2012</run_address>
         <size>0xd1</size>
         <input_file_ref idref="fl-42"/>
      </object_component>
      <object_component id="oc-d7">
         <name>.debug_abbrev</name>
         <load_address>0x20e3</load_address>
         <run_address>0x20e3</run_address>
         <size>0x10b</size>
         <input_file_ref idref="fl-43"/>
      </object_component>
      <object_component id="oc-dd">
         <name>.debug_abbrev</name>
         <load_address>0x21ee</load_address>
         <run_address>0x21ee</run_address>
         <size>0x1a2</size>
         <input_file_ref idref="fl-44"/>
      </object_component>
      <object_component id="oc-e4">
         <name>.debug_abbrev</name>
         <load_address>0x2390</load_address>
         <run_address>0x2390</run_address>
         <size>0x1de</size>
         <input_file_ref idref="fl-45"/>
      </object_component>
      <object_component id="oc-e8">
         <name>.debug_abbrev</name>
         <load_address>0x256e</load_address>
         <run_address>0x256e</run_address>
         <size>0x118</size>
         <input_file_ref idref="fl-46"/>
      </object_component>
      <object_component id="oc-ec">
         <name>.debug_abbrev</name>
         <load_address>0x2686</load_address>
         <run_address>0x2686</run_address>
         <size>0xbf</size>
         <input_file_ref idref="fl-47"/>
      </object_component>
      <object_component id="oc-f0">
         <name>.debug_abbrev</name>
         <load_address>0x2745</load_address>
         <run_address>0x2745</run_address>
         <size>0x2c</size>
         <input_file_ref idref="fl-48"/>
      </object_component>
      <object_component id="oc-f5">
         <name>.debug_abbrev</name>
         <load_address>0x2771</load_address>
         <run_address>0x2771</run_address>
         <size>0x2c</size>
         <input_file_ref idref="fl-49"/>
      </object_component>
      <object_component id="oc-fa">
         <name>.debug_abbrev</name>
         <load_address>0x279d</load_address>
         <run_address>0x279d</run_address>
         <size>0x2c</size>
         <input_file_ref idref="fl-4b"/>
      </object_component>
      <object_component id="oc-123">
         <name>.debug_abbrev</name>
         <load_address>0x27c9</load_address>
         <run_address>0x27c9</run_address>
         <size>0xd</size>
      </object_component>
   </object_component_list>
   <logical_group_list>
      <logical_group id="lg-2">
         <name>vectors</name>
         <load_address>0x2100</load_address>
         <run_address>0x2100</run_address>
         <size>0x100</size>
         <contents>
            <object_component_ref idref="oc-33"/>
         </contents>
      </logical_group>
      <logical_group id="lg-3">
         <name>.cinit</name>
         <load_address>0x1439e</load_address>
         <run_address>0x1439e</run_address>
         <size>0x10f4</size>
         <contents>
            <object_component_ref idref="oc-1c"/>
            <object_component_ref idref="oc-8a"/>
            <object_component_ref idref="oc-57"/>
            <object_component_ref idref="oc-3a"/>
            <object_component_ref idref="oc-2a"/>
            <object_component_ref idref="oc-db"/>
            <object_component_ref idref="oc-e1"/>
         </contents>
      </logical_group>
      <logical_group id="lg-4">
         <name>.text</name>
         <load_address>0x10000</load_address>
         <run_address>0x10000</run_address>
         <size>0x439d</size>
         <contents>
            <object_component_ref idref="oc-3d"/>
            <object_component_ref idref="oc-87"/>
            <object_component_ref idref="oc-ad"/>
            <object_component_ref idref="oc-de"/>
            <object_component_ref idref="oc-59"/>
            <object_component_ref idref="oc-d8"/>
            <object_component_ref idref="oc-7f"/>
            <object_component_ref idref="oc-c0"/>
            <object_component_ref idref="oc-f1"/>
            <object_component_ref idref="oc-4f"/>
            <object_component_ref idref="oc-72"/>
            <object_component_ref idref="oc-99"/>
            <object_component_ref idref="oc-d4"/>
            <object_component_ref idref="oc-ed"/>
            <object_component_ref idref="oc-bc"/>
            <object_component_ref idref="oc-c8"/>
            <object_component_ref idref="oc-b5"/>
            <object_component_ref idref="oc-6e"/>
            <object_component_ref idref="oc-5d"/>
            <object_component_ref idref="oc-8d"/>
            <object_component_ref idref="oc-e5"/>
            <object_component_ref idref="oc-cc"/>
            <object_component_ref idref="oc-19"/>
            <object_component_ref idref="oc-77"/>
            <object_component_ref idref="oc-a5"/>
            <object_component_ref idref="oc-65"/>
            <object_component_ref idref="oc-b2"/>
            <object_component_ref idref="oc-d0"/>
            <object_component_ref idref="oc-69"/>
            <object_component_ref idref="oc-47"/>
            <object_component_ref idref="oc-2e"/>
            <object_component_ref idref="oc-4b"/>
            <object_component_ref idref="oc-43"/>
            <object_component_ref idref="oc-a1"/>
            <object_component_ref idref="oc-c4"/>
            <object_component_ref idref="oc-95"/>
            <object_component_ref idref="oc-27"/>
            <object_component_ref idref="oc-18"/>
            <object_component_ref idref="oc-61"/>
            <object_component_ref idref="oc-b8"/>
            <object_component_ref idref="oc-91"/>
            <object_component_ref idref="oc-7b"/>
            <object_component_ref idref="oc-a9"/>
            <object_component_ref idref="oc-83"/>
            <object_component_ref idref="oc-37"/>
            <object_component_ref idref="oc-9d"/>
            <object_component_ref idref="oc-e9"/>
            <object_component_ref idref="oc-2b"/>
            <object_component_ref idref="oc-32"/>
         </contents>
      </logical_group>
      <logical_group id="lg-5">
         <name>isrs</name>
         <run_address>0x0</run_address>
         <size>0x0</size>
         <contents>
         </contents>
      </logical_group>
      <logical_group id="lg-6">
         <name>.stack</name>
         <run_address>0x100</run_address>
         <size>0x1000</size>
         <contents>
            <object_component_ref idref="oc-23"/>
            <object_component_ref idref="oc-11d"/>
         </contents>
      </logical_group>
      <logical_group id="lg-7">
         <name>.sysstack</name>
         <run_address>0x1100</run_address>
         <size>0x1000</size>
         <contents>
            <object_component_ref idref="oc-fb"/>
            <object_component_ref idref="oc-11f"/>
         </contents>
      </logical_group>
      <logical_group id="lg-8">
         <name>.sysmem</name>
         <run_address>0x4000</run_address>
         <size>0x1000</size>
         <contents>
            <object_component_ref idref="oc-e2"/>
            <object_component_ref idref="oc-11e"/>
         </contents>
      </logical_group>
      <logical_group id="lg-9">
         <name>.data</name>
         <load_address>0x24000</load_address>
         <run_address>0x24000</run_address>
         <size>0x800</size>
         <contents>
            <object_component_ref idref="oc-f6"/>
         </contents>
      </logical_group>
      <logical_group id="lg-a">
         <name>.bss</name>
         <run_address>0x28000</run_address>
         <size>0x4dc</size>
         <contents>
            <object_component_ref idref="oc-1a"/>
            <object_component_ref idref="oc-28"/>
            <object_component_ref idref="oc-38"/>
            <object_component_ref idref="oc-55"/>
            <object_component_ref idref="oc-88"/>
            <object_component_ref idref="oc-ae"/>
            <object_component_ref idref="oc-d9"/>
            <object_component_ref idref="oc-df"/>
            <object_component_ref idref="oc-f2"/>
         </contents>
      </logical_group>
      <logical_group id="lg-b">
         <name>.const</name>
         <load_address>0x5000</load_address>
         <run_address>0x5000</run_address>
         <size>0x29c</size>
         <contents>
            <object_component_ref idref="oc-fc"/>
            <object_component_ref idref="oc-40"/>
            <object_component_ref idref="oc-1f"/>
            <object_component_ref idref="oc-3f"/>
            <object_component_ref idref="oc-fd"/>
            <object_component_ref idref="oc-74"/>
            <object_component_ref idref="oc-6b"/>
         </contents>
      </logical_group>
      <logical_group id="lg-c">
         <name>.coeffs</name>
         <run_address>0x0</run_address>
         <size>0x0</size>
         <contents>
         </contents>
      </logical_group>
      <logical_group id="lg-d">
         <name>.dbuffer</name>
         <run_address>0x0</run_address>
         <size>0x0</size>
         <contents>
         </contents>
      </logical_group>
      <logical_group id="lg-e">
         <name>files</name>
         <run_address>0x0</run_address>
         <size>0x0</size>
         <contents>
         </contents>
      </logical_group>
      <logical_group id="lg-f">
         <name>statvar</name>
         <run_address>0x0</run_address>
         <size>0x0</size>
         <contents>
         </contents>
      </logical_group>
      <logical_group id="lg-10">
         <name>statarry</name>
         <run_address>0x0</run_address>
         <size>0x0</size>
         <contents>
         </contents>
      </logical_group>
      <logical_group id="lg-11">
         <name>tempvar</name>
         <run_address>0x0</run_address>
         <size>0x0</size>
         <contents>
         </contents>
      </logical_group>
      <logical_group id="lg-12">
         <name>temparry</name>
         <run_address>0x0</run_address>
         <size>0x0</size>
         <contents>
         </contents>
      </logical_group>
      <logical_group id="lg-13">
         <name>.cio</name>
         <run_address>0x8800</run_address>
         <size>0x240</size>
         <contents>
            <object_component_ref idref="oc-b4"/>
         </contents>
      </logical_group>
      <logical_group id="lg-14">
         <name>.fftcode</name>
         <load_address>0x18000</load_address>
         <run_address>0x18000</run_address>
         <size>0xb3</size>
         <contents>
            <object_component_ref idref="oc-f7"/>
         </contents>
      </logical_group>
      <logical_group id="lg-15">
         <name>.test</name>
         <run_address>0x8000</run_address>
         <size>0x800</size>
         <contents>
            <object_component_ref idref="oc-1e"/>
         </contents>
      </logical_group>
      <logical_group id="lg-16">
         <name>.twiddle</name>
         <run_address>0x0</run_address>
         <size>0x0</size>
         <contents>
         </contents>
      </logical_group>
      <logical_group id="lg-17">
         <name>.input</name>
         <run_address>0xc000</run_address>
         <size>0x800</size>
         <contents>
            <object_component_ref idref="oc-1d"/>
         </contents>
      </logical_group>
      <logical_group id="lg-114">
         <name>.debug_info</name>
         <load_address>0x0</load_address>
         <run_address>0x0</run_address>
         <size>0x1400a</size>
         <contents>
            <object_component_ref idref="oc-1b"/>
            <object_component_ref idref="oc-24"/>
            <object_component_ref idref="oc-29"/>
            <object_component_ref idref="oc-2f"/>
            <object_component_ref idref="oc-34"/>
            <object_component_ref idref="oc-39"/>
            <object_component_ref idref="oc-3e"/>
            <object_component_ref idref="oc-44"/>
            <object_component_ref idref="oc-48"/>
            <object_component_ref idref="oc-4c"/>
            <object_component_ref idref="oc-50"/>
            <object_component_ref idref="oc-53"/>
            <object_component_ref idref="oc-56"/>
            <object_component_ref idref="oc-5a"/>
            <object_component_ref idref="oc-5e"/>
            <object_component_ref idref="oc-62"/>
            <object_component_ref idref="oc-66"/>
            <object_component_ref idref="oc-6a"/>
            <object_component_ref idref="oc-6f"/>
            <object_component_ref idref="oc-73"/>
[...]
         <value>0xffffffff</value>
      </symbol>
      <symbol id="sm-6">
         <name>___pinit__</name>
         <value>0xffffffff</value>
      </symbol>
      <symbol id="sm-7">
         <name>binit</name>
         <value>0xffffffff</value>
      </symbol>
      <symbol id="sm-8">
         <name>___binit__</name>
         <value>0xffffffff</value>
      </symbol>
      <symbol id="sm-9">
         <name>__STACK_SIZE</name>
         <value>0x1000</value>
      </symbol>
      <symbol id="sm-a">
         <name>__STACK_END</name>
         <value>0x1100</value>
      </symbol>
      <symbol id="sm-b">
         <name>__SYSMEM_SIZE</name>
         <value>0x1000</value>
      </symbol>
      <symbol id="sm-c">
         <name>___c_args__</name>
         <value>0xffffffff</value>
      </symbol>
      <symbol id="sm-d">
         <name>__SYSSTACK_SIZE</name>
         <value>0x1000</value>
      </symbol>
      <symbol id="sm-e">
         <name>.text</name>
         <value>0x10000</value>
      </symbol>
      <symbol id="sm-f">
         <name>___text__</name>
         <value>0x10000</value>
      </symbol>
      <symbol id="sm-10">
         <name>etext</name>
         <value>0x1439d</value>
      </symbol>
      <symbol id="sm-11">
         <name>___etext__</name>
         <value>0x1439d</value>
      </symbol>
      <symbol id="sm-12">
         <name>.data</name>
         <value>0x24000</value>
      </symbol>
      <symbol id="sm-13">
         <name>___data__</name>
         <value>0x24000</value>
      </symbol>
      <symbol id="sm-14">
         <name>edata</name>
         <value>0x24800</value>
      </symbol>
      <symbol id="sm-15">
         <name>___edata__</name>
         <value>0x24800</value>
      </symbol>
      <symbol id="sm-16">
         <name>.bss</name>
         <value>0x28000</value>
      </symbol>
      <symbol id="sm-17">
         <name>___bss__</name>
         <value>0x28000</value>
      </symbol>
      <symbol id="sm-18">
         <name>end</name>
         <value>0x284dc</value>
      </symbol>
      <symbol id="sm-19">
         <name>___end__</name>
         <value>0x284dc</value>
      </symbol>
      <symbol id="sm-66">
         <name>_main</name>
         <value>0x13d20</value>
         <object_component_ref idref="oc-19"/>
      </symbol>
      <symbol id="sm-67">
         <name>_rtest</name>
         <value>0x8000</value>
         <object_component_ref idref="oc-1e"/>
      </symbol>
      <symbol id="sm-68">
         <name>_error</name>
         <value>0x283d2</value>
         <object_component_ref idref="oc-1a"/>
      </symbol>
      <symbol id="sm-69">
         <name>_x</name>
         <value>0xc000</value>
         <object_component_ref idref="oc-1d"/>
      </symbol>
      <symbol id="sm-75">
         <name>__sysstack</name>
         <value>0x1100</value>
         <object_component_ref idref="oc-fb"/>
      </symbol>
      <symbol id="sm-76">
         <name>_c_int00</name>
         <value>0x1427b</value>
         <object_component_ref idref="oc-18"/>
      </symbol>
      <symbol id="sm-77">
         <name>__stack</name>
         <value>0x100</value>
         <object_component_ref idref="oc-23"/>
      </symbol>
      <symbol id="sm-87">
         <name>C$$EXIT</name>
         <value>0x14394</value>
         <object_component_ref idref="oc-2b"/>
      </symbol>
      <symbol id="sm-88">
         <name>_exit</name>
         <value>0x1423d</value>
         <object_component_ref idref="oc-27"/>
      </symbol>
      <symbol id="sm-89">
         <name>_abort</name>
         <value>0x14393</value>
         <object_component_ref idref="oc-2b"/>
      </symbol>
      <symbol id="sm-8a">
         <name>__cleanup_ptr</name>
         <value>0x284d4</value>
         <object_component_ref idref="oc-28"/>
      </symbol>
      <symbol id="sm-8b">
         <name>__dtors_ptr</name>
         <value>0x284d8</value>
         <object_component_ref idref="oc-28"/>
      </symbol>
      <symbol id="sm-95">
         <name>_printf</name>
         <value>0x14083</value>
         <object_component_ref idref="oc-2e"/>
      </symbol>
      <symbol id="sm-9f">
         <name>_Reset</name>
         <value>0x2100</value>
         <object_component_ref idref="oc-33"/>
      </symbol>
      <symbol id="sm-ad">
         <name>__unlock</name>
         <value>0x284d0</value>
         <object_component_ref idref="oc-38"/>
      </symbol>
      <symbol id="sm-ae">
         <name>__lock</name>
         <value>0x284cc</value>
         <object_component_ref idref="oc-38"/>
      </symbol>
      <symbol id="sm-af">
         <name>__register_lock</name>
         <value>0x1436f</value>
         <object_component_ref idref="oc-37"/>
      </symbol>
      <symbol id="sm-b0">
         <name>__nop</name>
         <value>0x14377</value>
         <object_component_ref idref="oc-37"/>
      </symbol>
      <symbol id="sm-b1">
         <name>__register_unlock</name>
         <value>0x14367</value>
         <object_component_ref idref="oc-37"/>
      </symbol>
      <symbol id="sm-c3">
         <name>__printfi</name>
         <value>0x11362</value>
         <object_component_ref idref="oc-3d"/>
      </symbol>
      <symbol id="sm-cd">
         <name>__args_main</name>
         <value>0x14120</value>
         <object_component_ref idref="oc-43"/>
      </symbol>
      <symbol id="sm-ce">
         <name>__TI_args_main</name>
         <value>0x1</value>
      </symbol>
      <symbol id="sm-d8">
         <name>_atoi</name>
         <value>0x14027</value>
         <object_component_ref idref="oc-47"/>
      </symbol>
      <symbol id="sm-e0">
         <name>_auto_init</name>
         <value>0x140d3</value>
         <object_component_ref idref="oc-4b"/>
      </symbol>
      <symbol id="sm-ea">
         <name>__eqld</name>
         <value>0x13313</value>
         <object_component_ref idref="oc-4f"/>
      </symbol>
      <symbol id="sm-eb">
         <name>__cmpd</name>
         <value>0x13347</value>
         <object_component_ref idref="oc-4f"/>
      </symbol>
      <symbol id="sm-ec">
         <name>__neqd</name>
         <value>0x131b5</value>
         <object_component_ref idref="oc-4f"/>
      </symbol>
      <symbol id="sm-ed">
         <name>__gtrd</name>
         <value>0x1327e</value>
         <object_component_ref idref="oc-4f"/>
      </symbol>
      <symbol id="sm-ee">
         <name>__geqd</name>
         <value>0x132c9</value>
         <object_component_ref idref="oc-4f"/>
      </symbol>
      <symbol id="sm-ef">
         <name>__leqd</name>
         <value>0x13231</value>
         <object_component_ref idref="oc-4f"/>
      </symbol>
      <symbol id="sm-f0">
         <name>__lssd</name>
         <value>0x131e9</value>
         <object_component_ref idref="oc-4f"/>
      </symbol>
      <symbol id="sm-f8">
         <name>__ctypes_</name>
         <value>0x5000</value>
         <object_component_ref idref="oc-fc"/>
      </symbol>
      <symbol id="sm-102">
         <name>__tmpnams</name>
         <value>0x280f0</value>
         <object_component_ref idref="oc-55"/>
      </symbol>
      <symbol id="sm-103">
         <name>__ft_end</name>
         <value>0x28230</value>
         <object_component_ref idref="oc-55"/>
      </symbol>
      <symbol id="sm-104">
         <name>__ftable</name>
         <value>0x28000</value>
         <object_component_ref idref="oc-55"/>
      </symbol>
      <symbol id="sm-110">
         <name>__divd</name>
         <value>0x124c4</value>
         <object_component_ref idref="oc-59"/>
      </symbol>
      <symbol id="sm-11b">
         <name>__divul</name>
         <value>0x13b11</value>
         <object_component_ref idref="oc-5d"/>
      </symbol>
      <symbol id="sm-125">
         <name>__fixdi</name>
         <value>0x142af</value>
         <object_component_ref idref="oc-61"/>
      </symbol>
      <symbol id="sm-12f">
         <name>__fixdli</name>
         <value>0x13e79</value>
         <object_component_ref idref="oc-65"/>
      </symbol>
      <symbol id="sm-13b">
         <name>__fltlid</name>
         <value>0x13fc0</value>
         <object_component_ref idref="oc-69"/>
      </symbol>
      <symbol id="sm-145">
         <name>_putchar</name>
         <value>0x13b02</value>
         <object_component_ref idref="oc-6e"/>
      </symbol>
      <symbol id="sm-146">
         <name>_putc</name>
         <value>0x13a6b</value>
         <object_component_ref idref="oc-6e"/>
      </symbol>
      <symbol id="sm-147">
         <name>_fputc</name>
         <value>0x13a6b</value>
         <object_component_ref idref="oc-6e"/>
      </symbol>
      <symbol id="sm-155">
         <name>_puts</name>
         <value>0x134d4</value>
         <object_component_ref idref="oc-72"/>
      </symbol>
      <symbol id="sm-156">
         <name>_fputs</name>
         <value>0x1339f</value>
         <object_component_ref idref="oc-72"/>
      </symbol>
      <symbol id="sm-160">
         <name>__frcmpyd_div</name>
         <value>0x13d94</value>
         <object_component_ref idref="oc-77"/>
      </symbol>
      <symbol id="sm-16a">
         <name>___isinf</name>
         <value>0x14326</value>
         <object_component_ref idref="oc-7b"/>
      </symbol>
      <symbol id="sm-174">
         <name>__divull</name>
         <value>0x12c44</value>
         <object_component_ref idref="oc-7f"/>
      </symbol>
      <symbol id="sm-175">
         <name>__mpylli</name>
         <value>0x12b8c</value>
         <object_component_ref idref="oc-7f"/>
      </symbol>
      <symbol id="sm-176">
         <name>__remlli</name>
         <value>0x12b5d</value>
         <object_component_ref idref="oc-7f"/>
      </symbol>
      <symbol id="sm-177">
         <name>__divlli</name>
         <value>0x12d38</value>
         <object_component_ref idref="oc-7f"/>
      </symbol>
      <symbol id="sm-178">
         <name>__remull</name>
         <value>0x12b0f</value>
         <object_component_ref idref="oc-7f"/>
      </symbol>
      <symbol id="sm-180">
         <name>__mpyli</name>
         <value>0x14354</value>
         <object_component_ref idref="oc-83"/>
      </symbol>
      <symbol id="sm-181">
         <name>I$$LMPY</name>
         <value>0x14354</value>
         <object_component_ref idref="oc-83"/>
      </symbol>
      <symbol id="sm-193">
         <name>_add_device</name>
         <value>0x119f7</value>
         <object_component_ref idref="oc-87"/>
      </symbol>
      <symbol id="sm-194">
         <name>_rename</name>
         <value>0x11719</value>
         <object_component_ref idref="oc-87"/>
      </symbol>
      <symbol id="sm-195">
         <name>_read</name>
         <value>0x117a8</value>
         <object_component_ref idref="oc-87"/>
      </symbol>
      <symbol id="sm-196">
         <name>_unlink</name>
         <value>0x116e6</value>
         <object_component_ref idref="oc-87"/>
      </symbol>
      <symbol id="sm-197">
         <name>_remove_device</name>
         <value>0x11772</value>
         <object_component_ref idref="oc-87"/>
      </symbol>
      <symbol id="sm-198">
         <name>_open</name>
         <value>0x11856</value>
         <object_component_ref idref="oc-87"/>
      </symbol>
      <symbol id="sm-199">
         <name>_find_registered_device</name>
         <value>0x1197b</value>
         <object_component_ref idref="oc-87"/>
      </symbol>
      <symbol id="sm-19a">
         <name>_lseek</name>
         <value>0x11915</value>
         <object_component_ref idref="oc-87"/>
      </symbol>
      <symbol id="sm-19b">
         <name>_close</name>
         <value>0x11984</value>
         <object_component_ref idref="oc-87"/>
      </symbol>
      <symbol id="sm-19c">
         <name>_write</name>
         <value>0x115a4</value>
         <object_component_ref idref="oc-87"/>
      </symbol>
      <symbol id="sm-1a6">
         <name>_ltoa</name>
         <value>0x13bb2</value>
         <object_component_ref idref="oc-8d"/>
      </symbol>
      <symbol id="sm-1b1">
         <name>_memccpy</name>
         <value>0x14303</value>
         <object_component_ref idref="oc-91"/>
      </symbol>
      <symbol id="sm-1b9">
         <name>_memcpy</name>
         <value>0x141fe</value>
         <object_component_ref idref="oc-95"/>
      </symbol>
      <symbol id="sm-1c3">
         <name>__mpyd</name>
         <value>0x13502</value>
         <object_component_ref idref="oc-99"/>
      </symbol>
      <symbol id="sm-1cd">
         <name>__negd</name>
         <value>0x14379</value>
         <object_component_ref idref="oc-9d"/>
      </symbol>
      <symbol id="sm-1d7">
         <name>__remli</name>
         <value>0x1416b</value>
         <object_component_ref idref="oc-a1"/>
      </symbol>
      <symbol id="sm-1e2">
         <name>__remul</name>
         <value>0x13e07</value>
         <object_component_ref idref="oc-a5"/>
      </symbol>
      <symbol id="sm-1ec">
         <name>__subd</name>
         <value>0x14340</value>
         <object_component_ref idref="oc-a9"/>
      </symbol>
      <symbol id="sm-1f8">
         <name>_HOSTopen</name>
         <value>0x11df2</value>
         <object_component_ref idref="oc-ad"/>
      </symbol>
      <symbol id="sm-1f9">
         <name>_HOSTread</name>
         <value>0x11d65</value>
         <object_component_ref idref="oc-ad"/>
      </symbol>
      <symbol id="sm-1fa">
         <name>_HOSTtime</name>
         <value>0x11c59</value>
         <object_component_ref idref="oc-ad"/>
      </symbol>
      <symbol id="sm-1fb">
         <name>_getenv</name>
         <value>0x11ae7</value>
         <object_component_ref idref="oc-ad"/>
      </symbol>
      <symbol id="sm-1fc">
         <name>_HOSTrename</name>
         <value>0x11cb7</value>
         <object_component_ref idref="oc-ad"/>
      </symbol>
      <symbol id="sm-1fd">
         <name>_HOSTclock</name>
         <value>0x11fb1</value>
         <object_component_ref idref="oc-ad"/>
      </symbol>
      <symbol id="sm-1fe">
         <name>_HOSTwrite</name>
         <value>0x11b62</value>
         <object_component_ref idref="oc-ad"/>
      </symbol>
      <symbol id="sm-1ff">
         <name>_HOSTlseek</name>
         <value>0x11e91</value>
         <object_component_ref idref="oc-ad"/>
      </symbol>
      <symbol id="sm-200">
         <name>_HOSTunlink</name>
         <value>0x11bef</value>
         <object_component_ref idref="oc-ad"/>
      </symbol>
      <symbol id="sm-201">
         <name>_HOSTclose</name>
         <value>0x11f46</value>
         <object_component_ref idref="oc-ad"/>
      </symbol>
      <symbol id="sm-213">
         <name>C$$IO$$</name>
         <value>0x13a66</value>
         <object_component_ref idref="oc-b5"/>
      </symbol>
      <symbol id="sm-214">
         <name>__CIOBUF_</name>
         <value>0x8800</value>
         <object_component_ref idref="oc-b4"/>
      </symbol>
      <symbol id="sm-215">
         <name>_readmsg</name>
         <value>0x13ee8</value>
         <object_component_ref idref="oc-b2"/>
      </symbol>
      <symbol id="sm-216">
         <name>_writemsg</name>
         <value>0x139b1</value>
         <object_component_ref idref="oc-b5"/>
      </symbol>
      <symbol id="sm-21e">
         <name>__remu</name>
         <value>0x142ee</value>
         <object_component_ref idref="oc-b8"/>
      </symbol>
      <symbol id="sm-21f">
         <name>__divu</name>
         <value>0x142d9</value>
         <object_component_ref idref="oc-b8"/>
      </symbol>
      <symbol id="sm-220">
         <name>I$$UMOD</name>
         <value>0x142ee</value>
         <object_component_ref idref="oc-b8"/>
      </symbol>
      <symbol id="sm-221">
         <name>I$$UDIV</name>
         <value>0x142d9</value>
         <object_component_ref idref="oc-b8"/>
      </symbol>
      <symbol id="sm-22b">
         <name>__rd_ok</name>
         <value>0x13892</value>
         <object_component_ref idref="oc-bc"/>
      </symbol>
      <symbol id="sm-22c">
         <name>__wrt_ok</name>
         <value>0x13812</value>
         <object_component_ref idref="oc-bc"/>
      </symbol>
      <symbol id="sm-236">
         <name>__addd</name>
         <value>0x12d6d</value>
         <object_component_ref idref="oc-c0"/>
      </symbol>
      <symbol id="sm-240">
         <name>__divli</name>
         <value>0x141b6</value>
         <object_component_ref idref="oc-c4"/>
      </symbol>
      <symbol id="sm-24a">
         <name>__doflush</name>
         <value>0x138ef</value>
         <object_component_ref idref="oc-c8"/>
      </symbol>
      <symbol id="sm-24b">
         <name>_fflush</name>
         <value>0x13958</value>
         <object_component_ref idref="oc-c8"/>
      </symbol>
      <symbol id="sm-255">
         <name>__frcmpyd</name>
         <value>0x13caa</value>
         <object_component_ref idref="oc-cc"/>
      </symbol>
      <symbol id="sm-25f">
         <name>_fseek</name>
         <value>0x13f55</value>
         <object_component_ref idref="oc-d0"/>
      </symbol>
      <symbol id="sm-269">
         <name>_setvbuf</name>
         <value>0x1364e</value>
         <object_component_ref idref="oc-d4"/>
      </symbol>
      <symbol id="sm-278">
         <name>__cleanup</name>
         <value>0x129b1</value>
         <object_component_ref idref="oc-d8"/>
      </symbol>
      <symbol id="sm-279">
         <name>_fopen</name>
         <value>0x12ad4</value>
         <object_component_ref idref="oc-d8"/>
      </symbol>
      <symbol id="sm-27a">
         <name>_freopen</name>
         <value>0x12a0b</value>
         <object_component_ref idref="oc-d8"/>
      </symbol>
      <symbol id="sm-28a">
         <name>__sys_memory</name>
         <value>0x4000</value>
         <object_component_ref idref="oc-e2"/>
      </symbol>
      <symbol id="sm-28b">
         <name>_chkheap</name>
         <value>0x12496</value>
         <object_component_ref idref="oc-de"/>
      </symbol>
      <symbol id="sm-28c">
         <name>_realloc</name>
         <value>0x12235</value>
         <object_component_ref idref="oc-de"/>
      </symbol>
      <symbol id="sm-28d">
         <name>_free_memory</name>
         <value>0x12440</value>
         <object_component_ref idref="oc-de"/>
      </symbol>
      <symbol id="sm-28e">
         <name>_max_free</name>
         <value>0x123e6</value>
         <object_component_ref idref="oc-de"/>
      </symbol>
      <symbol id="sm-28f">
         <name>_free</name>
         <value>0x1200f</value>
         <object_component_ref idref="oc-de"/>
      </symbol>
      <symbol id="sm-290">
         <name>_calloc</name>
         <value>0x1249e</value>
         <object_component_ref idref="oc-de"/>
      </symbol>
      <symbol id="sm-291">
         <name>_malloc</name>
         <value>0x12140</value>
         <object_component_ref idref="oc-de"/>
      </symbol>
      <symbol id="sm-292">
         <name>_minit</name>
         <value>0x120db</value>
         <object_component_ref idref="oc-de"/>
      </symbol>
      <symbol id="sm-29c">
         <name>_fclose</name>
         <value>0x13c2f</value>
         <object_component_ref idref="oc-e5"/>
      </symbol>
      <symbol id="sm-2a6">
         <name>_remove</name>
         <value>0x14389</value>
         <object_component_ref idref="oc-e9"/>
      </symbol>
      <symbol id="sm-2bf">
         <name>_cbrev</name>
         <value>0x13734</value>
         <object_component_ref idref="oc-ed"/>
      </symbol>
      <symbol id="sm-2e2">
         <name>_cifft_SCALE</name>
         <value>0x12fc7</value>
         <object_component_ref idref="oc-f1"/>
      </symbol>
      <symbol id="sm-2e6">
         <name>twiddle</name>
         <value>0x24000</value>
         <object_component_ref idref="oc-f6"/>
      </symbol>
      <symbol id="sm-2f2">
         <name>_unpacki</name>
         <value>0x18000</value>
         <object_component_ref idref="oc-f7"/>
      </symbol>
   </symbol_table>
</link_info>
