<?xml version="1.0"?>
<link_info>
   <banner>TMS320C55x Linker PC v4.4.1</banner>
   <copyright>Copyright (c) 1996-2012 Texas Instruments Incorporated</copyright>
   <link_time>0x5ada7418</link_time>
   <output_file>Audio_Encoder.out</output_file>
   <entry_point>
      <name>_c_int00</name>
      <address>0x403b</address>
   </entry_point>
   <input_file_list>
      <input_file id="fl-2">
         <path>.\</path>
         <kind>object</kind>
         <file>main.obj</file>
         <name>main.obj</name>
      </input_file>
      <input_file id="fl-3">
         <path>.\</path>
         <kind>object</kind>
         <file>fft_routines.obj</file>
         <name>fft_routines.obj</name>
      </input_file>
      <input_file id="fl-19">
         <path>C:\ti\ccsv5\tools\compiler\c5500_4.4.1\lib\</path>
         <kind>archive</kind>
         <file>rts55x.lib</file>
         <name>boot.obj</name>
      </input_file>
      <input_file id="fl-1a">
         <path>C:\ti\ccsv5\tools\compiler\c5500_4.4.1\lib\</path>
         <kind>archive</kind>
         <file>rts55x.lib</file>
         <name>exit.obj</name>
      </input_file>
      <input_file id="fl-1b">
         <path>C:\ti\ccsv5\tools\compiler\c5500_4.4.1\lib\</path>
         <kind>archive</kind>
         <file>rts55x.lib</file>
         <name>printf.obj</name>
      </input_file>
      <input_file id="fl-1c">
         <path>C:\ti\ccsv5\tools\compiler\c5500_4.4.1\lib\</path>
         <kind>archive</kind>
         <file>rts55x.lib</file>
         <name>vectors.obj</name>
      </input_file>
      <input_file id="fl-1d">
         <path>C:\ti\ccsv5\tools\compiler\c5500_4.4.1\lib\</path>
         <kind>archive</kind>
         <file>rts55x.lib</file>
         <name>_lock.obj</name>
      </input_file>
      <input_file id="fl-1e">
         <path>C:\ti\ccsv5\tools\compiler\c5500_4.4.1\lib\</path>
         <kind>archive</kind>
         <file>rts55x.lib</file>
         <name>_printfi.obj</name>
      </input_file>
      <input_file id="fl-1f">
         <path>C:\ti\ccsv5\tools\compiler\c5500_4.4.1\lib\</path>
         <kind>archive</kind>
         <file>rts55x.lib</file>
         <name>args_main.obj</name>
      </input_file>
      <input_file id="fl-20">
         <path>C:\ti\ccsv5\tools\compiler\c5500_4.4.1\lib\</path>
         <kind>archive</kind>
         <file>rts55x.lib</file>
         <name>atoi.obj</name>
      </input_file>
      <input_file id="fl-21">
         <path>C:\ti\ccsv5\tools\compiler\c5500_4.4.1\lib\</path>
         <kind>archive</kind>
         <file>rts55x.lib</file>
         <name>autoinit.obj</name>
      </input_file>
      <input_file id="fl-22">
         <path>C:\ti\ccsv5\tools\compiler\c5500_4.4.1\lib\</path>
         <kind>archive</kind>
         <file>rts55x.lib</file>
         <name>cmpd.obj</name>
      </input_file>
      <input_file id="fl-23">
         <path>C:\ti\ccsv5\tools\compiler\c5500_4.4.1\lib\</path>
         <kind>archive</kind>
         <file>rts55x.lib</file>
         <name>ctype.obj</name>
      </input_file>
      <input_file id="fl-24">
         <path>C:\ti\ccsv5\tools\compiler\c5500_4.4.1\lib\</path>
         <kind>archive</kind>
         <file>rts55x.lib</file>
         <name>defs.obj</name>
      </input_file>
      <input_file id="fl-25">
         <path>C:\ti\ccsv5\tools\compiler\c5500_4.4.1\lib\</path>
         <kind>archive</kind>
         <file>rts55x.lib</file>
         <name>divd.obj</name>
      </input_file>
      <input_file id="fl-26">
         <path>C:\ti\ccsv5\tools\compiler\c5500_4.4.1\lib\</path>
         <kind>archive</kind>
         <file>rts55x.lib</file>
         <name>divul.obj</name>
      </input_file>
      <input_file id="fl-27">
         <path>C:\ti\ccsv5\tools\compiler\c5500_4.4.1\lib\</path>
         <kind>archive</kind>
         <file>rts55x.lib</file>
         <name>fixdi.obj</name>
      </input_file>
      <input_file id="fl-28">
         <path>C:\ti\ccsv5\tools\compiler\c5500_4.4.1\lib\</path>
         <kind>archive</kind>
         <file>rts55x.lib</file>
         <name>fixdli.obj</name>
      </input_file>
      <input_file id="fl-29">
         <path>C:\ti\ccsv5\tools\compiler\c5500_4.4.1\lib\</path>
         <kind>archive</kind>
         <file>rts55x.lib</file>
         <name>fltlid.obj</name>
      </input_file>
      <input_file id="fl-2a">
         <path>C:\ti\ccsv5\tools\compiler\c5500_4.4.1\lib\</path>
         <kind>archive</kind>
         <file>rts55x.lib</file>
         <name>fputc.obj</name>
      </input_file>
      <input_file id="fl-2b">
         <path>C:\ti\ccsv5\tools\compiler\c5500_4.4.1\lib\</path>
         <kind>archive</kind>
         <file>rts55x.lib</file>
         <name>fputs.obj</name>
      </input_file>
      <input_file id="fl-2c">
         <path>C:\ti\ccsv5\tools\compiler\c5500_4.4.1\lib\</path>
         <kind>archive</kind>
         <file>rts55x.lib</file>
         <name>frcmpyd_div.obj</name>
      </input_file>
      <input_file id="fl-2d">
         <path>C:\ti\ccsv5\tools\compiler\c5500_4.4.1\lib\</path>
         <kind>archive</kind>
         <file>rts55x.lib</file>
         <name>isinf.obj</name>
      </input_file>
      <input_file id="fl-2e">
         <path>C:\ti\ccsv5\tools\compiler\c5500_4.4.1\lib\</path>
         <kind>archive</kind>
         <file>rts55x.lib</file>
         <name>llmpy.obj</name>
      </input_file>
      <input_file id="fl-2f">
         <path>C:\ti\ccsv5\tools\compiler\c5500_4.4.1\lib\</path>
         <kind>archive</kind>
         <file>rts55x.lib</file>
         <name>lmpy.obj</name>
      </input_file>
      <input_file id="fl-30">
         <path>C:\ti\ccsv5\tools\compiler\c5500_4.4.1\lib\</path>
         <kind>archive</kind>
         <file>rts55x.lib</file>
         <name>lowlev.obj</name>
      </input_file>
      <input_file id="fl-31">
         <path>C:\ti\ccsv5\tools\compiler\c5500_4.4.1\lib\</path>
         <kind>archive</kind>
         <file>rts55x.lib</file>
         <name>ltoa.obj</name>
      </input_file>
      <input_file id="fl-32">
         <path>C:\ti\ccsv5\tools\compiler\c5500_4.4.1\lib\</path>
         <kind>archive</kind>
         <file>rts55x.lib</file>
         <name>memccpy.obj</name>
      </input_file>
      <input_file id="fl-33">
         <path>C:\ti\ccsv5\tools\compiler\c5500_4.4.1\lib\</path>
         <kind>archive</kind>
         <file>rts55x.lib</file>
         <name>memcpy.obj</name>
      </input_file>
      <input_file id="fl-34">
         <path>C:\ti\ccsv5\tools\compiler\c5500_4.4.1\lib\</path>
         <kind>archive</kind>
         <file>rts55x.lib</file>
         <name>mpyd.obj</name>
      </input_file>
      <input_file id="fl-35">
         <path>C:\ti\ccsv5\tools\compiler\c5500_4.4.1\lib\</path>
         <kind>archive</kind>
         <file>rts55x.lib</file>
         <name>negd.obj</name>
      </input_file>
      <input_file id="fl-36">
         <path>C:\ti\ccsv5\tools\compiler\c5500_4.4.1\lib\</path>
         <kind>archive</kind>
         <file>rts55x.lib</file>
         <name>remli.obj</name>
      </input_file>
      <input_file id="fl-37">
         <path>C:\ti\ccsv5\tools\compiler\c5500_4.4.1\lib\</path>
         <kind>archive</kind>
         <file>rts55x.lib</file>
         <name>remul.obj</name>
      </input_file>
      <input_file id="fl-38">
         <path>C:\ti\ccsv5\tools\compiler\c5500_4.4.1\lib\</path>
         <kind>archive</kind>
         <file>rts55x.lib</file>
         <name>subd.obj</name>
      </input_file>
      <input_file id="fl-39">
         <path>C:\ti\ccsv5\tools\compiler\c5500_4.4.1\lib\</path>
         <kind>archive</kind>
         <file>rts55x.lib</file>
         <name>trgdrv.obj</name>
      </input_file>
      <input_file id="fl-3a">
         <path>C:\ti\ccsv5\tools\compiler\c5500_4.4.1\lib\</path>
         <kind>archive</kind>
         <file>rts55x.lib</file>
         <name>trgmsg.obj</name>
      </input_file>
      <input_file id="fl-3b">
         <path>C:\ti\ccsv5\tools\compiler\c5500_4.4.1\lib\</path>
         <kind>archive</kind>
         <file>rts55x.lib</file>
         <name>udiv.obj</name>
      </input_file>
      <input_file id="fl-3c">
         <path>C:\ti\ccsv5\tools\compiler\c5500_4.4.1\lib\</path>
         <kind>archive</kind>
         <file>rts55x.lib</file>
         <name>_io_perm.obj</name>
      </input_file>
      <input_file id="fl-3d">
         <path>C:\ti\ccsv5\tools\compiler\c5500_4.4.1\lib\</path>
         <kind>archive</kind>
         <file>rts55x.lib</file>
         <name>addd.obj</name>
      </input_file>
      <input_file id="fl-3e">
         <path>C:\ti\ccsv5\tools\compiler\c5500_4.4.1\lib\</path>
         <kind>archive</kind>
         <file>rts55x.lib</file>
         <name>divli.obj</name>
      </input_file>
      <input_file id="fl-3f">
         <path>C:\ti\ccsv5\tools\compiler\c5500_4.4.1\lib\</path>
         <kind>archive</kind>
         <file>rts55x.lib</file>
         <name>fflush.obj</name>
      </input_file>
      <input_file id="fl-40">
         <path>C:\ti\ccsv5\tools\compiler\c5500_4.4.1\lib\</path>
         <kind>archive</kind>
         <file>rts55x.lib</file>
         <name>frcmpyd.obj</name>
      </input_file>
      <input_file id="fl-41">
         <path>C:\ti\ccsv5\tools\compiler\c5500_4.4.1\lib\</path>
         <kind>archive</kind>
         <file>rts55x.lib</file>
         <name>fseek.obj</name>
      </input_file>
      <input_file id="fl-42">
         <path>C:\ti\ccsv5\tools\compiler\c5500_4.4.1\lib\</path>
         <kind>archive</kind>
         <file>rts55x.lib</file>
         <name>setvbuf.obj</name>
      </input_file>
      <input_file id="fl-43">
         <path>C:\ti\ccsv5\tools\compiler\c5500_4.4.1\lib\</path>
         <kind>archive</kind>
         <file>rts55x.lib</file>
         <name>fopen.obj</name>
      </input_file>
      <input_file id="fl-44">
         <path>C:\ti\ccsv5\tools\compiler\c5500_4.4.1\lib\</path>
         <kind>archive</kind>
         <file>rts55x.lib</file>
         <name>memory.obj</name>
      </input_file>
      <input_file id="fl-45">
         <path>C:\ti\ccsv5\tools\compiler\c5500_4.4.1\lib\</path>
         <kind>archive</kind>
         <file>rts55x.lib</file>
         <name>fclose.obj</name>
      </input_file>
      <input_file id="fl-46">
         <path>C:\ti\ccsv5\tools\compiler\c5500_4.4.1\lib\</path>
         <kind>archive</kind>
         <file>rts55x.lib</file>
         <name>remove.obj</name>
      </input_file>
   </input_file_list>
   <object_component_list>
      <object_component id="oc-28">
         <name>.text</name>
         <load_address>0x100</load_address>
         <run_address>0x100</run_address>
         <size>0x15a4</size>
         <input_file_ref idref="fl-1e"/>
      </object_component>
      <object_component id="oc-72">
         <name>.text</name>
         <load_address>0x16a4</load_address>
         <run_address>0x16a4</run_address>
         <size>0x543</size>
         <input_file_ref idref="fl-30"/>
      </object_component>
      <object_component id="oc-98">
         <name>.text</name>
         <load_address>0x1be7</load_address>
         <run_address>0x1be7</run_address>
         <size>0x528</size>
         <input_file_ref idref="fl-39"/>
      </object_component>
      <object_component id="oc-c9">
         <name>.text</name>
         <load_address>0x210f</load_address>
         <run_address>0x210f</run_address>
         <size>0x4b5</size>
         <input_file_ref idref="fl-44"/>
      </object_component>
      <object_component id="oc-44">
         <name>.text</name>
         <load_address>0x25c4</load_address>
         <run_address>0x25c4</run_address>
         <size>0x3cc</size>
         <input_file_ref idref="fl-25"/>
      </object_component>
      <object_component id="oc-c3">
         <name>.text</name>
         <load_address>0x2990</load_address>
         <run_address>0x2990</run_address>
         <size>0x27f</size>
         <input_file_ref idref="fl-43"/>
      </object_component>
      <object_component id="oc-6a">
         <name>.text</name>
         <load_address>0x2c0f</load_address>
         <run_address>0x2c0f</run_address>
         <size>0x25e</size>
         <input_file_ref idref="fl-2e"/>
      </object_component>
      <object_component id="oc-ab">
         <name>.text</name>
         <load_address>0x2e6d</load_address>
         <run_address>0x2e6d</run_address>
         <size>0x25a</size>
         <input_file_ref idref="fl-3d"/>
      </object_component>
      <object_component id="oc-3a">
         <name>.text</name>
         <load_address>0x30c7</load_address>
         <run_address>0x30c7</run_address>
         <size>0x1ea</size>
         <input_file_ref idref="fl-22"/>
      </object_component>
      <object_component id="oc-5d">
         <name>.text</name>
         <load_address>0x32b1</load_address>
         <run_address>0x32b1</run_address>
         <size>0x163</size>
         <input_file_ref idref="fl-2b"/>
      </object_component>
      <object_component id="oc-84">
         <name>.text</name>
         <load_address>0x3414</load_address>
         <run_address>0x3414</run_address>
         <size>0x14c</size>
         <input_file_ref idref="fl-34"/>
      </object_component>
      <object_component id="oc-bf">
         <name>.text</name>
         <load_address>0x3560</load_address>
         <run_address>0x3560</run_address>
         <size>0xe6</size>
         <input_file_ref idref="fl-42"/>
      </object_component>
      <object_component id="oc-a7">
         <name>.text</name>
         <load_address>0x3646</load_address>
         <run_address>0x3646</run_address>
         <size>0xdd</size>
         <input_file_ref idref="fl-3c"/>
      </object_component>
      <object_component id="oc-b3">
         <name>.text</name>
         <load_address>0x3723</load_address>
         <run_address>0x3723</run_address>
         <size>0xc2</size>
         <input_file_ref idref="fl-3f"/>
      </object_component>
      <object_component id="oc-a0">
         <name>.text:CIO_breakpoint</name>
         <load_address>0x37e5</load_address>
         <run_address>0x37e5</run_address>
         <size>0xba</size>
         <input_file_ref idref="fl-3a"/>
      </object_component>
      <object_component id="oc-59">
         <name>.text</name>
         <load_address>0x389f</load_address>
         <run_address>0x389f</run_address>
         <size>0xa6</size>
         <input_file_ref idref="fl-2a"/>
      </object_component>
      <object_component id="oc-48">
         <name>.text</name>
         <load_address>0x3945</load_address>
         <run_address>0x3945</run_address>
         <size>0xa1</size>
         <input_file_ref idref="fl-26"/>
      </object_component>
      <object_component id="oc-78">
         <name>.text</name>
         <load_address>0x39e6</load_address>
         <run_address>0x39e6</run_address>
         <size>0x7d</size>
         <input_file_ref idref="fl-31"/>
      </object_component>
      <object_component id="oc-d0">
         <name>.text</name>
         <load_address>0x3a63</load_address>
         <run_address>0x3a63</run_address>
         <size>0x7b</size>
         <input_file_ref idref="fl-45"/>
      </object_component>
      <object_component id="oc-b7">
         <name>.text</name>
         <load_address>0x3ade</load_address>
         <run_address>0x3ade</run_address>
         <size>0x76</size>
         <input_file_ref idref="fl-40"/>
      </object_component>
      <object_component id="oc-62">
         <name>.text</name>
         <load_address>0x3b54</load_address>
         <run_address>0x3b54</run_address>
         <size>0x73</size>
         <input_file_ref idref="fl-2c"/>
      </object_component>
      <object_component id="oc-90">
         <name>.text</name>
         <load_address>0x3bc7</load_address>
         <run_address>0x3bc7</run_address>
         <size>0x72</size>
         <input_file_ref idref="fl-37"/>
      </object_component>
      <object_component id="oc-50">
         <name>.text</name>
         <load_address>0x3c39</load_address>
         <run_address>0x3c39</run_address>
         <size>0x6f</size>
         <input_file_ref idref="fl-28"/>
      </object_component>
      <object_component id="oc-9d">
         <name>.text</name>
         <load_address>0x3ca8</load_address>
         <run_address>0x3ca8</run_address>
         <size>0x6d</size>
         <input_file_ref idref="fl-3a"/>
      </object_component>
      <object_component id="oc-bb">
         <name>.text</name>
         <load_address>0x3d15</load_address>
         <run_address>0x3d15</run_address>
         <size>0x6b</size>
         <input_file_ref idref="fl-41"/>
      </object_component>
      <object_component id="oc-54">
         <name>.text</name>
         <load_address>0x3d80</load_address>
         <run_address>0x3d80</run_address>
         <size>0x67</size>
         <input_file_ref idref="fl-29"/>
      </object_component>
      <object_component id="oc-32">
         <name>.text</name>
         <load_address>0x3de7</load_address>
         <run_address>0x3de7</run_address>
         <size>0x5c</size>
         <input_file_ref idref="fl-20"/>
      </object_component>
      <object_component id="oc-19">
         <name>.text</name>
         <load_address>0x3e43</load_address>
         <run_address>0x3e43</run_address>
         <size>0x50</size>
         <input_file_ref idref="fl-1b"/>
      </object_component>
      <object_component id="oc-36">
         <name>.text</name>
         <load_address>0x3e93</load_address>
         <run_address>0x3e93</run_address>
         <size>0x4d</size>
         <input_file_ref idref="fl-21"/>
      </object_component>
      <object_component id="oc-2e">
         <name>.text</name>
         <load_address>0x3ee0</load_address>
         <run_address>0x3ee0</run_address>
         <size>0x4b</size>
         <input_file_ref idref="fl-1f"/>
      </object_component>
      <object_component id="oc-8c">
         <name>.text</name>
         <load_address>0x3f2b</load_address>
         <run_address>0x3f2b</run_address>
         <size>0x4b</size>
         <input_file_ref idref="fl-36"/>
      </object_component>
      <object_component id="oc-af">
         <name>.text</name>
         <load_address>0x3f76</load_address>
         <run_address>0x3f76</run_address>
         <size>0x48</size>
         <input_file_ref idref="fl-3e"/>
      </object_component>
      <object_component id="oc-80">
         <name>.text</name>
         <load_address>0x3fbe</load_address>
         <run_address>0x3fbe</run_address>
         <size>0x3f</size>
         <input_file_ref idref="fl-33"/>
      </object_component>
      <object_component id="oc-12">
         <name>.text</name>
         <load_address>0x3ffd</load_address>
         <run_address>0x3ffd</run_address>
         <size>0x3e</size>
         <input_file_ref idref="fl-1a"/>
      </object_component>
      <object_component id="oc-2">
         <name>.text</name>
         <load_address>0x403b</load_address>
         <run_address>0x403b</run_address>
         <size>0x34</size>
         <input_file_ref idref="fl-19"/>
      </object_component>
      <object_component id="oc-4c">
         <name>.text</name>
         <load_address>0x406f</load_address>
         <run_address>0x406f</run_address>
         <size>0x2a</size>
         <input_file_ref idref="fl-27"/>
      </object_component>
      <object_component id="oc-a3">
         <name>.text</name>
         <load_address>0x4099</load_address>
         <run_address>0x4099</run_address>
         <size>0x2a</size>
         <input_file_ref idref="fl-3b"/>
      </object_component>
      <object_component id="oc-7c">
         <name>.text</name>
         <load_address>0x40c3</load_address>
         <run_address>0x40c3</run_address>
         <size>0x23</size>
         <input_file_ref idref="fl-32"/>
      </object_component>
      <object_component id="oc-66">
         <name>.text</name>
         <load_address>0x40e6</load_address>
         <run_address>0x40e6</run_address>
         <size>0x1a</size>
         <input_file_ref idref="fl-2d"/>
      </object_component>
      <object_component id="oc-3">
         <name>.text</name>
         <load_address>0x4100</load_address>
         <run_address>0x4100</run_address>
         <size>0x15</size>
         <input_file_ref idref="fl-2"/>
      </object_component>
      <object_component id="oc-94">
         <name>.text</name>
         <load_address>0x4115</load_address>
         <run_address>0x4115</run_address>
         <size>0x14</size>
         <input_file_ref idref="fl-38"/>
      </object_component>
      <object_component id="oc-6e">
         <name>.text</name>
         <load_address>0x4129</load_address>
         <run_address>0x4129</run_address>
         <size>0x13</size>
         <input_file_ref idref="fl-2f"/>
      </object_component>
      <object_component id="oc-22">
         <name>.text</name>
         <load_address>0x413c</load_address>
         <run_address>0x413c</run_address>
         <size>0x12</size>
         <input_file_ref idref="fl-1d"/>
      </object_component>
      <object_component id="oc-88">
         <name>.text</name>
         <load_address>0x414e</load_address>
         <run_address>0x414e</run_address>
         <size>0x10</size>
         <input_file_ref idref="fl-35"/>
      </object_component>
      <object_component id="oc-d4">
         <name>.text</name>
         <load_address>0x415e</load_address>
         <run_address>0x415e</run_address>
         <size>0xa</size>
         <input_file_ref idref="fl-46"/>
      </object_component>
      <object_component id="oc-9">
         <name>.text</name>
         <load_address>0x4168</load_address>
         <run_address>0x4168</run_address>
         <size>0x8</size>
         <input_file_ref idref="fl-3"/>
      </object_component>
      <object_component id="oc-16">
         <name>.text:CIO_breakpoint</name>
         <load_address>0x4170</load_address>
         <run_address>0x4170</run_address>
         <size>0x7</size>
         <input_file_ref idref="fl-1a"/>
      </object_component>
      <object_component id="oc-1d">
         <name>.text</name>
         <load_address>0x4177</load_address>
         <run_address>0x4177</run_address>
         <size>0x2</size>
         <input_file_ref idref="fl-1c"/>
      </object_component>
      <object_component id="oc-13">
         <name>.bss</name>
         <uninitialized>true</uninitialized>
         <run_address>0x104cc</run_address>
         <size>0x8</size>
         <input_file_ref idref="fl-1a"/>
      </object_component>
      <object_component id="oc-23">
         <name>.bss</name>
         <uninitialized>true</uninitialized>
         <run_address>0x104c4</run_address>
         <size>0x8</size>
         <input_file_ref idref="fl-1d"/>
      </object_component>
      <object_component id="oc-40">
         <name>.bss</name>
         <uninitialized>true</uninitialized>
         <run_address>0x10000</run_address>
         <size>0x232</size>
         <input_file_ref idref="fl-24"/>
      </object_component>
      <object_component id="oc-73">
         <name>.bss</name>
         <uninitialized>true</uninitialized>
         <run_address>0x103d4</run_address>
         <size>0xe2</size>
         <input_file_ref idref="fl-30"/>
      </object_component>
      <object_component id="oc-99">
         <name>.bss</name>
         <uninitialized>true</uninitialized>
         <run_address>0x10232</run_address>
         <size>0x1a0</size>
         <input_file_ref idref="fl-39"/>
      </object_component>
      <object_component id="oc-c4">
         <name>.bss</name>
         <uninitialized>true</uninitialized>
         <run_address>0x103d2</run_address>
         <size>0x2</size>
         <input_file_ref idref="fl-43"/>
      </object_component>
      <object_component id="oc-ca">
         <name>.bss</name>
         <uninitialized>true</uninitialized>
         <run_address>0x104b8</run_address>
         <size>0xc</size>
         <input_file_ref idref="fl-44"/>
      </object_component>
      <object_component id="oc-1e">
         <name>vectors</name>
         <load_address>0xffff00</load_address>
         <run_address>0xffff00</run_address>
         <size>0x100</size>
         <input_file_ref idref="fl-1c"/>
      </object_component>
      <object_component id="oc-75">
         <name>.cinit</name>
         <load_address>0x417a</load_address>
         <run_address>0x417a</run_address>
         <size>0x5a</size>
         <input_file_ref idref="fl-30"/>
      </object_component>
      <object_component id="oc-42">
         <name>.cinit</name>
         <load_address>0x41d4</load_address>
         <run_address>0x41d4</run_address>
         <size>0x54</size>
         <input_file_ref idref="fl-24"/>
      </object_component>
      <object_component id="oc-25">
         <name>.cinit</name>
         <load_address>0x4228</load_address>
         <run_address>0x4228</run_address>
         <size>0x14</size>
         <input_file_ref idref="fl-1d"/>
      </object_component>
      <object_component id="oc-15">
         <name>.cinit</name>
         <load_address>0x423c</load_address>
         <run_address>0x423c</run_address>
         <size>0x14</size>
         <input_file_ref idref="fl-1a"/>
      </object_component>
      <object_component id="oc-c6">
         <name>.cinit</name>
         <load_address>0x4250</load_address>
         <run_address>0x4250</run_address>
         <size>0x8</size>
         <input_file_ref idref="fl-43"/>
      </object_component>
      <object_component id="oc-cc">
         <name>.cinit</name>
         <load_address>0x4258</load_address>
         <run_address>0x4258</run_address>
         <size>0x8</size>
         <input_file_ref idref="fl-44"/>
      </object_component>
      <object_component id="oc-4">
         <name>.debug_info</name>
         <load_address>0x0</load_address>
         <run_address>0x0</run_address>
         <size>0x544</size>
         <input_file_ref idref="fl-2"/>
      </object_component>
      <object_component id="oc-a">
         <name>.debug_info</name>
         <load_address>0x544</load_address>
         <run_address>0x544</run_address>
         <size>0x540</size>
         <input_file_ref idref="fl-3"/>
      </object_component>
      <object_component id="oc-f">
         <name>.debug_info</name>
         <load_address>0xa84</load_address>
         <run_address>0xa84</run_address>
         <size>0xe8</size>
         <input_file_ref idref="fl-19"/>
      </object_component>
      <object_component id="oc-14">
         <name>.debug_info</name>
         <load_address>0xb6c</load_address>
         <run_address>0xb6c</run_address>
         <size>0x5fb</size>
         <input_file_ref idref="fl-1a"/>
      </object_component>
      <object_component id="oc-1a">
         <name>.debug_info</name>
         <load_address>0x1167</load_address>
         <run_address>0x1167</run_address>
         <size>0x76c</size>
         <input_file_ref idref="fl-1b"/>
      </object_component>
      <object_component id="oc-1f">
         <name>.debug_info</name>
         <load_address>0x18d3</load_address>
         <run_address>0x18d3</run_address>
         <size>0xbc</size>
         <input_file_ref idref="fl-1c"/>
      </object_component>
      <object_component id="oc-24">
         <name>.debug_info</name>
         <load_address>0x198f</load_address>
         <run_address>0x198f</run_address>
         <size>0x5bc</size>
         <input_file_ref idref="fl-1d"/>
      </object_component>
      <object_component id="oc-29">
         <name>.debug_info</name>
         <load_address>0x1f4b</load_address>
         <run_address>0x1f4b</run_address>
         <size>0x27bd</size>
         <input_file_ref idref="fl-1e"/>
      </object_component>
      <object_component id="oc-2f">
         <name>.debug_info</name>
         <load_address>0x4708</load_address>
         <run_address>0x4708</run_address>
         <size>0x586</size>
         <input_file_ref idref="fl-1f"/>
      </object_component>
      <object_component id="oc-33">
         <name>.debug_info</name>
         <load_address>0x4c8e</load_address>
         <run_address>0x4c8e</run_address>
         <size>0x5a4</size>
         <input_file_ref idref="fl-20"/>
      </object_component>
      <object_component id="oc-37">
         <name>.debug_info</name>
         <load_address>0x5232</load_address>
         <run_address>0x5232</run_address>
         <size>0xcd</size>
         <input_file_ref idref="fl-21"/>
      </object_component>
      <object_component id="oc-3b">
         <name>.debug_info</name>
         <load_address>0x52ff</load_address>
         <run_address>0x52ff</run_address>
         <size>0x81f</size>
         <input_file_ref idref="fl-22"/>
      </object_component>
      <object_component id="oc-3e">
         <name>.debug_info</name>
         <load_address>0x5b1e</load_address>
         <run_address>0x5b1e</run_address>
         <size>0x498</size>
         <input_file_ref idref="fl-23"/>
      </object_component>
      <object_component id="oc-41">
         <name>.debug_info</name>
         <load_address>0x5fb6</load_address>
         <run_address>0x5fb6</run_address>
         <size>0x57e</size>
         <input_file_ref idref="fl-24"/>
      </object_component>
      <object_component id="oc-45">
         <name>.debug_info</name>
         <load_address>0x6534</load_address>
         <run_address>0x6534</run_address>
         <size>0x7e8</size>
         <input_file_ref idref="fl-25"/>
      </object_component>
      <object_component id="oc-49">
         <name>.debug_info</name>
         <load_address>0x6d1c</load_address>
         <run_address>0x6d1c</run_address>
         <size>0x534</size>
         <input_file_ref idref="fl-26"/>
      </object_component>
      <object_component id="oc-4d">
         <name>.debug_info</name>
         <load_address>0x7250</load_address>
         <run_address>0x7250</run_address>
         <size>0x4cf</size>
         <input_file_ref idref="fl-27"/>
      </object_component>
      <object_component id="oc-51">
         <name>.debug_info</name>
         <load_address>0x771f</load_address>
         <run_address>0x771f</run_address>
         <size>0x534</size>
         <input_file_ref idref="fl-28"/>
      </object_component>
      <object_component id="oc-55">
         <name>.debug_info</name>
         <load_address>0x7c53</load_address>
         <run_address>0x7c53</run_address>
         <size>0x549</size>
         <input_file_ref idref="fl-29"/>
      </object_component>
      <object_component id="oc-5a">
         <name>.debug_info</name>
         <load_address>0x819c</load_address>
         <run_address>0x819c</run_address>
         <size>0x6aa</size>
         <input_file_ref idref="fl-2a"/>
      </object_component>
      <object_component id="oc-5e">
         <name>.debug_info</name>
         <load_address>0x8846</load_address>
         <run_address>0x8846</run_address>
         <size>0x942</size>
         <input_file_ref idref="fl-2b"/>
      </object_component>
      <object_component id="oc-63">
         <name>.debug_info</name>
         <load_address>0x9188</load_address>
         <run_address>0x9188</run_address>
         <size>0x53e</size>
         <input_file_ref idref="fl-2c"/>
      </object_component>
      <object_component id="oc-67">
         <name>.debug_info</name>
         <load_address>0x96c6</load_address>
         <run_address>0x96c6</run_address>
         <size>0x680</size>
         <input_file_ref idref="fl-2d"/>
      </object_component>
      <object_component id="oc-6b">
         <name>.debug_info</name>
         <load_address>0x9d46</load_address>
         <run_address>0x9d46</run_address>
         <size>0x7d4</size>
         <input_file_ref idref="fl-2e"/>
      </object_component>
      <object_component id="oc-6f">
         <name>.debug_info</name>
         <load_address>0xa51a</load_address>
         <run_address>0xa51a</run_address>
         <size>0xbd</size>
         <input_file_ref idref="fl-2f"/>
      </object_component>
      <object_component id="oc-74">
         <name>.debug_info</name>
         <load_address>0xa5d7</load_address>
         <run_address>0xa5d7</run_address>
         <size>0x144b</size>
         <input_file_ref idref="fl-30"/>
      </object_component>
      <object_component id="oc-79">
         <name>.debug_info</name>
         <load_address>0xba22</load_address>
         <run_address>0xba22</run_address>
         <size>0x5ad</size>
         <input_file_ref idref="fl-31"/>
      </object_component>
      <object_component id="oc-7d">
         <name>.debug_info</name>
         <load_address>0xbfcf</load_address>
         <run_address>0xbfcf</run_address>
         <size>0x574</size>
         <input_file_ref idref="fl-32"/>
      </object_component>
      <object_component id="oc-81">
         <name>.debug_info</name>
         <load_address>0xc543</load_address>
         <run_address>0xc543</run_address>
         <size>0xd1</size>
         <input_file_ref idref="fl-33"/>
      </object_component>
      <object_component id="oc-85">
         <name>.debug_info</name>
         <load_address>0xc614</load_address>
         <run_address>0xc614</run_address>
         <size>0x55b</size>
         <input_file_ref idref="fl-34"/>
      </object_component>
      <object_component id="oc-89">
         <name>.debug_info</name>
         <load_address>0xcb6f</load_address>
         <run_address>0xcb6f</run_address>
         <size>0x4b7</size>
         <input_file_ref idref="fl-35"/>
      </object_component>
      <object_component id="oc-8d">
         <name>.debug_info</name>
         <load_address>0xd026</load_address>
         <run_address>0xd026</run_address>
         <size>0x4f2</size>
         <input_file_ref idref="fl-36"/>
      </object_component>
      <object_component id="oc-91">
         <name>.debug_info</name>
         <load_address>0xd518</load_address>
         <run_address>0xd518</run_address>
         <size>0x534</size>
         <input_file_ref idref="fl-37"/>
      </object_component>
      <object_component id="oc-95">
         <name>.debug_info</name>
         <load_address>0xda4c</load_address>
         <run_address>0xda4c</run_address>
         <size>0x4de</size>
         <input_file_ref idref="fl-38"/>
      </object_component>
      <object_component id="oc-9a">
         <name>.debug_info</name>
         <load_address>0xdf2a</load_address>
         <run_address>0xdf2a</run_address>
         <size>0xed4</size>
         <input_file_ref idref="fl-39"/>
      </object_component>
      <object_component id="oc-9e">
         <name>.debug_info</name>
         <load_address>0xedfe</load_address>
         <run_address>0xedfe</run_address>
         <size>0x744</size>
         <input_file_ref idref="fl-3a"/>
      </object_component>
      <object_component id="oc-a4">
         <name>.debug_info</name>
         <load_address>0xf542</load_address>
         <run_address>0xf542</run_address>
         <size>0xef</size>
         <input_file_ref idref="fl-3b"/>
      </object_component>
      <object_component id="oc-a8">
         <name>.debug_info</name>
         <load_address>0xf631</load_address>
         <run_address>0xf631</run_address>
         <size>0x662</size>
         <input_file_ref idref="fl-3c"/>
      </object_component>
      <object_component id="oc-ac">
         <name>.debug_info</name>
         <load_address>0xfc93</load_address>
         <run_address>0xfc93</run_address>
         <size>0x5ab</size>
         <input_file_ref idref="fl-3d"/>
      </object_component>
      <object_component id="oc-b0">
         <name>.debug_info</name>
         <load_address>0x1023e</load_address>
         <run_address>0x1023e</run_address>
         <size>0x4f2</size>
         <input_file_ref idref="fl-3e"/>
      </object_component>
      <object_component id="oc-b4">
         <name>.debug_info</name>
         <load_address>0x10730</load_address>
         <run_address>0x10730</run_address>
         <size>0x706</size>
         <input_file_ref idref="fl-3f"/>
      </object_component>
      <object_component id="oc-b8">
         <name>.debug_info</name>
         <load_address>0x10e36</load_address>
         <run_address>0x10e36</run_address>
         <size>0x4d2</size>
         <input_file_ref idref="fl-40"/>
      </object_component>
      <object_component id="oc-bc">
         <name>.debug_info</name>
         <load_address>0x11308</load_address>
         <run_address>0x11308</run_address>
         <size>0x5f7</size>
         <input_file_ref idref="fl-41"/>
      </object_component>
      <object_component id="oc-c0">
         <name>.debug_info</name>
         <load_address>0x118ff</load_address>
         <run_address>0x118ff</run_address>
         <size>0x64a</size>
         <input_file_ref idref="fl-42"/>
      </object_component>
      <object_component id="oc-c5">
         <name>.debug_info</name>
         <load_address>0x11f49</load_address>
         <run_address>0x11f49</run_address>
         <size>0xa1c</size>
         <input_file_ref idref="fl-43"/>
      </object_component>
      <object_component id="oc-cb">
         <name>.debug_info</name>
         <load_address>0x12965</load_address>
         <run_address>0x12965</run_address>
         <size>0xb97</size>
         <input_file_ref idref="fl-44"/>
      </object_component>
      <object_component id="oc-d1">
         <name>.debug_info</name>
         <load_address>0x134fc</load_address>
         <run_address>0x134fc</run_address>
         <size>0x64f</size>
         <input_file_ref idref="fl-45"/>
      </object_component>
      <object_component id="oc-d5">
         <name>.debug_info</name>
         <load_address>0x13b4b</load_address>
         <run_address>0x13b4b</run_address>
         <size>0x510</size>
         <input_file_ref idref="fl-46"/>
      </object_component>
      <object_component id="oc-fe">
         <name>.debug_info</name>
         <load_address>0x1405b</load_address>
         <run_address>0x1405b</run_address>
         <size>0x6e</size>
      </object_component>
      <object_component id="oc-d9">
         <name>.const:__ctypes_</name>
         <load_address>0x4664</load_address>
         <run_address>0x4664</run_address>
         <size>0x202</size>
         <input_file_ref idref="fl-23"/>
      </object_component>
      <object_component id="oc-2b">
         <name>.const:.string</name>
         <load_address>0x4868</load_address>
         <run_address>0x4868</run_address>
         <size>0x48</size>
         <input_file_ref idref="fl-1e"/>
      </object_component>
      <object_component id="oc-5">
         <name>.const:.string</name>
         <load_address>0x48b0</load_address>
         <run_address>0x48b0</run_address>
         <size>0x1c</size>
         <input_file_ref idref="fl-2"/>
      </object_component>
      <object_component id="oc-2a">
         <name>.const</name>
         <load_address>0x48cc</load_address>
         <run_address>0x48cc</run_address>
         <size>0x18</size>
         <input_file_ref idref="fl-1e"/>
      </object_component>
      <object_component id="oc-da">
         <name>.const:_initial_approx$1</name>
         <load_address>0x48e4</load_address>
         <run_address>0x48e4</run_address>
         <size>0x10</size>
         <input_file_ref idref="fl-25"/>
      </object_component>
      <object_component id="oc-5f">
         <name>.const:.string</name>
         <load_address>0x48f4</load_address>
         <run_address>0x48f4</run_address>
         <size>0x4</size>
         <input_file_ref idref="fl-2b"/>
      </object_component>
      <object_component id="oc-56">
         <name>.const</name>
         <load_address>0x48f8</load_address>
         <run_address>0x48f8</run_address>
         <size>0x4</size>
         <input_file_ref idref="fl-29"/>
      </object_component>
      <object_component id="oc-6">
         <name>.debug_frame</name>
         <load_address>0x0</load_address>
         <run_address>0x0</run_address>
         <size>0xe4</size>
         <input_file_ref idref="fl-2"/>
      </object_component>
      <object_component id="oc-b">
         <name>.debug_frame</name>
         <load_address>0xe4</load_address>
         <run_address>0xe4</run_address>
         <size>0xe4</size>
         <input_file_ref idref="fl-3"/>
      </object_component>
      <object_component id="oc-7">
         <name>.debug_line</name>
         <load_address>0x0</load_address>
         <run_address>0x0</run_address>
         <size>0x3e</size>
         <input_file_ref idref="fl-2"/>
      </object_component>
      <object_component id="oc-c">
         <name>.debug_line</name>
         <load_address>0x3e</load_address>
         <run_address>0x3e</run_address>
         <size>0x40</size>
         <input_file_ref idref="fl-3"/>
      </object_component>
      <object_component id="oc-10">
         <name>.debug_line</name>
         <load_address>0x7e</load_address>
         <run_address>0x7e</run_address>
         <size>0x54</size>
         <input_file_ref idref="fl-19"/>
      </object_component>
      <object_component id="oc-17">
         <name>.debug_line</name>
         <load_address>0xd2</load_address>
         <run_address>0xd2</run_address>
         <size>0x51</size>
         <input_file_ref idref="fl-1a"/>
      </object_component>
      <object_component id="oc-1b">
         <name>.debug_line</name>
         <load_address>0x123</load_address>
         <run_address>0x123</run_address>
         <size>0x69</size>
         <input_file_ref idref="fl-1b"/>
      </object_component>
      <object_component id="oc-20">
         <name>.debug_line</name>
         <load_address>0x18c</load_address>
         <run_address>0x18c</run_address>
         <size>0x37</size>
         <input_file_ref idref="fl-1c"/>
      </object_component>
      <object_component id="oc-26">
         <name>.debug_line</name>
         <load_address>0x1c3</load_address>
         <run_address>0x1c3</run_address>
         <size>0x57</size>
         <input_file_ref idref="fl-1d"/>
      </object_component>
      <object_component id="oc-2c">
         <name>.debug_line</name>
         <load_address>0x21a</load_address>
         <run_address>0x21a</run_address>
         <size>0x328</size>
         <input_file_ref idref="fl-1e"/>
      </object_component>
      <object_component id="oc-30">
         <name>.debug_line</name>
         <load_address>0x542</load_address>
         <run_address>0x542</run_address>
         <size>0x41</size>
         <input_file_ref idref="fl-1f"/>
      </object_component>
      <object_component id="oc-34">
         <name>.debug_line</name>
         <load_address>0x583</load_address>
         <run_address>0x583</run_address>
         <size>0x46</size>
         <input_file_ref idref="fl-20"/>
      </object_component>
      <object_component id="oc-38">
         <name>.debug_line</name>
         <load_address>0x5c9</load_address>
         <run_address>0x5c9</run_address>
         <size>0x55</size>
         <input_file_ref idref="fl-21"/>
      </object_component>
      <object_component id="oc-3c">
         <name>.debug_line</name>
         <load_address>0x61e</load_address>
         <run_address>0x61e</run_address>
         <size>0xad</size>
         <input_file_ref idref="fl-22"/>
      </object_component>
      <object_component id="oc-46">
         <name>.debug_line</name>
         <load_address>0x6cb</load_address>
         <run_address>0x6cb</run_address>
         <size>0x5b</size>
         <input_file_ref idref="fl-25"/>
      </object_component>
      <object_component id="oc-4a">
         <name>.debug_line</name>
         <load_address>0x726</load_address>
         <run_address>0x726</run_address>
         <size>0x44</size>
         <input_file_ref idref="fl-26"/>
      </object_component>
      <object_component id="oc-4e">
         <name>.debug_line</name>
         <load_address>0x76a</load_address>
         <run_address>0x76a</run_address>
         <size>0x3d</size>
         <input_file_ref idref="fl-27"/>
      </object_component>
      <object_component id="oc-52">
         <name>.debug_line</name>
         <load_address>0x7a7</load_address>
         <run_address>0x7a7</run_address>
         <size>0x3d</size>
         <input_file_ref idref="fl-28"/>
      </object_component>
      <object_component id="oc-57">
         <name>.debug_line</name>
         <load_address>0x7e4</load_address>
         <run_address>0x7e4</run_address>
         <size>0x44</size>
         <input_file_ref idref="fl-29"/>
      </object_component>
      <object_component id="oc-5b">
         <name>.debug_line</name>
         <load_address>0x828</load_address>
         <run_address>0x828</run_address>
         <size>0x56</size>
         <input_file_ref idref="fl-2a"/>
      </object_component>
      <object_component id="oc-60">
         <name>.debug_line</name>
         <load_address>0x87e</load_address>
         <run_address>0x87e</run_address>
         <size>0xa8</size>
         <input_file_ref idref="fl-2b"/>
      </object_component>
      <object_component id="oc-64">
         <name>.debug_line</name>
         <load_address>0x926</load_address>
         <run_address>0x926</run_address>
         <size>0x40</size>
         <input_file_ref idref="fl-2c"/>
      </object_component>
      <object_component id="oc-68">
         <name>.debug_line</name>
         <load_address>0x966</load_address>
         <run_address>0x966</run_address>
         <size>0x38</size>
         <input_file_ref idref="fl-2d"/>
      </object_component>
      <object_component id="oc-6c">
         <name>.debug_line</name>
         <load_address>0x99e</load_address>
         <run_address>0x99e</run_address>
         <size>0xa8</size>
         <input_file_ref idref="fl-2e"/>
      </object_component>
      <object_component id="oc-70">
         <name>.debug_line</name>
         <load_address>0xa46</load_address>
         <run_address>0xa46</run_address>
         <size>0x3c</size>
         <input_file_ref idref="fl-2f"/>
      </object_component>
      <object_component id="oc-76">
         <name>.debug_line</name>
         <load_address>0xa82</load_address>
         <run_address>0xa82</run_address>
         <size>0x1b0</size>
         <input_file_ref idref="fl-30"/>
      </object_component>
      <object_component id="oc-7a">
         <name>.debug_line</name>
         <load_address>0xc32</load_address>
         <run_address>0xc32</run_address>
         <size>0x40</size>
         <input_file_ref idref="fl-31"/>
      </object_component>
      <object_component id="oc-7e">
         <name>.debug_line</name>
         <load_address>0xc72</load_address>
         <run_address>0xc72</run_address>
         <size>0x3c</size>
         <input_file_ref idref="fl-32"/>
      </object_component>
      <object_component id="oc-82">
         <name>.debug_line</name>
         <load_address>0xcae</load_address>
         <run_address>0xcae</run_address>
         <size>0x4d</size>
         <input_file_ref idref="fl-33"/>
      </object_component>
      <object_component id="oc-86">
         <name>.debug_line</name>
         <load_address>0xcfb</load_address>
         <run_address>0xcfb</run_address>
         <size>0x3c</size>
         <input_file_ref idref="fl-34"/>
      </object_component>
      <object_component id="oc-8a">
         <name>.debug_line</name>
         <load_address>0xd37</load_address>
         <run_address>0xd37</run_address>
         <size>0x37</size>
         <input_file_ref idref="fl-35"/>
      </object_component>
      <object_component id="oc-8e">
         <name>.debug_line</name>
         <load_address>0xd6e</load_address>
         <run_address>0xd6e</run_address>
         <size>0x3c</size>
         <input_file_ref idref="fl-36"/>
      </object_component>
      <object_component id="oc-92">
         <name>.debug_line</name>
         <load_address>0xdaa</load_address>
         <run_address>0xdaa</run_address>
         <size>0x44</size>
         <input_file_ref idref="fl-37"/>
      </object_component>
      <object_component id="oc-96">
         <name>.debug_line</name>
         <load_address>0xdee</load_address>
         <run_address>0xdee</run_address>
         <size>0x37</size>
         <input_file_ref idref="fl-38"/>
      </object_component>
      <object_component id="oc-9b">
         <name>.debug_line</name>
         <load_address>0xe25</load_address>
         <run_address>0xe25</run_address>
         <size>0x15d</size>
         <input_file_ref idref="fl-39"/>
      </object_component>
      <object_component id="oc-a1">
         <name>.debug_line</name>
         <load_address>0xf82</load_address>
         <run_address>0xf82</run_address>
         <size>0x6a</size>
         <input_file_ref idref="fl-3a"/>
      </object_component>
      <object_component id="oc-a5">
         <name>.debug_line</name>
         <load_address>0xfec</load_address>
         <run_address>0xfec</run_address>
         <size>0x58</size>
         <input_file_ref idref="fl-3b"/>
      </object_component>
      <object_component id="oc-a9">
         <name>.debug_line</name>
         <load_address>0x1044</load_address>
         <run_address>0x1044</run_address>
         <size>0x57</size>
         <input_file_ref idref="fl-3c"/>
      </object_component>
      <object_component id="oc-ad">
         <name>.debug_line</name>
         <load_address>0x109b</load_address>
         <run_address>0x109b</run_address>
         <size>0x5c</size>
         <input_file_ref idref="fl-3d"/>
      </object_component>
      <object_component id="oc-b1">
         <name>.debug_line</name>
         <load_address>0x10f7</load_address>
         <run_address>0x10f7</run_address>
         <size>0x3c</size>
         <input_file_ref idref="fl-3e"/>
      </object_component>
      <object_component id="oc-b5">
         <name>.debug_line</name>
         <load_address>0x1133</load_address>
         <run_address>0x1133</run_address>
         <size>0x5b</size>
         <input_file_ref idref="fl-3f"/>
      </object_component>
      <object_component id="oc-b9">
         <name>.debug_line</name>
         <load_address>0x118e</load_address>
         <run_address>0x118e</run_address>
         <size>0x3a</size>
         <input_file_ref idref="fl-40"/>
      </object_component>
      <object_component id="oc-bd">
         <name>.debug_line</name>
         <load_address>0x11c8</load_address>
         <run_address>0x11c8</run_address>
         <size>0x3c</size>
         <input_file_ref idref="fl-41"/>
      </object_component>
      <object_component id="oc-c1">
         <name>.debug_line</name>
         <load_address>0x1204</load_address>
         <run_address>0x1204</run_address>
         <size>0x3f</size>
         <input_file_ref idref="fl-42"/>
      </object_component>
      <object_component id="oc-c7">
         <name>.debug_line</name>
         <load_address>0x1243</load_address>
         <run_address>0x1243</run_address>
         <size>0xd7</size>
         <input_file_ref idref="fl-43"/>
      </object_component>
      <object_component id="oc-ce">
         <name>.debug_line</name>
         <load_address>0x131a</load_address>
         <run_address>0x131a</run_address>
         <size>0x112</size>
         <input_file_ref idref="fl-44"/>
      </object_component>
      <object_component id="oc-d2">
         <name>.debug_line</name>
         <load_address>0x142c</load_address>
         <run_address>0x142c</run_address>
         <size>0x3d</size>
         <input_file_ref idref="fl-45"/>
      </object_component>
      <object_component id="oc-d6">
         <name>.debug_line</name>
         <load_address>0x1469</load_address>
         <run_address>0x1469</run_address>
         <size>0x39</size>
         <input_file_ref idref="fl-46"/>
      </object_component>
      <object_component id="oc-8">
         <name>.debug_abbrev</name>
         <load_address>0x0</load_address>
         <run_address>0x0</run_address>
         <size>0xae</size>
         <input_file_ref idref="fl-2"/>
      </object_component>
      <object_component id="oc-d">
         <name>.debug_abbrev</name>
         <load_address>0xae</load_address>
         <run_address>0xae</run_address>
         <size>0x85</size>
         <input_file_ref idref="fl-3"/>
      </object_component>
      <object_component id="oc-11">
         <name>.debug_abbrev</name>
         <load_address>0x133</load_address>
         <run_address>0x133</run_address>
         <size>0x3a</size>
         <input_file_ref idref="fl-19"/>
      </object_component>
      <object_component id="oc-18">
         <name>.debug_abbrev</name>
         <load_address>0x16d</load_address>
         <run_address>0x16d</run_address>
         <size>0xf7</size>
         <input_file_ref idref="fl-1a"/>
      </object_component>
      <object_component id="oc-1c">
         <name>.debug_abbrev</name>
         <load_address>0x264</load_address>
         <run_address>0x264</run_address>
         <size>0x145</size>
         <input_file_ref idref="fl-1b"/>
      </object_component>
      <object_component id="oc-21">
         <name>.debug_abbrev</name>
         <load_address>0x3a9</load_address>
         <run_address>0x3a9</run_address>
         <size>0x26</size>
         <input_file_ref idref="fl-1c"/>
      </object_component>
      <object_component id="oc-27">
         <name>.debug_abbrev</name>
         <load_address>0x3cf</load_address>
         <run_address>0x3cf</run_address>
         <size>0x9f</size>
         <input_file_ref idref="fl-1d"/>
      </object_component>
      <object_component id="oc-2d">
         <name>.debug_abbrev</name>
         <load_address>0x46e</load_address>
         <run_address>0x46e</run_address>
         <size>0x1f8</size>
         <input_file_ref idref="fl-1e"/>
      </object_component>
      <object_component id="oc-31">
         <name>.debug_abbrev</name>
         <load_address>0x666</load_address>
         <run_address>0x666</run_address>
         <size>0xec</size>
         <input_file_ref idref="fl-1f"/>
      </object_component>
      <object_component id="oc-35">
         <name>.debug_abbrev</name>
         <load_address>0x752</load_address>
         <run_address>0x752</run_address>
         <size>0xd5</size>
         <input_file_ref idref="fl-20"/>
      </object_component>
      <object_component id="oc-39">
         <name>.debug_abbrev</name>
         <load_address>0x827</load_address>
         <run_address>0x827</run_address>
         <size>0x44</size>
         <input_file_ref idref="fl-21"/>
      </object_component>
      <object_component id="oc-3d">
         <name>.debug_abbrev</name>
         <load_address>0x86b</load_address>
         <run_address>0x86b</run_address>
         <size>0xb7</size>
         <input_file_ref idref="fl-22"/>
      </object_component>
      <object_component id="oc-3f">
         <name>.debug_abbrev</name>
         <load_address>0x922</load_address>
         <run_address>0x922</run_address>
         <size>0x68</size>
         <input_file_ref idref="fl-23"/>
      </object_component>
      <object_component id="oc-43">
         <name>.debug_abbrev</name>
         <load_address>0x98a</load_address>
         <run_address>0x98a</run_address>
         <size>0x83</size>
         <input_file_ref idref="fl-24"/>
      </object_component>
      <object_component id="oc-47">
         <name>.debug_abbrev</name>
         <load_address>0xa0d</load_address>
         <run_address>0xa0d</run_address>
         <size>0x112</size>
         <input_file_ref idref="fl-25"/>
      </object_component>
      <object_component id="oc-4b">
         <name>.debug_abbrev</name>
         <load_address>0xb1f</load_address>
         <run_address>0xb1f</run_address>
         <size>0xb5</size>
         <input_file_ref idref="fl-26"/>
      </object_component>
      <object_component id="oc-4f">
         <name>.debug_abbrev</name>
         <load_address>0xbd4</load_address>
         <run_address>0xbd4</run_address>
         <size>0x8f</size>
         <input_file_ref idref="fl-27"/>
      </object_component>
      <object_component id="oc-53">
         <name>.debug_abbrev</name>
         <load_address>0xc63</load_address>
         <run_address>0xc63</run_address>
         <size>0xb7</size>
         <input_file_ref idref="fl-28"/>
      </object_component>
      <object_component id="oc-58">
         <name>.debug_abbrev</name>
         <load_address>0xd1a</load_address>
         <run_address>0xd1a</run_address>
         <size>0xc2</size>
         <input_file_ref idref="fl-29"/>
      </object_component>
      <object_component id="oc-5c">
         <name>.debug_abbrev</name>
         <load_address>0xddc</load_address>
         <run_address>0xddc</run_address>
         <size>0x103</size>
         <input_file_ref idref="fl-2a"/>
      </object_component>
      <object_component id="oc-61">
         <name>.debug_abbrev</name>
         <load_address>0xedf</load_address>
         <run_address>0xedf</run_address>
         <size>0x140</size>
         <input_file_ref idref="fl-2b"/>
      </object_component>
      <object_component id="oc-65">
         <name>.debug_abbrev</name>
         <load_address>0x101f</load_address>
         <run_address>0x101f</run_address>
         <size>0x9a</size>
         <input_file_ref idref="fl-2c"/>
      </object_component>
      <object_component id="oc-69">
         <name>.debug_abbrev</name>
         <load_address>0x10b9</load_address>
         <run_address>0x10b9</run_address>
         <size>0xd0</size>
         <input_file_ref idref="fl-2d"/>
      </object_component>
      <object_component id="oc-6d">
         <name>.debug_abbrev</name>
         <load_address>0x1189</load_address>
         <run_address>0x1189</run_address>
         <size>0xb7</size>
         <input_file_ref idref="fl-2e"/>
      </object_component>
      <object_component id="oc-71">
         <name>.debug_abbrev</name>
         <load_address>0x1240</load_address>
         <run_address>0x1240</run_address>
         <size>0x38</size>
         <input_file_ref idref="fl-2f"/>
      </object_component>
      <object_component id="oc-77">
         <name>.debug_abbrev</name>
         <load_address>0x1278</load_address>
         <run_address>0x1278</run_address>
         <size>0x225</size>
         <input_file_ref idref="fl-30"/>
      </object_component>
      <object_component id="oc-7b">
         <name>.debug_abbrev</name>
         <load_address>0x149d</load_address>
         <run_address>0x149d</run_address>
         <size>0xec</size>
         <input_file_ref idref="fl-31"/>
      </object_component>
      <object_component id="oc-7f">
         <name>.debug_abbrev</name>
         <load_address>0x1589</load_address>
         <run_address>0x1589</run_address>
         <size>0xb7</size>
         <input_file_ref idref="fl-32"/>
      </object_component>
      <object_component id="oc-83">
         <name>.debug_abbrev</name>
         <load_address>0x1640</load_address>
         <run_address>0x1640</run_address>
         <size>0x38</size>
         <input_file_ref idref="fl-33"/>
      </object_component>
      <object_component id="oc-87">
         <name>.debug_abbrev</name>
         <load_address>0x1678</load_address>
         <run_address>0x1678</run_address>
         <size>0xdc</size>
         <input_file_ref idref="fl-34"/>
      </object_component>
      <object_component id="oc-8b">
         <name>.debug_abbrev</name>
         <load_address>0x1754</load_address>
         <run_address>0x1754</run_address>
         <size>0x81</size>
         <input_file_ref idref="fl-35"/>
      </object_component>
      <object_component id="oc-8f">
         <name>.debug_abbrev</name>
         <load_address>0x17d5</load_address>
         <run_address>0x17d5</run_address>
         <size>0xa6</size>
         <input_file_ref idref="fl-36"/>
      </object_component>
      <object_component id="oc-93">
         <name>.debug_abbrev</name>
         <load_address>0x187b</load_address>
         <run_address>0x187b</run_address>
         <size>0xb5</size>
         <input_file_ref idref="fl-37"/>
      </object_component>
      <object_component id="oc-97">
         <name>.debug_abbrev</name>
         <load_address>0x1930</load_address>
         <run_address>0x1930</run_address>
         <size>0x8f</size>
         <input_file_ref idref="fl-38"/>
      </object_component>
      <object_component id="oc-9c">
         <name>.debug_abbrev</name>
         <load_address>0x19bf</load_address>
         <run_address>0x19bf</run_address>
         <size>0x15a</size>
         <input_file_ref idref="fl-39"/>
      </object_component>
      <object_component id="oc-a2">
         <name>.debug_abbrev</name>
         <load_address>0x1b19</load_address>
         <run_address>0x1b19</run_address>
         <size>0xde</size>
         <input_file_ref idref="fl-3a"/>
      </object_component>
      <object_component id="oc-a6">
         <name>.debug_abbrev</name>
         <load_address>0x1bf7</load_address>
         <run_address>0x1bf7</run_address>
         <size>0x38</size>
         <input_file_ref idref="fl-3b"/>
      </object_component>
      <object_component id="oc-aa">
         <name>.debug_abbrev</name>
         <load_address>0x1c2f</load_address>
         <run_address>0x1c2f</run_address>
         <size>0xd1</size>
         <input_file_ref idref="fl-3c"/>
      </object_component>
      <object_component id="oc-ae">
         <name>.debug_abbrev</name>
         <load_address>0x1d00</load_address>
         <run_address>0x1d00</run_address>
         <size>0xd4</size>
         <input_file_ref idref="fl-3d"/>
      </object_component>
      <object_component id="oc-b2">
         <name>.debug_abbrev</name>
         <load_address>0x1dd4</load_address>
         <run_address>0x1dd4</run_address>
         <size>0xa6</size>
         <input_file_ref idref="fl-3e"/>
      </object_component>
      <object_component id="oc-b6">
         <name>.debug_abbrev</name>
         <load_address>0x1e7a</load_address>
         <run_address>0x1e7a</run_address>
         <size>0x136</size>
         <input_file_ref idref="fl-3f"/>
      </object_component>
      <object_component id="oc-ba">
         <name>.debug_abbrev</name>
         <load_address>0x1fb0</load_address>
         <run_address>0x1fb0</run_address>
         <size>0x81</size>
         <input_file_ref idref="fl-40"/>
      </object_component>
      <object_component id="oc-be">
         <name>.debug_abbrev</name>
         <load_address>0x2031</load_address>
         <run_address>0x2031</run_address>
         <size>0xd1</size>
         <input_file_ref idref="fl-41"/>
      </object_component>
      <object_component id="oc-c2">
         <name>.debug_abbrev</name>
         <load_address>0x2102</load_address>
         <run_address>0x2102</run_address>
         <size>0x10b</size>
         <input_file_ref idref="fl-42"/>
      </object_component>
      <object_component id="oc-c8">
         <name>.debug_abbrev</name>
         <load_address>0x220d</load_address>
         <run_address>0x220d</run_address>
         <size>0x1a2</size>
         <input_file_ref idref="fl-43"/>
      </object_component>
      <object_component id="oc-cf">
         <name>.debug_abbrev</name>
         <load_address>0x23af</load_address>
         <run_address>0x23af</run_address>
         <size>0x1de</size>
         <input_file_ref idref="fl-44"/>
      </object_component>
      <object_component id="oc-d3">
         <name>.debug_abbrev</name>
         <load_address>0x258d</load_address>
         <run_address>0x258d</run_address>
         <size>0x118</size>
         <input_file_ref idref="fl-45"/>
      </object_component>
      <object_component id="oc-d7">
         <name>.debug_abbrev</name>
         <load_address>0x26a5</load_address>
         <run_address>0x26a5</run_address>
         <size>0xbf</size>
         <input_file_ref idref="fl-46"/>
      </object_component>
      <object_component id="oc-ff">
         <name>.debug_abbrev</name>
         <load_address>0x2764</load_address>
         <run_address>0x2764</run_address>
         <size>0xd</size>
      </object_component>
      <object_component id="oc-e">
         <name>.stack</name>
         <uninitialized>true</uninitialized>
         <run_address>0x4b40</run_address>
         <size>0x0</size>
         <input_file_ref idref="fl-19"/>
      </object_component>
      <object_component id="oc-fa">
         <name>.stack</name>
         <uninitialized>true</uninitialized>
         <run_address>0x4b40</run_address>
         <size>0x0</size>
      </object_component>
      <object_component id="oc-9f">
         <name>.cio</name>
         <uninitialized>true</uninitialized>
         <run_address>0x4900</run_address>
         <size>0x240</size>
         <input_file_ref idref="fl-3a"/>
      </object_component>
      <object_component id="oc-cd">
         <name>.sysmem</name>
         <uninitialized>true</uninitialized>
         <run_address>0x4262</run_address>
         <size>0x0</size>
         <input_file_ref idref="fl-44"/>
      </object_component>
      <object_component id="oc-fb">
         <name>.sysmem</name>
         <uninitialized>true</uninitialized>
         <run_address>0x4262</run_address>
         <size>0x0</size>
      </object_component>
      <object_component id="oc-d8">
         <name>.sysstack</name>
         <uninitialized>true</uninitialized>
         <run_address>0x4d40</run_address>
         <size>0x0</size>
         <input_file_ref idref="fl-19"/>
      </object_component>
      <object_component id="oc-fc">
         <name>.sysstack</name>
         <uninitialized>true</uninitialized>
         <run_address>0x4d40</run_address>
         <size>0x0</size>
      </object_component>
   </object_component_list>
   <logical_group_list>
      <logical_group id="lg-db">
         <name>.text</name>
         <load_address>0x100</load_address>
         <run_address>0x100</run_address>
         <size>0x407a</size>
         <contents>
            <object_component_ref idref="oc-28"/>
            <object_component_ref idref="oc-72"/>
            <object_component_ref idref="oc-98"/>
            <object_component_ref idref="oc-c9"/>
            <object_component_ref idref="oc-44"/>
            <object_component_ref idref="oc-c3"/>
            <object_component_ref idref="oc-6a"/>
            <object_component_ref idref="oc-ab"/>
            <object_component_ref idref="oc-3a"/>
            <object_component_ref idref="oc-5d"/>
            <object_component_ref idref="oc-84"/>
            <object_component_ref idref="oc-bf"/>
            <object_component_ref idref="oc-a7"/>
            <object_component_ref idref="oc-b3"/>
            <object_component_ref idref="oc-a0"/>
            <object_component_ref idref="oc-59"/>
            <object_component_ref idref="oc-48"/>
            <object_component_ref idref="oc-78"/>
            <object_component_ref idref="oc-d0"/>
            <object_component_ref idref="oc-b7"/>
            <object_component_ref idref="oc-62"/>
            <object_component_ref idref="oc-90"/>
            <object_component_ref idref="oc-50"/>
            <object_component_ref idref="oc-9d"/>
            <object_component_ref idref="oc-bb"/>
            <object_component_ref idref="oc-54"/>
            <object_component_ref idref="oc-32"/>
            <object_component_ref idref="oc-19"/>
            <object_component_ref idref="oc-36"/>
            <object_component_ref idref="oc-2e"/>
            <object_component_ref idref="oc-8c"/>
            <object_component_ref idref="oc-af"/>
            <object_component_ref idref="oc-80"/>
            <object_component_ref idref="oc-12"/>
            <object_component_ref idref="oc-2"/>
            <object_component_ref idref="oc-4c"/>
            <object_component_ref idref="oc-a3"/>
            <object_component_ref idref="oc-7c"/>
            <object_component_ref idref="oc-66"/>
            <object_component_ref idref="oc-3"/>
            <object_component_ref idref="oc-94"/>
            <object_component_ref idref="oc-6e"/>
            <object_component_ref idref="oc-22"/>
            <object_component_ref idref="oc-88"/>
            <object_component_ref idref="oc-d4"/>
            <object_component_ref idref="oc-9"/>
            <object_component_ref idref="oc-16"/>
            <object_component_ref idref="oc-1d"/>
         </contents>
      </logical_group>
      <logical_group id="lg-dc">
         <name>.data</name>
         <run_address>0x10000</run_address>
         <size>0x0</size>
         <contents>
         </contents>
      </logical_group>
      <logical_group id="lg-dd">
         <name>.bss</name>
         <run_address>0x10000</run_address>
         <size>0x4d4</size>
         <contents>
            <object_component_ref idref="oc-13"/>
            <object_component_ref idref="oc-23"/>
            <object_component_ref idref="oc-40"/>
            <object_component_ref idref="oc-73"/>
            <object_component_ref idref="oc-99"/>
            <object_component_ref idref="oc-c4"/>
            <object_component_ref idref="oc-ca"/>
         </contents>
      </logical_group>
      <logical_group id="lg-de">
         <name>vectors</name>
         <load_address>0xffff00</load_address>
         <run_address>0xffff00</run_address>
         <size>0x100</size>
         <contents>
            <object_component_ref idref="oc-1e"/>
         </contents>
      </logical_group>
      <logical_group id="lg-df">
         <name>.cinit</name>
         <load_address>0x417a</load_address>
         <run_address>0x417a</run_address>
         <size>0xe8</size>
         <contents>
            <object_component_ref idref="oc-75"/>
            <object_component_ref idref="oc-42"/>
            <object_component_ref idref="oc-25"/>
            <object_component_ref idref="oc-15"/>
            <object_component_ref idref="oc-c6"/>
            <object_component_ref idref="oc-cc"/>
         </contents>
      </logical_group>
      <logical_group id="lg-e0">
         <name>.pinit</name>
         <run_address>0x0</run_address>
         <size>0x0</size>
         <contents>
         </contents>
      </logical_group>
      <logical_group id="lg-e7">
         <name>.debug_info</name>
         <load_address>0x0</load_address>
         <run_address>0x0</run_address>
         <size>0x140c9</size>
         <contents>
            <object_component_ref idref="oc-4"/>
            <object_component_ref idref="oc-a"/>
            <object_component_ref idref="oc-f"/>
            <object_component_ref idref="oc-14"/>
            <object_component_ref idref="oc-1a"/>
            <object_component_ref idref="oc-1f"/>
            <object_component_ref idref="oc-24"/>
            <object_component_ref idref="oc-29"/>
            <object_component_ref idref="oc-2f"/>
            <object_component_ref idref="oc-33"/>
            <object_component_ref idref="oc-37"/>
            <object_component_ref idref="oc-3b"/>
            <object_component_ref idref="oc-3e"/>
            <object_component_ref idref="oc-41"/>
            <object_component_ref idref="oc-45"/>
            <object_component_ref idref="oc-49"/>
            <object_component_ref idref="oc-4d"/>
            <object_component_ref idref="oc-51"/>
            <object_component_ref idref="oc-55"/>
            <object_component_ref idref="oc-5a"/>
            <object_component_ref idref="oc-5e"/>
            <object_component_ref idref="oc-63"/>
            <object_component_ref idref="oc-67"/>
            <object_component_ref idref="oc-6b"/>
            <object_component_ref idref="oc-6f"/>
            <object_component_ref idref="oc-74"/>
            <object_component_ref idref="oc-79"/>
            <object_component_ref idref="oc-7d"/>
            <object_component_ref idref="oc-81"/>
            <object_component_ref idref="oc-85"/>
            <object_component_ref idref="oc-89"/>
            <object_component_ref idref="oc-8d"/>
            <object_component_ref idref="oc-91"/>
            <object_component_ref idref="oc-95"/>
            <object_component_ref idref="oc-9a"/>
            <object_component_ref idref="oc-9e"/>
            <object_component_ref idref="oc-a4"/>
            <object_component_ref idref="oc-a8"/>
            <object_component_ref idref="oc-ac"/>
            <object_component_ref idref="oc-b0"/>
            <object_component_ref idref="oc-b4"/>
            <object_component_ref idref="oc-b8"/>
            <object_component_ref idref="oc-bc"/>
            <object_component_ref idref="oc-c0"/>
            <object_component_ref idref="oc-c5"/>
            <object_component_ref idref="oc-cb"/>
            <object_component_ref idref="oc-d1"/>
            <object_component_ref idref="oc-d5"/>
            <object_component_ref idref="oc-fe"/>
         </contents>
      </logical_group>
      <logical_group id="lg-e9">
         <name>.const</name>
         <load_address>0x4664</load_address>
         <run_address>0x4664</run_address>
         <size>0x298</size>
         <contents>
            <object_component_ref idref="oc-d9"/>
            <object_component_ref idref="oc-2b"/>
            <object_component_ref idref="oc-5"/>
            <object_component_ref idref="oc-2a"/>
            <object_component_ref idref="oc-da"/>
            <object_component_ref idref="oc-5f"/>
            <object_component_ref idref="oc-56"/>
         </contents>
      </logical_group>
      <logical_group id="lg-eb">
         <name>.debug_frame</name>
         <load_address>0x0</load_address>
         <run_address>0x0</run_address>
         <size>0x1c8</size>
         <contents>
            <object_component_ref idref="oc-6"/>
            <object_component_ref idref="oc-b"/>
         </contents>
      </logical_group>
      <logical_group id="lg-ed">
         <name>.debug_line</name>
         <load_address>0x0</load_address>
         <run_address>0x0</run_address>
         <size>0x14a2</size>
         <contents>
            <object_component_ref idref="oc-7"/>
            <object_component_ref idref="oc-c"/>
            <object_component_ref idref="oc-10"/>
            <object_component_ref idref="oc-17"/>
            <object_component_ref idref="oc-1b"/>
            <object_component_ref idref="oc-20"/>
            <object_component_ref idref="oc-26"/>
            <object_component_ref idref="oc-2c"/>
            <object_component_ref idref="oc-30"/>
            <object_component_ref idref="oc-34"/>
            <object_component_ref idref="oc-38"/>
            <object_component_ref idref="oc-3c"/>
            <object_component_ref idref="oc-46"/>
            <object_component_ref idref="oc-4a"/>
            <object_component_ref idref="oc-4e"/>
            <object_component_ref idref="oc-52"/>
            <object_component_ref idref="oc-57"/>
            <object_component_ref idref="oc-5b"/>
            <object_component_ref idref="oc-60"/>
            <object_component_ref idref="oc-64"/>
            <object_component_ref idref="oc-68"/>
            <object_component_ref idref="oc-6c"/>
            <object_component_ref idref="oc-70"/>
            <object_component_ref idref="oc-76"/>
            <object_component_ref idref="oc-7a"/>
            <object_component_ref idref="oc-7e"/>
            <object_component_ref idref="oc-82"/>
            <object_component_ref idref="oc-86"/>
            <object_component_ref idref="oc-8a"/>
            <object_component_ref idref="oc-8e"/>
            <object_component_ref idref="oc-92"/>
            <object_component_ref idref="oc-96"/>
            <object_component_ref idref="oc-9b"/>
            <object_component_ref idref="oc-a1"/>
            <object_component_ref idref="oc-a5"/>
            <object_component_ref idref="oc-a9"/>
            <object_component_ref idref="oc-ad"/>
            <object_component_ref idref="oc-b1"/>
            <object_component_ref idref="oc-b5"/>
            <object_component_ref idref="oc-b9"/>
            <object_component_ref idref="oc-bd"/>
            <object_component_ref idref="oc-c1"/>
            <object_component_ref idref="oc-c7"/>
            <object_component_ref idref="oc-ce"/>
            <object_component_ref idref="oc-d2"/>
            <object_component_ref idref="oc-d6"/>
         </contents>
      </logical_group>
      <logical_group id="lg-ef">
         <name>.debug_abbrev</name>
         <load_address>0x0</load_address>
         <run_address>0x0</run_address>
         <size>0x2771</size>
         <contents>
            <object_component_ref idref="oc-8"/>
            <object_component_ref idref="oc-d"/>
            <object_component_ref idref="oc-11"/>
            <object_component_ref idref="oc-18"/>
            <object_component_ref idref="oc-1c"/>
            <object_component_ref idref="oc-21"/>
            <object_component_ref idref="oc-27"/>
            <object_component_ref idref="oc-2d"/>
            <object_component_ref idref="oc-31"/>
            <object_component_ref idref="oc-35"/>
            <object_component_ref idref="oc-39"/>
            <object_component_ref idref="oc-3d"/>
            <object_component_ref idref="oc-3f"/>
            <object_component_ref idref="oc-43"/>
            <object_component_ref idref="oc-47"/>
            <object_component_ref idref="oc-4b"/>
            <object_component_ref idref="oc-4f"/>
            <object_component_ref idref="oc-53"/>
            <object_component_ref idref="oc-58"/>
            <object_component_ref idref="oc-5c"/>
            <object_component_ref idref="oc-61"/>
            <object_component_ref idref="oc-65"/>
            <object_component_ref idref="oc-69"/>
            <object_component_ref idref="oc-6d"/>
            <object_component_ref idref="oc-71"/>
            <object_component_ref idref="oc-77"/>
            <object_component_ref idref="oc-7b"/>
            <object_component_ref idref="oc-7f"/>
            <object_component_ref idref="oc-83"/>
            <object_component_ref idref="oc-87"/>
            <object_component_ref idref="oc-8b"/>
            <object_component_ref idref="oc-8f"/>
            <object_component_ref idref="oc-93"/>
            <object_component_ref idref="oc-97"/>
            <object_component_ref idref="oc-9c"/>
            <object_component_ref idref="oc-a2"/>
            <object_component_ref idref="oc-a6"/>
            <object_component_ref idref="oc-aa"/>
            <object_component_ref idref="oc-ae"/>
            <object_component_ref idref="oc-b2"/>
            <object_component_ref idref="oc-b6"/>
            <object_component_ref idref="oc-ba"/>
            <object_component_ref idref="oc-be"/>
            <object_component_ref idref="oc-c2"/>
            <object_component_ref idref="oc-c8"/>
            <object_component_ref idref="oc-cf"/>
            <object_component_ref idref="oc-d3"/>
            <object_component_ref idref="oc-d7"/>
            <object_component_ref idref="oc-ff"/>
         </contents>
      </logical_group>
      <logical_group id="lg-f1">
         <name>.stack</name>
         <run_address>0x4b40</run_address>
         <size>0x200</size>
         <contents>
            <object_component_ref idref="oc-e"/>
            <object_component_ref idref="oc-fa"/>
         </contents>
      </logical_group>
      <logical_group id="lg-f3">
         <name>.cio</name>
         <run_address>0x4900</run_address>
         <size>0x240</size>
         <contents>
            <object_component_ref idref="oc-9f"/>
         </contents>
      </logical_group>
      <logical_group id="lg-f5">
         <name>.sysmem</name>
         <run_address>0x4262</run_address>
         <size>0x400</size>
         <contents>
            <object_component_ref idref="oc-cd"/>
            <object_component_ref idref="oc-fb"/>
[...]
         <unused_space>0x0</unused_space>
         <attributes>RIX</attributes>
         <usage_details>
            <allocated_space>
               <start_address>0xffff00</start_address>
               <size>0x100</size>
               <logical_group_ref idref="lg-de"/>
            </allocated_space>
         </usage_details>
      </memory_area>
   </placement_map>
   <symbol_table>
      <symbol id="sm-0">
         <name>$TI_capability$C5500$CallingConvention</name>
         <value>0x2</value>
      </symbol>
      <symbol id="sm-1">
         <name>$TI_capability$C5500$MemoryModel</name>
         <value>0x2</value>
      </symbol>
      <symbol id="sm-2">
         <name>$TI_capability_requires_rev2</name>
         <value>0x1</value>
      </symbol>
      <symbol id="sm-3">
         <name>cinit</name>
         <value>0x417a</value>
      </symbol>
      <symbol id="sm-4">
         <name>___cinit__</name>
         <value>0x417a</value>
      </symbol>
      <symbol id="sm-5">
         <name>pinit</name>
         <value>0xffffffff</value>
      </symbol>
      <symbol id="sm-6">
         <name>___pinit__</name>
         <value>0xffffffff</value>
      </symbol>
      <symbol id="sm-7">
         <name>binit</name>
         <value>0xffffffff</value>
      </symbol>
      <symbol id="sm-8">
         <name>___binit__</name>
         <value>0xffffffff</value>
      </symbol>
      <symbol id="sm-9">
         <name>__STACK_SIZE</name>
         <value>0x200</value>
      </symbol>
      <symbol id="sm-a">
         <name>__STACK_END</name>
         <value>0x4d40</value>
      </symbol>
      <symbol id="sm-b">
         <name>__SYSMEM_SIZE</name>
         <value>0x400</value>
      </symbol>
      <symbol id="sm-c">
         <name>___c_args__</name>
         <value>0xffffffff</value>
      </symbol>
      <symbol id="sm-d">
         <name>__SYSSTACK_SIZE</name>
         <value>0x200</value>
      </symbol>
      <symbol id="sm-e">
         <name>.text</name>
         <value>0x100</value>
      </symbol>
      <symbol id="sm-f">
         <name>___text__</name>
         <value>0x100</value>
      </symbol>
      <symbol id="sm-10">
         <name>etext</name>
         <value>0x417a</value>
      </symbol>
      <symbol id="sm-11">
         <name>___etext__</name>
         <value>0x417a</value>
      </symbol>
      <symbol id="sm-12">
         <name>.data</name>
         <value>0x10000</value>
      </symbol>
      <symbol id="sm-13">
         <name>___data__</name>
         <value>0x10000</value>
      </symbol>
      <symbol id="sm-14">
         <name>edata</name>
         <value>0x10000</value>
      </symbol>
      <symbol id="sm-15">
         <name>___edata__</name>
         <value>0x10000</value>
      </symbol>
      <symbol id="sm-16">
         <name>.bss</name>
         <value>0x10000</value>
      </symbol>
      <symbol id="sm-17">
         <name>___bss__</name>
         <value>0x10000</value>
      </symbol>
      <symbol id="sm-18">
         <name>end</name>
         <value>0x104d4</value>
      </symbol>
      <symbol id="sm-19">
         <name>___end__</name>
         <value>0x104d4</value>
      </symbol>
      <symbol id="sm-44">
         <name>_main</name>
         <value>0x4100</value>
         <object_component_ref idref="oc-3"/>
      </symbol>
      <symbol id="sm-4e">
         <name>_get_random</name>
         <value>0x4168</value>
         <object_component_ref idref="oc-9"/>
      </symbol>
      <symbol id="sm-5a">
         <name>__sysstack</name>
         <value>0x4d40</value>
         <object_component_ref idref="oc-d8"/>
      </symbol>
      <symbol id="sm-5b">
         <name>_c_int00</name>
         <value>0x403b</value>
         <object_component_ref idref="oc-2"/>
      </symbol>
      <symbol id="sm-5c">
         <name>__stack</name>
         <value>0x4b40</value>
         <object_component_ref idref="oc-e"/>
      </symbol>
      <symbol id="sm-6c">
         <name>C$$EXIT</name>
         <value>0x4171</value>
         <object_component_ref idref="oc-16"/>
      </symbol>
      <symbol id="sm-6d">
         <name>_exit</name>
         <value>0x3ffd</value>
         <object_component_ref idref="oc-12"/>
      </symbol>
      <symbol id="sm-6e">
         <name>_abort</name>
         <value>0x4170</value>
         <object_component_ref idref="oc-16"/>
      </symbol>
      <symbol id="sm-6f">
         <name>__cleanup_ptr</name>
         <value>0x104cc</value>
         <object_component_ref idref="oc-13"/>
      </symbol>
      <symbol id="sm-70">
         <name>__dtors_ptr</name>
         <value>0x104d0</value>
         <object_component_ref idref="oc-13"/>
      </symbol>
      <symbol id="sm-7a">
         <name>_printf</name>
         <value>0x3e43</value>
         <object_component_ref idref="oc-19"/>
      </symbol>
      <symbol id="sm-84">
         <name>_Reset</name>
         <value>0xffff00</value>
         <object_component_ref idref="oc-1e"/>
      </symbol>
      <symbol id="sm-92">
         <name>__unlock</name>
         <value>0x104c8</value>
         <object_component_ref idref="oc-23"/>
      </symbol>
      <symbol id="sm-93">
         <name>__lock</name>
         <value>0x104c4</value>
         <object_component_ref idref="oc-23"/>
      </symbol>
      <symbol id="sm-94">
         <name>__register_lock</name>
         <value>0x4144</value>
         <object_component_ref idref="oc-22"/>
      </symbol>
      <symbol id="sm-95">
         <name>__nop</name>
         <value>0x414c</value>
         <object_component_ref idref="oc-22"/>
      </symbol>
      <symbol id="sm-96">
         <name>__register_unlock</name>
         <value>0x413c</value>
         <object_component_ref idref="oc-22"/>
      </symbol>
      <symbol id="sm-a8">
         <name>__printfi</name>
         <value>0x1462</value>
         <object_component_ref idref="oc-28"/>
      </symbol>
      <symbol id="sm-b2">
         <name>__args_main</name>
         <value>0x3ee0</value>
         <object_component_ref idref="oc-2e"/>
      </symbol>
      <symbol id="sm-b3">
         <name>__TI_args_main</name>
         <value>0x1</value>
      </symbol>
      <symbol id="sm-bd">
         <name>_atoi</name>
         <value>0x3de7</value>
         <object_component_ref idref="oc-32"/>
      </symbol>
      <symbol id="sm-c5">
         <name>_auto_init</name>
         <value>0x3e93</value>
         <object_component_ref idref="oc-36"/>
      </symbol>
      <symbol id="sm-cf">
         <name>__eqld</name>
         <value>0x3225</value>
         <object_component_ref idref="oc-3a"/>
      </symbol>
      <symbol id="sm-d0">
         <name>__cmpd</name>
         <value>0x3259</value>
         <object_component_ref idref="oc-3a"/>
      </symbol>
      <symbol id="sm-d1">
         <name>__neqd</name>
         <value>0x30c7</value>
         <object_component_ref idref="oc-3a"/>
      </symbol>
      <symbol id="sm-d2">
         <name>__gtrd</name>
         <value>0x3190</value>
         <object_component_ref idref="oc-3a"/>
      </symbol>
      <symbol id="sm-d3">
         <name>__geqd</name>
         <value>0x31db</value>
         <object_component_ref idref="oc-3a"/>
      </symbol>
      <symbol id="sm-d4">
         <name>__leqd</name>
         <value>0x3143</value>
         <object_component_ref idref="oc-3a"/>
      </symbol>
      <symbol id="sm-d5">
         <name>__lssd</name>
         <value>0x30fb</value>
         <object_component_ref idref="oc-3a"/>
      </symbol>
      <symbol id="sm-dd">
         <name>__ctypes_</name>
         <value>0x4664</value>
         <object_component_ref idref="oc-d9"/>
      </symbol>
      <symbol id="sm-e7">
         <name>__tmpnams</name>
         <value>0x100f0</value>
         <object_component_ref idref="oc-40"/>
      </symbol>
      <symbol id="sm-e8">
         <name>__ft_end</name>
         <value>0x10230</value>
         <object_component_ref idref="oc-40"/>
      </symbol>
      <symbol id="sm-e9">
         <name>__ftable</name>
         <value>0x10000</value>
         <object_component_ref idref="oc-40"/>
      </symbol>
      <symbol id="sm-f5">
         <name>__divd</name>
         <value>0x25c4</value>
         <object_component_ref idref="oc-44"/>
      </symbol>
      <symbol id="sm-100">
         <name>__divul</name>
         <value>0x3945</value>
         <object_component_ref idref="oc-48"/>
      </symbol>
      <symbol id="sm-10a">
         <name>__fixdi</name>
         <value>0x406f</value>
         <object_component_ref idref="oc-4c"/>
      </symbol>
      <symbol id="sm-114">
         <name>__fixdli</name>
         <value>0x3c39</value>
         <object_component_ref idref="oc-50"/>
      </symbol>
      <symbol id="sm-120">
         <name>__fltlid</name>
         <value>0x3d80</value>
         <object_component_ref idref="oc-54"/>
      </symbol>
      <symbol id="sm-12a">
         <name>_putchar</name>
         <value>0x3936</value>
         <object_component_ref idref="oc-59"/>
      </symbol>
      <symbol id="sm-12b">
         <name>_putc</name>
         <value>0x389f</value>
         <object_component_ref idref="oc-59"/>
      </symbol>
      <symbol id="sm-12c">
         <name>_fputc</name>
         <value>0x389f</value>
         <object_component_ref idref="oc-59"/>
      </symbol>
      <symbol id="sm-13a">
         <name>_puts</name>
         <value>0x33e6</value>
         <object_component_ref idref="oc-5d"/>
      </symbol>
      <symbol id="sm-13b">
         <name>_fputs</name>
         <value>0x32b1</value>
         <object_component_ref idref="oc-5d"/>
      </symbol>
      <symbol id="sm-145">
         <name>__frcmpyd_div</name>
         <value>0x3b54</value>
         <object_component_ref idref="oc-62"/>
      </symbol>
      <symbol id="sm-14f">
         <name>___isinf</name>
         <value>0x40e6</value>
         <object_component_ref idref="oc-66"/>
      </symbol>
      <symbol id="sm-159">
         <name>__divull</name>
         <value>0x2d44</value>
         <object_component_ref idref="oc-6a"/>
      </symbol>
      <symbol id="sm-15a">
         <name>__mpylli</name>
         <value>0x2c8c</value>
         <object_component_ref idref="oc-6a"/>
      </symbol>
      <symbol id="sm-15b">
         <name>__remlli</name>
         <value>0x2c5d</value>
         <object_component_ref idref="oc-6a"/>
      </symbol>
      <symbol id="sm-15c">
         <name>__divlli</name>
         <value>0x2e38</value>
         <object_component_ref idref="oc-6a"/>
      </symbol>
      <symbol id="sm-15d">
         <name>__remull</name>
         <value>0x2c0f</value>
         <object_component_ref idref="oc-6a"/>
      </symbol>
      <symbol id="sm-165">
         <name>__mpyli</name>
         <value>0x4129</value>
         <object_component_ref idref="oc-6e"/>
      </symbol>
      <symbol id="sm-166">
         <name>I$$LMPY</name>
         <value>0x4129</value>
         <object_component_ref idref="oc-6e"/>
      </symbol>
      <symbol id="sm-178">
         <name>_add_device</name>
         <value>0x1af7</value>
         <object_component_ref idref="oc-72"/>
      </symbol>
      <symbol id="sm-179">
         <name>_rename</name>
         <value>0x1819</value>
         <object_component_ref idref="oc-72"/>
      </symbol>
      <symbol id="sm-17a">
         <name>_read</name>
         <value>0x18a8</value>
         <object_component_ref idref="oc-72"/>
      </symbol>
      <symbol id="sm-17b">
         <name>_unlink</name>
         <value>0x17e6</value>
         <object_component_ref idref="oc-72"/>
      </symbol>
      <symbol id="sm-17c">
         <name>_remove_device</name>
         <value>0x1872</value>
         <object_component_ref idref="oc-72"/>
      </symbol>
      <symbol id="sm-17d">
         <name>_open</name>
         <value>0x1956</value>
         <object_component_ref idref="oc-72"/>
      </symbol>
      <symbol id="sm-17e">
         <name>_find_registered_device</name>
         <value>0x1a7b</value>
         <object_component_ref idref="oc-72"/>
      </symbol>
      <symbol id="sm-17f">
         <name>_lseek</name>
         <value>0x1a15</value>
         <object_component_ref idref="oc-72"/>
      </symbol>
      <symbol id="sm-180">
         <name>_close</name>
         <value>0x1a84</value>
         <object_component_ref idref="oc-72"/>
      </symbol>
      <symbol id="sm-181">
         <name>_write</name>
         <value>0x16a4</value>
         <object_component_ref idref="oc-72"/>
      </symbol>
      <symbol id="sm-18b">
         <name>_ltoa</name>
         <value>0x39e6</value>
         <object_component_ref idref="oc-78"/>
      </symbol>
      <symbol id="sm-196">
         <name>_memccpy</name>
         <value>0x40c3</value>
         <object_component_ref idref="oc-7c"/>
      </symbol>
      <symbol id="sm-19e">
         <name>_memcpy</name>
         <value>0x3fbe</value>
         <object_component_ref idref="oc-80"/>
      </symbol>
      <symbol id="sm-1a8">
         <name>__mpyd</name>
         <value>0x3414</value>
         <object_component_ref idref="oc-84"/>
      </symbol>
      <symbol id="sm-1b2">
         <name>__negd</name>
         <value>0x414e</value>
         <object_component_ref idref="oc-88"/>
      </symbol>
      <symbol id="sm-1bc">
         <name>__remli</name>
         <value>0x3f2b</value>
         <object_component_ref idref="oc-8c"/>
      </symbol>
      <symbol id="sm-1c7">
         <name>__remul</name>
         <value>0x3bc7</value>
         <object_component_ref idref="oc-90"/>
      </symbol>
      <symbol id="sm-1d1">
         <name>__subd</name>
         <value>0x4115</value>
         <object_component_ref idref="oc-94"/>
      </symbol>
      <symbol id="sm-1dd">
         <name>_HOSTopen</name>
         <value>0x1ef2</value>
         <object_component_ref idref="oc-98"/>
      </symbol>
      <symbol id="sm-1de">
         <name>_HOSTread</name>
         <value>0x1e65</value>
         <object_component_ref idref="oc-98"/>
      </symbol>
      <symbol id="sm-1df">
         <name>_HOSTtime</name>
         <value>0x1d59</value>
         <object_component_ref idref="oc-98"/>
      </symbol>
      <symbol id="sm-1e0">
         <name>_getenv</name>
         <value>0x1be7</value>
         <object_component_ref idref="oc-98"/>
      </symbol>
      <symbol id="sm-1e1">
         <name>_HOSTrename</name>
         <value>0x1db7</value>
         <object_component_ref idref="oc-98"/>
      </symbol>
      <symbol id="sm-1e2">
         <name>_HOSTclock</name>
         <value>0x20b1</value>
         <object_component_ref idref="oc-98"/>
      </symbol>
      <symbol id="sm-1e3">
         <name>_HOSTwrite</name>
         <value>0x1c62</value>
         <object_component_ref idref="oc-98"/>
      </symbol>
      <symbol id="sm-1e4">
         <name>_HOSTlseek</name>
         <value>0x1f91</value>
         <object_component_ref idref="oc-98"/>
      </symbol>
      <symbol id="sm-1e5">
         <name>_HOSTunlink</name>
         <value>0x1cef</value>
         <object_component_ref idref="oc-98"/>
      </symbol>
      <symbol id="sm-1e6">
         <name>_HOSTclose</name>
         <value>0x2046</value>
         <object_component_ref idref="oc-98"/>
      </symbol>
      <symbol id="sm-1f8">
         <name>C$$IO$$</name>
         <value>0x389a</value>
         <object_component_ref idref="oc-a0"/>
      </symbol>
      <symbol id="sm-1f9">
         <name>__CIOBUF_</name>
         <value>0x4900</value>
         <object_component_ref idref="oc-9f"/>
      </symbol>
      <symbol id="sm-1fa">
         <name>_readmsg</name>
         <value>0x3ca8</value>
         <object_component_ref idref="oc-9d"/>
      </symbol>
      <symbol id="sm-1fb">
         <name>_writemsg</name>
         <value>0x37e5</value>
         <object_component_ref idref="oc-a0"/>
      </symbol>
      <symbol id="sm-203">
         <name>__remu</name>
         <value>0x40ae</value>
         <object_component_ref idref="oc-a3"/>
      </symbol>
      <symbol id="sm-204">
         <name>__divu</name>
         <value>0x4099</value>
         <object_component_ref idref="oc-a3"/>
      </symbol>
      <symbol id="sm-205">
         <name>I$$UMOD</name>
         <value>0x40ae</value>
         <object_component_ref idref="oc-a3"/>
      </symbol>
      <symbol id="sm-206">
         <name>I$$UDIV</name>
         <value>0x4099</value>
         <object_component_ref idref="oc-a3"/>
      </symbol>
      <symbol id="sm-210">
         <name>__rd_ok</name>
         <value>0x36c6</value>
         <object_component_ref idref="oc-a7"/>
      </symbol>
      <symbol id="sm-211">
         <name>__wrt_ok</name>
         <value>0x3646</value>
         <object_component_ref idref="oc-a7"/>
      </symbol>
      <symbol id="sm-21b">
         <name>__addd</name>
         <value>0x2e6d</value>
         <object_component_ref idref="oc-ab"/>
      </symbol>
      <symbol id="sm-225">
         <name>__divli</name>
         <value>0x3f76</value>
         <object_component_ref idref="oc-af"/>
      </symbol>
      <symbol id="sm-22f">
         <name>__doflush</name>
         <value>0x3723</value>
         <object_component_ref idref="oc-b3"/>
      </symbol>
      <symbol id="sm-230">
         <name>_fflush</name>
         <value>0x378c</value>
         <object_component_ref idref="oc-b3"/>
      </symbol>
      <symbol id="sm-23a">
         <name>__frcmpyd</name>
         <value>0x3ade</value>
         <object_component_ref idref="oc-b7"/>
      </symbol>
      <symbol id="sm-244">
         <name>_fseek</name>
         <value>0x3d15</value>
         <object_component_ref idref="oc-bb"/>
      </symbol>
      <symbol id="sm-24e">
         <name>_setvbuf</name>
         <value>0x3560</value>
         <object_component_ref idref="oc-bf"/>
      </symbol>
      <symbol id="sm-25d">
         <name>__cleanup</name>
         <value>0x2ab1</value>
         <object_component_ref idref="oc-c3"/>
      </symbol>
      <symbol id="sm-25e">
         <name>_fopen</name>
         <value>0x2bd4</value>
         <object_component_ref idref="oc-c3"/>
      </symbol>
      <symbol id="sm-25f">
         <name>_freopen</name>
         <value>0x2b0b</value>
         <object_component_ref idref="oc-c3"/>
      </symbol>
      <symbol id="sm-26f">
         <name>__sys_memory</name>
         <value>0x4262</value>
         <object_component_ref idref="oc-cd"/>
      </symbol>
      <symbol id="sm-270">
         <name>_chkheap</name>
         <value>0x2596</value>
         <object_component_ref idref="oc-c9"/>
      </symbol>
      <symbol id="sm-271">
         <name>_realloc</name>
         <value>0x2335</value>
         <object_component_ref idref="oc-c9"/>
      </symbol>
      <symbol id="sm-272">
         <name>_free_memory</name>
         <value>0x2540</value>
         <object_component_ref idref="oc-c9"/>
      </symbol>
      <symbol id="sm-273">
         <name>_max_free</name>
         <value>0x24e6</value>
         <object_component_ref idref="oc-c9"/>
      </symbol>
      <symbol id="sm-274">
         <name>_free</name>
         <value>0x210f</value>
         <object_component_ref idref="oc-c9"/>
      </symbol>
      <symbol id="sm-275">
         <name>_calloc</name>
         <value>0x259e</value>
         <object_component_ref idref="oc-c9"/>
      </symbol>
      <symbol id="sm-276">
         <name>_malloc</name>
         <value>0x2240</value>
         <object_component_ref idref="oc-c9"/>
      </symbol>
      <symbol id="sm-277">
         <name>_minit</name>
         <value>0x21db</value>
         <object_component_ref idref="oc-c9"/>
      </symbol>
      <symbol id="sm-281">
         <name>_fclose</name>
         <value>0x3a63</value>
         <object_component_ref idref="oc-d0"/>
      </symbol>
      <symbol id="sm-28b">
         <name>_remove</name>
         <value>0x415e</value>
         <object_component_ref idref="oc-d4"/>
      </symbol>
   </symbol_table>
</link_info>
