<?xml version="1.0"?>
<link_info>
   <banner>TMS320C55x Linker PC v4.4.1</banner>
   <copyright>Copyright (c) 1996-2012 Texas Instruments Incorporated</copyright>
   <link_time>0x5ada847d</link_time>
   <output_file>Audio_Encoder.out</output_file>
   <entry_point>
      <name>_c_int00</name>
      <address>0x4104</address>
   </entry_point>
   <input_file_list>
      <input_file id="fl-2">
         <path>.\</path>
         <kind>object</kind>
         <file>main.obj</file>
         <name>main.obj</name>
      </input_file>
      <input_file id="fl-3">
         <path>.\</path>
         <kind>object</kind>
         <file>fft_routines.obj</file>
         <name>fft_routines.obj</name>
      </input_file>
      <input_file id="fl-1a">
         <path>C:\ti\ccsv5\tools\compiler\c5500_4.4.1\lib\</path>
         <kind>archive</kind>
         <file>rts55x.lib</file>
         <name>boot.obj</name>
      </input_file>
      <input_file id="fl-1b">
         <path>C:\ti\ccsv5\tools\compiler\c5500_4.4.1\lib\</path>
         <kind>archive</kind>
         <file>rts55x.lib</file>
         <name>exit.obj</name>
      </input_file>
      <input_file id="fl-1c">
         <path>C:\ti\ccsv5\tools\compiler\c5500_4.4.1\lib\</path>
         <kind>archive</kind>
         <file>rts55x.lib</file>
         <name>memset.obj</name>
      </input_file>
      <input_file id="fl-1d">
         <path>C:\ti\ccsv5\tools\compiler\c5500_4.4.1\lib\</path>
         <kind>archive</kind>
         <file>rts55x.lib</file>
         <name>printf.obj</name>
      </input_file>
      <input_file id="fl-1e">
         <path>C:\ti\ccsv5\tools\compiler\c5500_4.4.1\lib\</path>
         <kind>archive</kind>
         <file>rts55x.lib</file>
         <name>vectors.obj</name>
      </input_file>
      <input_file id="fl-1f">
         <path>C:\ti\ccsv5\tools\compiler\c5500_4.4.1\lib\</path>
         <kind>archive</kind>
         <file>rts55x.lib</file>
         <name>_lock.obj</name>
      </input_file>
      <input_file id="fl-20">
         <path>C:\ti\ccsv5\tools\compiler\c5500_4.4.1\lib\</path>
         <kind>archive</kind>
         <file>rts55x.lib</file>
         <name>_printfi.obj</name>
      </input_file>
      <input_file id="fl-21">
         <path>C:\ti\ccsv5\tools\compiler\c5500_4.4.1\lib\</path>
         <kind>archive</kind>
         <file>rts55x.lib</file>
         <name>args_main.obj</name>
      </input_file>
      <input_file id="fl-22">
         <path>C:\ti\ccsv5\tools\compiler\c5500_4.4.1\lib\</path>
         <kind>archive</kind>
         <file>rts55x.lib</file>
         <name>atoi.obj</name>
      </input_file>
      <input_file id="fl-23">
         <path>C:\ti\ccsv5\tools\compiler\c5500_4.4.1\lib\</path>
         <kind>archive</kind>
         <file>rts55x.lib</file>
         <name>autoinit.obj</name>
      </input_file>
      <input_file id="fl-24">
         <path>C:\ti\ccsv5\tools\compiler\c5500_4.4.1\lib\</path>
         <kind>archive</kind>
         <file>rts55x.lib</file>
         <name>cmpd.obj</name>
      </input_file>
      <input_file id="fl-25">
         <path>C:\ti\ccsv5\tools\compiler\c5500_4.4.1\lib\</path>
         <kind>archive</kind>
         <file>rts55x.lib</file>
         <name>ctype.obj</name>
      </input_file>
      <input_file id="fl-26">
         <path>C:\ti\ccsv5\tools\compiler\c5500_4.4.1\lib\</path>
         <kind>archive</kind>
         <file>rts55x.lib</file>
         <name>defs.obj</name>
      </input_file>
      <input_file id="fl-27">
         <path>C:\ti\ccsv5\tools\compiler\c5500_4.4.1\lib\</path>
         <kind>archive</kind>
         <file>rts55x.lib</file>
         <name>divd.obj</name>
      </input_file>
      <input_file id="fl-28">
         <path>C:\ti\ccsv5\tools\compiler\c5500_4.4.1\lib\</path>
         <kind>archive</kind>
         <file>rts55x.lib</file>
         <name>divul.obj</name>
      </input_file>
      <input_file id="fl-29">
         <path>C:\ti\ccsv5\tools\compiler\c5500_4.4.1\lib\</path>
         <kind>archive</kind>
         <file>rts55x.lib</file>
         <name>fixdi.obj</name>
      </input_file>
      <input_file id="fl-2a">
         <path>C:\ti\ccsv5\tools\compiler\c5500_4.4.1\lib\</path>
         <kind>archive</kind>
         <file>rts55x.lib</file>
         <name>fixdli.obj</name>
      </input_file>
      <input_file id="fl-2b">
         <path>C:\ti\ccsv5\tools\compiler\c5500_4.4.1\lib\</path>
         <kind>archive</kind>
         <file>rts55x.lib</file>
         <name>fltlid.obj</name>
      </input_file>
      <input_file id="fl-2c">
         <path>C:\ti\ccsv5\tools\compiler\c5500_4.4.1\lib\</path>
         <kind>archive</kind>
         <file>rts55x.lib</file>
         <name>fputc.obj</name>
      </input_file>
      <input_file id="fl-2d">
         <path>C:\ti\ccsv5\tools\compiler\c5500_4.4.1\lib\</path>
         <kind>archive</kind>
         <file>rts55x.lib</file>
         <name>fputs.obj</name>
      </input_file>
      <input_file id="fl-2e">
         <path>C:\ti\ccsv5\tools\compiler\c5500_4.4.1\lib\</path>
         <kind>archive</kind>
         <file>rts55x.lib</file>
         <name>frcmpyd_div.obj</name>
      </input_file>
      <input_file id="fl-2f">
         <path>C:\ti\ccsv5\tools\compiler\c5500_4.4.1\lib\</path>
         <kind>archive</kind>
         <file>rts55x.lib</file>
         <name>isinf.obj</name>
      </input_file>
      <input_file id="fl-30">
         <path>C:\ti\ccsv5\tools\compiler\c5500_4.4.1\lib\</path>
         <kind>archive</kind>
         <file>rts55x.lib</file>
         <name>llmpy.obj</name>
      </input_file>
      <input_file id="fl-31">
         <path>C:\ti\ccsv5\tools\compiler\c5500_4.4.1\lib\</path>
         <kind>archive</kind>
         <file>rts55x.lib</file>
         <name>lmpy.obj</name>
      </input_file>
      <input_file id="fl-32">
         <path>C:\ti\ccsv5\tools\compiler\c5500_4.4.1\lib\</path>
         <kind>archive</kind>
         <file>rts55x.lib</file>
         <name>lowlev.obj</name>
      </input_file>
      <input_file id="fl-33">
         <path>C:\ti\ccsv5\tools\compiler\c5500_4.4.1\lib\</path>
         <kind>archive</kind>
         <file>rts55x.lib</file>
         <name>ltoa.obj</name>
      </input_file>
      <input_file id="fl-34">
         <path>C:\ti\ccsv5\tools\compiler\c5500_4.4.1\lib\</path>
         <kind>archive</kind>
         <file>rts55x.lib</file>
         <name>memccpy.obj</name>
      </input_file>
      <input_file id="fl-35">
         <path>C:\ti\ccsv5\tools\compiler\c5500_4.4.1\lib\</path>
         <kind>archive</kind>
         <file>rts55x.lib</file>
         <name>memcpy.obj</name>
      </input_file>
      <input_file id="fl-36">
         <path>C:\ti\ccsv5\tools\compiler\c5500_4.4.1\lib\</path>
         <kind>archive</kind>
         <file>rts55x.lib</file>
         <name>mpyd.obj</name>
      </input_file>
      <input_file id="fl-37">
         <path>C:\ti\ccsv5\tools\compiler\c5500_4.4.1\lib\</path>
         <kind>archive</kind>
         <file>rts55x.lib</file>
         <name>negd.obj</name>
      </input_file>
      <input_file id="fl-38">
         <path>C:\ti\ccsv5\tools\compiler\c5500_4.4.1\lib\</path>
         <kind>archive</kind>
         <file>rts55x.lib</file>
         <name>remli.obj</name>
      </input_file>
      <input_file id="fl-39">
         <path>C:\ti\ccsv5\tools\compiler\c5500_4.4.1\lib\</path>
         <kind>archive</kind>
         <file>rts55x.lib</file>
         <name>remul.obj</name>
      </input_file>
      <input_file id="fl-3a">
         <path>C:\ti\ccsv5\tools\compiler\c5500_4.4.1\lib\</path>
         <kind>archive</kind>
         <file>rts55x.lib</file>
         <name>subd.obj</name>
      </input_file>
      <input_file id="fl-3b">
         <path>C:\ti\ccsv5\tools\compiler\c5500_4.4.1\lib\</path>
         <kind>archive</kind>
         <file>rts55x.lib</file>
         <name>trgdrv.obj</name>
      </input_file>
      <input_file id="fl-3c">
         <path>C:\ti\ccsv5\tools\compiler\c5500_4.4.1\lib\</path>
         <kind>archive</kind>
         <file>rts55x.lib</file>
         <name>trgmsg.obj</name>
      </input_file>
      <input_file id="fl-3d">
         <path>C:\ti\ccsv5\tools\compiler\c5500_4.4.1\lib\</path>
         <kind>archive</kind>
         <file>rts55x.lib</file>
         <name>udiv.obj</name>
      </input_file>
      <input_file id="fl-3e">
         <path>C:\ti\ccsv5\tools\compiler\c5500_4.4.1\lib\</path>
         <kind>archive</kind>
         <file>rts55x.lib</file>
         <name>_io_perm.obj</name>
      </input_file>
      <input_file id="fl-3f">
         <path>C:\ti\ccsv5\tools\compiler\c5500_4.4.1\lib\</path>
         <kind>archive</kind>
         <file>rts55x.lib</file>
         <name>addd.obj</name>
      </input_file>
      <input_file id="fl-40">
         <path>C:\ti\ccsv5\tools\compiler\c5500_4.4.1\lib\</path>
         <kind>archive</kind>
         <file>rts55x.lib</file>
         <name>divli.obj</name>
      </input_file>
      <input_file id="fl-41">
         <path>C:\ti\ccsv5\tools\compiler\c5500_4.4.1\lib\</path>
         <kind>archive</kind>
         <file>rts55x.lib</file>
         <name>fflush.obj</name>
      </input_file>
      <input_file id="fl-42">
         <path>C:\ti\ccsv5\tools\compiler\c5500_4.4.1\lib\</path>
         <kind>archive</kind>
         <file>rts55x.lib</file>
         <name>frcmpyd.obj</name>
      </input_file>
      <input_file id="fl-43">
         <path>C:\ti\ccsv5\tools\compiler\c5500_4.4.1\lib\</path>
         <kind>archive</kind>
         <file>rts55x.lib</file>
         <name>fseek.obj</name>
      </input_file>
      <input_file id="fl-44">
         <path>C:\ti\ccsv5\tools\compiler\c5500_4.4.1\lib\</path>
         <kind>archive</kind>
         <file>rts55x.lib</file>
         <name>setvbuf.obj</name>
      </input_file>
      <input_file id="fl-45">
         <path>C:\ti\ccsv5\tools\compiler\c5500_4.4.1\lib\</path>
         <kind>archive</kind>
         <file>rts55x.lib</file>
         <name>fopen.obj</name>
      </input_file>
      <input_file id="fl-46">
         <path>C:\ti\ccsv5\tools\compiler\c5500_4.4.1\lib\</path>
         <kind>archive</kind>
         <file>rts55x.lib</file>
         <name>memory.obj</name>
      </input_file>
      <input_file id="fl-47">
         <path>C:\ti\ccsv5\tools\compiler\c5500_4.4.1\lib\</path>
         <kind>archive</kind>
         <file>rts55x.lib</file>
         <name>fclose.obj</name>
      </input_file>
      <input_file id="fl-48">
         <path>C:\ti\ccsv5\tools\compiler\c5500_4.4.1\lib\</path>
         <kind>archive</kind>
         <file>rts55x.lib</file>
         <name>remove.obj</name>
      </input_file>
      <input_file id="fl-49">
         <path>C:\ti\ccsv5\tools\compiler\c5500_4.4.1\lib\</path>
         <kind>archive</kind>
         <file>55xdspx.lib</file>
         <name>rand16.obj</name>
      </input_file>
      <input_file id="fl-4a">
         <path>C:\ti\ccsv5\tools\compiler\c5500_4.4.1\lib\</path>
         <kind>archive</kind>
         <file>55xdspx.lib</file>
         <name>rand16i.obj</name>
      </input_file>
   </input_file_list>
   <object_component_list>
      <object_component id="oc-2c">
         <name>.text</name>
         <load_address>0x100</load_address>
         <run_address>0x100</run_address>
         <size>0x15a4</size>
         <input_file_ref idref="fl-20"/>
      </object_component>
      <object_component id="oc-76">
         <name>.text</name>
         <load_address>0x16a4</load_address>
         <run_address>0x16a4</run_address>
         <size>0x543</size>
         <input_file_ref idref="fl-32"/>
      </object_component>
      <object_component id="oc-9c">
         <name>.text</name>
         <load_address>0x1be7</load_address>
         <run_address>0x1be7</run_address>
         <size>0x528</size>
         <input_file_ref idref="fl-3b"/>
      </object_component>
      <object_component id="oc-cd">
         <name>.text</name>
         <load_address>0x210f</load_address>
         <run_address>0x210f</run_address>
         <size>0x4b5</size>
         <input_file_ref idref="fl-46"/>
      </object_component>
      <object_component id="oc-48">
         <name>.text</name>
         <load_address>0x25c4</load_address>
         <run_address>0x25c4</run_address>
         <size>0x3cc</size>
         <input_file_ref idref="fl-27"/>
      </object_component>
      <object_component id="oc-c7">
         <name>.text</name>
         <load_address>0x2990</load_address>
         <run_address>0x2990</run_address>
         <size>0x27f</size>
         <input_file_ref idref="fl-45"/>
      </object_component>
      <object_component id="oc-6e">
         <name>.text</name>
         <load_address>0x2c0f</load_address>
         <run_address>0x2c0f</run_address>
         <size>0x25e</size>
         <input_file_ref idref="fl-30"/>
      </object_component>
      <object_component id="oc-af">
         <name>.text</name>
         <load_address>0x2e6d</load_address>
         <run_address>0x2e6d</run_address>
         <size>0x25a</size>
         <input_file_ref idref="fl-3f"/>
      </object_component>
      <object_component id="oc-3e">
         <name>.text</name>
         <load_address>0x30c7</load_address>
         <run_address>0x30c7</run_address>
         <size>0x1ea</size>
         <input_file_ref idref="fl-24"/>
      </object_component>
      <object_component id="oc-61">
         <name>.text</name>
         <load_address>0x32b1</load_address>
         <run_address>0x32b1</run_address>
         <size>0x163</size>
         <input_file_ref idref="fl-2d"/>
      </object_component>
      <object_component id="oc-88">
         <name>.text</name>
         <load_address>0x3414</load_address>
         <run_address>0x3414</run_address>
         <size>0x14c</size>
         <input_file_ref idref="fl-36"/>
      </object_component>
      <object_component id="oc-c3">
         <name>.text</name>
         <load_address>0x3560</load_address>
         <run_address>0x3560</run_address>
         <size>0xe6</size>
         <input_file_ref idref="fl-44"/>
      </object_component>
      <object_component id="oc-ab">
         <name>.text</name>
         <load_address>0x3646</load_address>
         <run_address>0x3646</run_address>
         <size>0xdd</size>
         <input_file_ref idref="fl-3e"/>
      </object_component>
      <object_component id="oc-b7">
         <name>.text</name>
         <load_address>0x3723</load_address>
         <run_address>0x3723</run_address>
         <size>0xc2</size>
         <input_file_ref idref="fl-41"/>
      </object_component>
      <object_component id="oc-a4">
         <name>.text:CIO_breakpoint</name>
         <load_address>0x37e5</load_address>
         <run_address>0x37e5</run_address>
         <size>0xba</size>
         <input_file_ref idref="fl-3c"/>
      </object_component>
      <object_component id="oc-5d">
         <name>.text</name>
         <load_address>0x389f</load_address>
         <run_address>0x389f</run_address>
         <size>0xa6</size>
         <input_file_ref idref="fl-2c"/>
      </object_component>
      <object_component id="oc-4c">
         <name>.text</name>
         <load_address>0x3945</load_address>
         <run_address>0x3945</run_address>
         <size>0xa1</size>
         <input_file_ref idref="fl-28"/>
      </object_component>
      <object_component id="oc-3">
         <name>.text</name>
         <load_address>0x39e6</load_address>
         <run_address>0x39e6</run_address>
         <size>0x80</size>
         <input_file_ref idref="fl-2"/>
      </object_component>
      <object_component id="oc-7c">
         <name>.text</name>
         <load_address>0x3a66</load_address>
         <run_address>0x3a66</run_address>
         <size>0x7d</size>
         <input_file_ref idref="fl-33"/>
      </object_component>
      <object_component id="oc-d4">
         <name>.text</name>
         <load_address>0x3ae3</load_address>
         <run_address>0x3ae3</run_address>
         <size>0x7b</size>
         <input_file_ref idref="fl-47"/>
      </object_component>
      <object_component id="oc-bb">
         <name>.text</name>
         <load_address>0x3b5e</load_address>
         <run_address>0x3b5e</run_address>
         <size>0x76</size>
         <input_file_ref idref="fl-42"/>
      </object_component>
      <object_component id="oc-66">
         <name>.text</name>
         <load_address>0x3bd4</load_address>
         <run_address>0x3bd4</run_address>
         <size>0x73</size>
         <input_file_ref idref="fl-2e"/>
      </object_component>
      <object_component id="oc-94">
         <name>.text</name>
         <load_address>0x3c47</load_address>
         <run_address>0x3c47</run_address>
         <size>0x72</size>
         <input_file_ref idref="fl-39"/>
      </object_component>
      <object_component id="oc-54">
         <name>.text</name>
         <load_address>0x3cb9</load_address>
         <run_address>0x3cb9</run_address>
         <size>0x6f</size>
         <input_file_ref idref="fl-2a"/>
      </object_component>
      <object_component id="oc-a1">
         <name>.text</name>
         <load_address>0x3d28</load_address>
         <run_address>0x3d28</run_address>
         <size>0x6d</size>
         <input_file_ref idref="fl-3c"/>
      </object_component>
      <object_component id="oc-bf">
         <name>.text</name>
         <load_address>0x3d95</load_address>
         <run_address>0x3d95</run_address>
         <size>0x6b</size>
         <input_file_ref idref="fl-43"/>
      </object_component>
      <object_component id="oc-58">
         <name>.text</name>
         <load_address>0x3e00</load_address>
         <run_address>0x3e00</run_address>
         <size>0x67</size>
         <input_file_ref idref="fl-2b"/>
      </object_component>
      <object_component id="oc-36">
         <name>.text</name>
         <load_address>0x3e67</load_address>
         <run_address>0x3e67</run_address>
         <size>0x5c</size>
         <input_file_ref idref="fl-22"/>
      </object_component>
      <object_component id="oc-1d">
         <name>.text</name>
         <load_address>0x3ec3</load_address>
         <run_address>0x3ec3</run_address>
         <size>0x50</size>
         <input_file_ref idref="fl-1d"/>
      </object_component>
      <object_component id="oc-3a">
         <name>.text</name>
         <load_address>0x3f13</load_address>
         <run_address>0x3f13</run_address>
         <size>0x4d</size>
         <input_file_ref idref="fl-23"/>
      </object_component>
      <object_component id="oc-32">
         <name>.text</name>
         <load_address>0x3f60</load_address>
         <run_address>0x3f60</run_address>
         <size>0x4b</size>
         <input_file_ref idref="fl-21"/>
      </object_component>
      <object_component id="oc-90">
         <name>.text</name>
         <load_address>0x3fab</load_address>
         <run_address>0x3fab</run_address>
         <size>0x4b</size>
         <input_file_ref idref="fl-38"/>
      </object_component>
      <object_component id="oc-dc">
         <name>.text</name>
         <load_address>0x3ff6</load_address>
         <run_address>0x3ff6</run_address>
         <size>0x49</size>
         <input_file_ref idref="fl-49"/>
      </object_component>
      <object_component id="oc-b3">
         <name>.text</name>
         <load_address>0x403f</load_address>
         <run_address>0x403f</run_address>
         <size>0x48</size>
         <input_file_ref idref="fl-40"/>
      </object_component>
      <object_component id="oc-84">
         <name>.text</name>
         <load_address>0x4087</load_address>
         <run_address>0x4087</run_address>
         <size>0x3f</size>
         <input_file_ref idref="fl-35"/>
      </object_component>
      <object_component id="oc-12">
         <name>.text</name>
         <load_address>0x40c6</load_address>
         <run_address>0x40c6</run_address>
         <size>0x3e</size>
         <input_file_ref idref="fl-1b"/>
      </object_component>
      <object_component id="oc-2">
         <name>.text</name>
         <load_address>0x4104</load_address>
         <run_address>0x4104</run_address>
         <size>0x34</size>
         <input_file_ref idref="fl-1a"/>
      </object_component>
      <object_component id="oc-50">
         <name>.text</name>
         <load_address>0x4138</load_address>
         <run_address>0x4138</run_address>
         <size>0x2a</size>
         <input_file_ref idref="fl-29"/>
      </object_component>
      <object_component id="oc-a7">
         <name>.text</name>
         <load_address>0x4162</load_address>
         <run_address>0x4162</run_address>
         <size>0x2a</size>
         <input_file_ref idref="fl-3d"/>
      </object_component>
      <object_component id="oc-80">
         <name>.text</name>
         <load_address>0x418c</load_address>
         <run_address>0x418c</run_address>
         <size>0x23</size>
         <input_file_ref idref="fl-34"/>
      </object_component>
      <object_component id="oc-6a">
         <name>.text</name>
         <load_address>0x41af</load_address>
         <run_address>0x41af</run_address>
         <size>0x1a</size>
         <input_file_ref idref="fl-2f"/>
      </object_component>
      <object_component id="oc-98">
         <name>.text</name>
         <load_address>0x41c9</load_address>
         <run_address>0x41c9</run_address>
         <size>0x14</size>
         <input_file_ref idref="fl-3a"/>
      </object_component>
      <object_component id="oc-72">
         <name>.text</name>
         <load_address>0x41dd</load_address>
         <run_address>0x41dd</run_address>
         <size>0x13</size>
         <input_file_ref idref="fl-31"/>
      </object_component>
      <object_component id="oc-26">
         <name>.text</name>
         <load_address>0x41f0</load_address>
         <run_address>0x41f0</run_address>
         <size>0x12</size>
         <input_file_ref idref="fl-1f"/>
      </object_component>
      <object_component id="oc-19">
         <name>.text</name>
         <load_address>0x4202</load_address>
         <run_address>0x4202</run_address>
         <size>0x11</size>
         <input_file_ref idref="fl-1c"/>
      </object_component>
      <object_component id="oc-8c">
         <name>.text</name>
         <load_address>0x4213</load_address>
         <run_address>0x4213</run_address>
         <size>0x10</size>
         <input_file_ref idref="fl-37"/>
      </object_component>
      <object_component id="oc-d8">
         <name>.text</name>
         <load_address>0x4223</load_address>
         <run_address>0x4223</run_address>
         <size>0xa</size>
         <input_file_ref idref="fl-48"/>
      </object_component>
      <object_component id="oc-e0">
         <name>.text</name>
         <load_address>0x422d</load_address>
         <run_address>0x422d</run_address>
         <size>0x8</size>
         <input_file_ref idref="fl-4a"/>
      </object_component>
      <object_component id="oc-9">
         <name>.text</name>
         <load_address>0x4235</load_address>
         <run_address>0x4235</run_address>
         <size>0x8</size>
         <input_file_ref idref="fl-3"/>
      </object_component>
      <object_component id="oc-16">
         <name>.text:CIO_breakpoint</name>
         <load_address>0x423d</load_address>
         <run_address>0x423d</run_address>
         <size>0x7</size>
         <input_file_ref idref="fl-1b"/>
      </object_component>
      <object_component id="oc-21">
         <name>.text</name>
         <load_address>0x4244</load_address>
         <run_address>0x4244</run_address>
         <size>0x2</size>
         <input_file_ref idref="fl-1e"/>
      </object_component>
      <object_component id="oc-13">
         <name>.bss</name>
         <uninitialized>true</uninitialized>
         <run_address>0x104cc</run_address>
         <size>0x8</size>
         <input_file_ref idref="fl-1b"/>
      </object_component>
      <object_component id="oc-27">
         <name>.bss</name>
         <uninitialized>true</uninitialized>
         <run_address>0x104c4</run_address>
         <size>0x8</size>
         <input_file_ref idref="fl-1f"/>
      </object_component>
      <object_component id="oc-44">
         <name>.bss</name>
         <uninitialized>true</uninitialized>
         <run_address>0x10000</run_address>
         <size>0x232</size>
         <input_file_ref idref="fl-26"/>
      </object_component>
      <object_component id="oc-77">
         <name>.bss</name>
         <uninitialized>true</uninitialized>
         <run_address>0x103d4</run_address>
         <size>0xe2</size>
         <input_file_ref idref="fl-32"/>
      </object_component>
      <object_component id="oc-9d">
         <name>.bss</name>
         <uninitialized>true</uninitialized>
         <run_address>0x10232</run_address>
         <size>0x1a0</size>
         <input_file_ref idref="fl-3b"/>
      </object_component>
      <object_component id="oc-c8">
         <name>.bss</name>
         <uninitialized>true</uninitialized>
         <run_address>0x104b6</run_address>
         <size>0x2</size>
         <input_file_ref idref="fl-45"/>
      </object_component>
      <object_component id="oc-ce">
         <name>.bss</name>
         <uninitialized>true</uninitialized>
         <run_address>0x104b8</run_address>
         <size>0xc</size>
         <input_file_ref idref="fl-46"/>
      </object_component>
      <object_component id="oc-e1">
         <name>.bss</name>
         <uninitialized>true</uninitialized>
         <run_address>0x103d2</run_address>
         <size>0x2</size>
         <input_file_ref idref="fl-4a"/>
      </object_component>
      <object_component id="oc-22">
         <name>vectors</name>
         <load_address>0xffff00</load_address>
         <run_address>0xffff00</run_address>
         <size>0x100</size>
         <input_file_ref idref="fl-1e"/>
      </object_component>
      <object_component id="oc-79">
         <name>.cinit</name>
         <load_address>0x4248</load_address>
         <run_address>0x4248</run_address>
         <size>0x5a</size>
         <input_file_ref idref="fl-32"/>
      </object_component>
      <object_component id="oc-46">
         <name>.cinit</name>
         <load_address>0x42a2</load_address>
         <run_address>0x42a2</run_address>
         <size>0x54</size>
         <input_file_ref idref="fl-26"/>
      </object_component>
      <object_component id="oc-29">
         <name>.cinit</name>
         <load_address>0x42f6</load_address>
         <run_address>0x42f6</run_address>
         <size>0x14</size>
         <input_file_ref idref="fl-1f"/>
      </object_component>
      <object_component id="oc-15">
         <name>.cinit</name>
         <load_address>0x430a</load_address>
         <run_address>0x430a</run_address>
         <size>0x14</size>
         <input_file_ref idref="fl-1b"/>
      </object_component>
      <object_component id="oc-ca">
         <name>.cinit</name>
         <load_address>0x431e</load_address>
         <run_address>0x431e</run_address>
         <size>0x8</size>
         <input_file_ref idref="fl-45"/>
      </object_component>
      <object_component id="oc-d0">
         <name>.cinit</name>
         <load_address>0x4326</load_address>
         <run_address>0x4326</run_address>
         <size>0x8</size>
         <input_file_ref idref="fl-46"/>
      </object_component>
      <object_component id="oc-4">
         <name>.debug_info</name>
         <load_address>0x0</load_address>
         <run_address>0x0</run_address>
         <size>0x72a</size>
         <input_file_ref idref="fl-2"/>
      </object_component>
      <object_component id="oc-a">
         <name>.debug_info</name>
         <load_address>0x72a</load_address>
         <run_address>0x72a</run_address>
         <size>0x540</size>
         <input_file_ref idref="fl-3"/>
      </object_component>
      <object_component id="oc-f">
         <name>.debug_info</name>
         <load_address>0xc6a</load_address>
         <run_address>0xc6a</run_address>
         <size>0xe8</size>
         <input_file_ref idref="fl-1a"/>
      </object_component>
      <object_component id="oc-14">
         <name>.debug_info</name>
         <load_address>0xd52</load_address>
         <run_address>0xd52</run_address>
         <size>0x5fb</size>
         <input_file_ref idref="fl-1b"/>
      </object_component>
      <object_component id="oc-1a">
         <name>.debug_info</name>
         <load_address>0x134d</load_address>
         <run_address>0x134d</run_address>
         <size>0x59d</size>
         <input_file_ref idref="fl-1c"/>
      </object_component>
      <object_component id="oc-1e">
         <name>.debug_info</name>
         <load_address>0x18ea</load_address>
         <run_address>0x18ea</run_address>
         <size>0x76c</size>
         <input_file_ref idref="fl-1d"/>
      </object_component>
      <object_component id="oc-23">
         <name>.debug_info</name>
         <load_address>0x2056</load_address>
         <run_address>0x2056</run_address>
         <size>0xbc</size>
         <input_file_ref idref="fl-1e"/>
      </object_component>
      <object_component id="oc-28">
         <name>.debug_info</name>
         <load_address>0x2112</load_address>
         <run_address>0x2112</run_address>
         <size>0x5bc</size>
         <input_file_ref idref="fl-1f"/>
      </object_component>
      <object_component id="oc-2d">
         <name>.debug_info</name>
         <load_address>0x26ce</load_address>
         <run_address>0x26ce</run_address>
         <size>0x27bd</size>
         <input_file_ref idref="fl-20"/>
      </object_component>
      <object_component id="oc-33">
         <name>.debug_info</name>
         <load_address>0x4e8b</load_address>
         <run_address>0x4e8b</run_address>
         <size>0x586</size>
         <input_file_ref idref="fl-21"/>
      </object_component>
      <object_component id="oc-37">
         <name>.debug_info</name>
         <load_address>0x5411</load_address>
         <run_address>0x5411</run_address>
         <size>0x5a4</size>
         <input_file_ref idref="fl-22"/>
      </object_component>
      <object_component id="oc-3b">
         <name>.debug_info</name>
         <load_address>0x59b5</load_address>
         <run_address>0x59b5</run_address>
         <size>0xcd</size>
         <input_file_ref idref="fl-23"/>
      </object_component>
      <object_component id="oc-3f">
         <name>.debug_info</name>
         <load_address>0x5a82</load_address>
         <run_address>0x5a82</run_address>
         <size>0x81f</size>
         <input_file_ref idref="fl-24"/>
      </object_component>
      <object_component id="oc-42">
         <name>.debug_info</name>
         <load_address>0x62a1</load_address>
         <run_address>0x62a1</run_address>
         <size>0x498</size>
         <input_file_ref idref="fl-25"/>
      </object_component>
      <object_component id="oc-45">
         <name>.debug_info</name>
         <load_address>0x6739</load_address>
         <run_address>0x6739</run_address>
         <size>0x57e</size>
         <input_file_ref idref="fl-26"/>
      </object_component>
      <object_component id="oc-49">
         <name>.debug_info</name>
         <load_address>0x6cb7</load_address>
         <run_address>0x6cb7</run_address>
         <size>0x7e8</size>
         <input_file_ref idref="fl-27"/>
      </object_component>
      <object_component id="oc-4d">
         <name>.debug_info</name>
         <load_address>0x749f</load_address>
         <run_address>0x749f</run_address>
         <size>0x534</size>
         <input_file_ref idref="fl-28"/>
      </object_component>
      <object_component id="oc-51">
         <name>.debug_info</name>
         <load_address>0x79d3</load_address>
         <run_address>0x79d3</run_address>
         <size>0x4cf</size>
         <input_file_ref idref="fl-29"/>
      </object_component>
      <object_component id="oc-55">
         <name>.debug_info</name>
         <load_address>0x7ea2</load_address>
         <run_address>0x7ea2</run_address>
         <size>0x534</size>
         <input_file_ref idref="fl-2a"/>
      </object_component>
      <object_component id="oc-59">
         <name>.debug_info</name>
         <load_address>0x83d6</load_address>
         <run_address>0x83d6</run_address>
         <size>0x549</size>
         <input_file_ref idref="fl-2b"/>
      </object_component>
      <object_component id="oc-5e">
         <name>.debug_info</name>
         <load_address>0x891f</load_address>
         <run_address>0x891f</run_address>
         <size>0x6aa</size>
         <input_file_ref idref="fl-2c"/>
      </object_component>
      <object_component id="oc-62">
         <name>.debug_info</name>
         <load_address>0x8fc9</load_address>
         <run_address>0x8fc9</run_address>
         <size>0x942</size>
         <input_file_ref idref="fl-2d"/>
      </object_component>
      <object_component id="oc-67">
         <name>.debug_info</name>
         <load_address>0x990b</load_address>
         <run_address>0x990b</run_address>
         <size>0x53e</size>
         <input_file_ref idref="fl-2e"/>
      </object_component>
      <object_component id="oc-6b">
         <name>.debug_info</name>
         <load_address>0x9e49</load_address>
         <run_address>0x9e49</run_address>
         <size>0x680</size>
         <input_file_ref idref="fl-2f"/>
      </object_component>
      <object_component id="oc-6f">
         <name>.debug_info</name>
         <load_address>0xa4c9</load_address>
         <run_address>0xa4c9</run_address>
         <size>0x7d4</size>
         <input_file_ref idref="fl-30"/>
      </object_component>
      <object_component id="oc-73">
         <name>.debug_info</name>
         <load_address>0xac9d</load_address>
         <run_address>0xac9d</run_address>
         <size>0xbd</size>
         <input_file_ref idref="fl-31"/>
      </object_component>
      <object_component id="oc-78">
         <name>.debug_info</name>
         <load_address>0xad5a</load_address>
         <run_address>0xad5a</run_address>
         <size>0x144b</size>
         <input_file_ref idref="fl-32"/>
      </object_component>
      <object_component id="oc-7d">
         <name>.debug_info</name>
         <load_address>0xc1a5</load_address>
         <run_address>0xc1a5</run_address>
         <size>0x5ad</size>
         <input_file_ref idref="fl-33"/>
      </object_component>
      <object_component id="oc-81">
         <name>.debug_info</name>
         <load_address>0xc752</load_address>
         <run_address>0xc752</run_address>
         <size>0x574</size>
         <input_file_ref idref="fl-34"/>
      </object_component>
      <object_component id="oc-85">
         <name>.debug_info</name>
         <load_address>0xccc6</load_address>
         <run_address>0xccc6</run_address>
         <size>0xd1</size>
         <input_file_ref idref="fl-35"/>
      </object_component>
      <object_component id="oc-89">
         <name>.debug_info</name>
         <load_address>0xcd97</load_address>
         <run_address>0xcd97</run_address>
         <size>0x55b</size>
         <input_file_ref idref="fl-36"/>
      </object_component>
      <object_component id="oc-8d">
         <name>.debug_info</name>
         <load_address>0xd2f2</load_address>
         <run_address>0xd2f2</run_address>
         <size>0x4b7</size>
         <input_file_ref idref="fl-37"/>
      </object_component>
      <object_component id="oc-91">
         <name>.debug_info</name>
         <load_address>0xd7a9</load_address>
         <run_address>0xd7a9</run_address>
         <size>0x4f2</size>
         <input_file_ref idref="fl-38"/>
      </object_component>
      <object_component id="oc-95">
         <name>.debug_info</name>
         <load_address>0xdc9b</load_address>
         <run_address>0xdc9b</run_address>
         <size>0x534</size>
         <input_file_ref idref="fl-39"/>
      </object_component>
      <object_component id="oc-99">
         <name>.debug_info</name>
         <load_address>0xe1cf</load_address>
         <run_address>0xe1cf</run_address>
         <size>0x4de</size>
         <input_file_ref idref="fl-3a"/>
      </object_component>
      <object_component id="oc-9e">
         <name>.debug_info</name>
         <load_address>0xe6ad</load_address>
         <run_address>0xe6ad</run_address>
         <size>0xed4</size>
         <input_file_ref idref="fl-3b"/>
      </object_component>
      <object_component id="oc-a2">
         <name>.debug_info</name>
         <load_address>0xf581</load_address>
         <run_address>0xf581</run_address>
         <size>0x744</size>
         <input_file_ref idref="fl-3c"/>
      </object_component>
      <object_component id="oc-a8">
         <name>.debug_info</name>
         <load_address>0xfcc5</load_address>
         <run_address>0xfcc5</run_address>
         <size>0xef</size>
         <input_file_ref idref="fl-3d"/>
      </object_component>
      <object_component id="oc-ac">
         <name>.debug_info</name>
         <load_address>0xfdb4</load_address>
         <run_address>0xfdb4</run_address>
         <size>0x662</size>
         <input_file_ref idref="fl-3e"/>
      </object_component>
      <object_component id="oc-b0">
         <name>.debug_info</name>
         <load_address>0x10416</load_address>
         <run_address>0x10416</run_address>
         <size>0x5ab</size>
         <input_file_ref idref="fl-3f"/>
      </object_component>
      <object_component id="oc-b4">
         <name>.debug_info</name>
         <load_address>0x109c1</load_address>
         <run_address>0x109c1</run_address>
         <size>0x4f2</size>
         <input_file_ref idref="fl-40"/>
      </object_component>
      <object_component id="oc-b8">
         <name>.debug_info</name>
         <load_address>0x10eb3</load_address>
         <run_address>0x10eb3</run_address>
         <size>0x706</size>
         <input_file_ref idref="fl-41"/>
      </object_component>
      <object_component id="oc-bc">
         <name>.debug_info</name>
         <load_address>0x115b9</load_address>
         <run_address>0x115b9</run_address>
         <size>0x4d2</size>
         <input_file_ref idref="fl-42"/>
      </object_component>
      <object_component id="oc-c0">
         <name>.debug_info</name>
         <load_address>0x11a8b</load_address>
         <run_address>0x11a8b</run_address>
         <size>0x5f7</size>
         <input_file_ref idref="fl-43"/>
      </object_component>
      <object_component id="oc-c4">
         <name>.debug_info</name>
         <load_address>0x12082</load_address>
         <run_address>0x12082</run_address>
         <size>0x64a</size>
         <input_file_ref idref="fl-44"/>
      </object_component>
      <object_component id="oc-c9">
         <name>.debug_info</name>
         <load_address>0x126cc</load_address>
         <run_address>0x126cc</run_address>
         <size>0xa1c</size>
         <input_file_ref idref="fl-45"/>
      </object_component>
      <object_component id="oc-cf">
         <name>.debug_info</name>
         <load_address>0x130e8</load_address>
         <run_address>0x130e8</run_address>
         <size>0xb97</size>
         <input_file_ref idref="fl-46"/>
      </object_component>
      <object_component id="oc-d5">
         <name>.debug_info</name>
         <load_address>0x13c7f</load_address>
         <run_address>0x13c7f</run_address>
         <size>0x64f</size>
         <input_file_ref idref="fl-47"/>
      </object_component>
      <object_component id="oc-d9">
         <name>.debug_info</name>
         <load_address>0x142ce</load_address>
         <run_address>0x142ce</run_address>
         <size>0x510</size>
         <input_file_ref idref="fl-48"/>
      </object_component>
      <object_component id="oc-dd">
         <name>.debug_info</name>
         <load_address>0x147de</load_address>
         <run_address>0x147de</run_address>
         <size>0x10c</size>
         <input_file_ref idref="fl-49"/>
      </object_component>
      <object_component id="oc-e2">
         <name>.debug_info</name>
         <load_address>0x148ea</load_address>
         <run_address>0x148ea</run_address>
         <size>0x10d</size>
         <input_file_ref idref="fl-4a"/>
      </object_component>
      <object_component id="oc-10b">
         <name>.debug_info</name>
         <load_address>0x149f7</load_address>
         <run_address>0x149f7</run_address>
         <size>0x6e</size>
      </object_component>
      <object_component id="oc-e6">
         <name>.const:__ctypes_</name>
         <load_address>0x4730</load_address>
         <run_address>0x4730</run_address>
         <size>0x202</size>
         <input_file_ref idref="fl-25"/>
      </object_component>
      <object_component id="oc-5">
         <name>.const:.string</name>
         <load_address>0x4934</load_address>
         <run_address>0x4934</run_address>
         <size>0x9e</size>
         <input_file_ref idref="fl-2"/>
      </object_component>
      <object_component id="oc-2f">
         <name>.const:.string</name>
         <load_address>0x49d4</load_address>
         <run_address>0x49d4</run_address>
         <size>0x48</size>
         <input_file_ref idref="fl-20"/>
      </object_component>
      <object_component id="oc-2e">
         <name>.const</name>
         <load_address>0x4a1c</load_address>
         <run_address>0x4a1c</run_address>
         <size>0x18</size>
         <input_file_ref idref="fl-20"/>
      </object_component>
      <object_component id="oc-e7">
         <name>.const:_initial_approx$1</name>
         <load_address>0x4a34</load_address>
         <run_address>0x4a34</run_address>
         <size>0x10</size>
         <input_file_ref idref="fl-27"/>
      </object_component>
      <object_component id="oc-63">
         <name>.const:.string</name>
         <load_address>0x4a44</load_address>
         <run_address>0x4a44</run_address>
         <size>0x4</size>
         <input_file_ref idref="fl-2d"/>
      </object_component>
      <object_component id="oc-5a">
         <name>.const</name>
         <load_address>0x4a48</load_address>
         <run_address>0x4a48</run_address>
         <size>0x4</size>
         <input_file_ref idref="fl-2b"/>
      </object_component>
      <object_component id="oc-6">
         <name>.debug_frame</name>
         <load_address>0x0</load_address>
         <run_address>0x0</run_address>
         <size>0x101</size>
         <input_file_ref idref="fl-2"/>
      </object_component>
      <object_component id="oc-b">
         <name>.debug_frame</name>
         <load_address>0x101</load_address>
         <run_address>0x101</run_address>
         <size>0xe4</size>
         <input_file_ref idref="fl-3"/>
      </object_component>
      <object_component id="oc-7">
         <name>.debug_line</name>
         <load_address>0x0</load_address>
         <run_address>0x0</run_address>
         <size>0x77</size>
         <input_file_ref idref="fl-2"/>
      </object_component>
      <object_component id="oc-c">
         <name>.debug_line</name>
         <load_address>0x77</load_address>
         <run_address>0x77</run_address>
         <size>0x40</size>
         <input_file_ref idref="fl-3"/>
      </object_component>
      <object_component id="oc-10">
         <name>.debug_line</name>
         <load_address>0xb7</load_address>
         <run_address>0xb7</run_address>
         <size>0x54</size>
         <input_file_ref idref="fl-1a"/>
      </object_component>
      <object_component id="oc-17">
         <name>.debug_line</name>
         <load_address>0x10b</load_address>
         <run_address>0x10b</run_address>
         <size>0x51</size>
         <input_file_ref idref="fl-1b"/>
      </object_component>
      <object_component id="oc-1b">
         <name>.debug_line</name>
         <load_address>0x15c</load_address>
         <run_address>0x15c</run_address>
         <size>0x52</size>
         <input_file_ref idref="fl-1c"/>
      </object_component>
      <object_component id="oc-1f">
         <name>.debug_line</name>
         <load_address>0x1ae</load_address>
         <run_address>0x1ae</run_address>
         <size>0x69</size>
         <input_file_ref idref="fl-1d"/>
      </object_component>
      <object_component id="oc-24">
         <name>.debug_line</name>
         <load_address>0x217</load_address>
         <run_address>0x217</run_address>
         <size>0x37</size>
         <input_file_ref idref="fl-1e"/>
      </object_component>
      <object_component id="oc-2a">
         <name>.debug_line</name>
         <load_address>0x24e</load_address>
         <run_address>0x24e</run_address>
         <size>0x57</size>
         <input_file_ref idref="fl-1f"/>
      </object_component>
      <object_component id="oc-30">
         <name>.debug_line</name>
         <load_address>0x2a5</load_address>
         <run_address>0x2a5</run_address>
         <size>0x328</size>
         <input_file_ref idref="fl-20"/>
      </object_component>
      <object_component id="oc-34">
         <name>.debug_line</name>
         <load_address>0x5cd</load_address>
         <run_address>0x5cd</run_address>
         <size>0x41</size>
         <input_file_ref idref="fl-21"/>
      </object_component>
      <object_component id="oc-38">
         <name>.debug_line</name>
         <load_address>0x60e</load_address>
         <run_address>0x60e</run_address>
         <size>0x46</size>
         <input_file_ref idref="fl-22"/>
      </object_component>
      <object_component id="oc-3c">
         <name>.debug_line</name>
         <load_address>0x654</load_address>
         <run_address>0x654</run_address>
         <size>0x55</size>
         <input_file_ref idref="fl-23"/>
      </object_component>
      <object_component id="oc-40">
         <name>.debug_line</name>
         <load_address>0x6a9</load_address>
         <run_address>0x6a9</run_address>
         <size>0xad</size>
         <input_file_ref idref="fl-24"/>
      </object_component>
      <object_component id="oc-4a">
         <name>.debug_line</name>
         <load_address>0x756</load_address>
         <run_address>0x756</run_address>
         <size>0x5b</size>
         <input_file_ref idref="fl-27"/>
      </object_component>
      <object_component id="oc-4e">
         <name>.debug_line</name>
         <load_address>0x7b1</load_address>
         <run_address>0x7b1</run_address>
         <size>0x44</size>
         <input_file_ref idref="fl-28"/>
      </object_component>
      <object_component id="oc-52">
         <name>.debug_line</name>
         <load_address>0x7f5</load_address>
         <run_address>0x7f5</run_address>
         <size>0x3d</size>
         <input_file_ref idref="fl-29"/>
      </object_component>
      <object_component id="oc-56">
         <name>.debug_line</name>
         <load_address>0x832</load_address>
         <run_address>0x832</run_address>
         <size>0x3d</size>
         <input_file_ref idref="fl-2a"/>
      </object_component>
      <object_component id="oc-5b">
         <name>.debug_line</name>
         <load_address>0x86f</load_address>
         <run_address>0x86f</run_address>
         <size>0x44</size>
         <input_file_ref idref="fl-2b"/>
      </object_component>
      <object_component id="oc-5f">
         <name>.debug_line</name>
         <load_address>0x8b3</load_address>
         <run_address>0x8b3</run_address>
         <size>0x56</size>
         <input_file_ref idref="fl-2c"/>
      </object_component>
      <object_component id="oc-64">
         <name>.debug_line</name>
         <load_address>0x909</load_address>
         <run_address>0x909</run_address>
         <size>0xa8</size>
         <input_file_ref idref="fl-2d"/>
      </object_component>
      <object_component id="oc-68">
         <name>.debug_line</name>
         <load_address>0x9b1</load_address>
         <run_address>0x9b1</run_address>
         <size>0x40</size>
         <input_file_ref idref="fl-2e"/>
      </object_component>
      <object_component id="oc-6c">
         <name>.debug_line</name>
         <load_address>0x9f1</load_address>
         <run_address>0x9f1</run_address>
         <size>0x38</size>
         <input_file_ref idref="fl-2f"/>
      </object_component>
      <object_component id="oc-70">
         <name>.debug_line</name>
         <load_address>0xa29</load_address>
         <run_address>0xa29</run_address>
         <size>0xa8</size>
         <input_file_ref idref="fl-30"/>
      </object_component>
      <object_component id="oc-74">
         <name>.debug_line</name>
         <load_address>0xad1</load_address>
         <run_address>0xad1</run_address>
         <size>0x3c</size>
         <input_file_ref idref="fl-31"/>
      </object_component>
      <object_component id="oc-7a">
         <name>.debug_line</name>
         <load_address>0xb0d</load_address>
         <run_address>0xb0d</run_address>
         <size>0x1b0</size>
         <input_file_ref idref="fl-32"/>
      </object_component>
      <object_component id="oc-7e">
         <name>.debug_line</name>
         <load_address>0xcbd</load_address>
         <run_address>0xcbd</run_address>
         <size>0x40</size>
         <input_file_ref idref="fl-33"/>
      </object_component>
      <object_component id="oc-82">
         <name>.debug_line</name>
         <load_address>0xcfd</load_address>
         <run_address>0xcfd</run_address>
         <size>0x3c</size>
         <input_file_ref idref="fl-34"/>
      </object_component>
      <object_component id="oc-86">
         <name>.debug_line</name>
         <load_address>0xd39</load_address>
         <run_address>0xd39</run_address>
         <size>0x4d</size>
         <input_file_ref idref="fl-35"/>
      </object_component>
      <object_component id="oc-8a">
         <name>.debug_line</name>
         <load_address>0xd86</load_address>
         <run_address>0xd86</run_address>
         <size>0x3c</size>
         <input_file_ref idref="fl-36"/>
      </object_component>
      <object_component id="oc-8e">
         <name>.debug_line</name>
         <load_address>0xdc2</load_address>
         <run_address>0xdc2</run_address>
         <size>0x37</size>
         <input_file_ref idref="fl-37"/>
      </object_component>
      <object_component id="oc-92">
         <name>.debug_line</name>
         <load_address>0xdf9</load_address>
         <run_address>0xdf9</run_address>
         <size>0x3c</size>
         <input_file_ref idref="fl-38"/>
      </object_component>
      <object_component id="oc-96">
         <name>.debug_line</name>
         <load_address>0xe35</load_address>
         <run_address>0xe35</run_address>
         <size>0x44</size>
         <input_file_ref idref="fl-39"/>
      </object_component>
      <object_component id="oc-9a">
         <name>.debug_line</name>
         <load_address>0xe79</load_address>
         <run_address>0xe79</run_address>
         <size>0x37</size>
         <input_file_ref idref="fl-3a"/>
      </object_component>
      <object_component id="oc-9f">
         <name>.debug_line</name>
         <load_address>0xeb0</load_address>
         <run_address>0xeb0</run_address>
         <size>0x15d</size>
         <input_file_ref idref="fl-3b"/>
      </object_component>
      <object_component id="oc-a5">
         <name>.debug_line</name>
         <load_address>0x100d</load_address>
         <run_address>0x100d</run_address>
         <size>0x6a</size>
         <input_file_ref idref="fl-3c"/>
      </object_component>
      <object_component id="oc-a9">
         <name>.debug_line</name>
         <load_address>0x1077</load_address>
         <run_address>0x1077</run_address>
         <size>0x58</size>
         <input_file_ref idref="fl-3d"/>
      </object_component>
      <object_component id="oc-ad">
         <name>.debug_line</name>
         <load_address>0x10cf</load_address>
         <run_address>0x10cf</run_address>
         <size>0x57</size>
         <input_file_ref idref="fl-3e"/>
      </object_component>
      <object_component id="oc-b1">
         <name>.debug_line</name>
         <load_address>0x1126</load_address>
         <run_address>0x1126</run_address>
         <size>0x5c</size>
         <input_file_ref idref="fl-3f"/>
      </object_component>
      <object_component id="oc-b5">
         <name>.debug_line</name>
         <load_address>0x1182</load_address>
         <run_address>0x1182</run_address>
         <size>0x3c</size>
         <input_file_ref idref="fl-40"/>
      </object_component>
      <object_component id="oc-b9">
         <name>.debug_line</name>
         <load_address>0x11be</load_address>
         <run_address>0x11be</run_address>
         <size>0x5b</size>
         <input_file_ref idref="fl-41"/>
      </object_component>
      <object_component id="oc-bd">
         <name>.debug_line</name>
         <load_address>0x1219</load_address>
         <run_address>0x1219</run_address>
         <size>0x3a</size>
         <input_file_ref idref="fl-42"/>
      </object_component>
      <object_component id="oc-c1">
         <name>.debug_line</name>
         <load_address>0x1253</load_address>
         <run_address>0x1253</run_address>
         <size>0x3c</size>
         <input_file_ref idref="fl-43"/>
      </object_component>
      <object_component id="oc-c5">
         <name>.debug_line</name>
         <load_address>0x128f</load_address>
         <run_address>0x128f</run_address>
         <size>0x3f</size>
         <input_file_ref idref="fl-44"/>
      </object_component>
      <object_component id="oc-cb">
         <name>.debug_line</name>
         <load_address>0x12ce</load_address>
         <run_address>0x12ce</run_address>
         <size>0xd7</size>
         <input_file_ref idref="fl-45"/>
      </object_component>
      <object_component id="oc-d2">
         <name>.debug_line</name>
         <load_address>0x13a5</load_address>
         <run_address>0x13a5</run_address>
         <size>0x112</size>
         <input_file_ref idref="fl-46"/>
      </object_component>
      <object_component id="oc-d6">
         <name>.debug_line</name>
         <load_address>0x14b7</load_address>
         <run_address>0x14b7</run_address>
         <size>0x3d</size>
         <input_file_ref idref="fl-47"/>
      </object_component>
      <object_component id="oc-da">
         <name>.debug_line</name>
         <load_address>0x14f4</load_address>
         <run_address>0x14f4</run_address>
         <size>0x39</size>
         <input_file_ref idref="fl-48"/>
      </object_component>
      <object_component id="oc-de">
         <name>.debug_line</name>
         <load_address>0x152d</load_address>
         <run_address>0x152d</run_address>
         <size>0x4e</size>
         <input_file_ref idref="fl-49"/>
      </object_component>
      <object_component id="oc-e3">
         <name>.debug_line</name>
         <load_address>0x157b</load_address>
         <run_address>0x157b</run_address>
         <size>0x38</size>
         <input_file_ref idref="fl-4a"/>
      </object_component>
      <object_component id="oc-8">
         <name>.debug_abbrev</name>
         <load_address>0x0</load_address>
         <run_address>0x0</run_address>
         <size>0x140</size>
         <input_file_ref idref="fl-2"/>
      </object_component>
      <object_component id="oc-d">
         <name>.debug_abbrev</name>
         <load_address>0x140</load_address>
         <run_address>0x140</run_address>
         <size>0x85</size>
         <input_file_ref idref="fl-3"/>
      </object_component>
      <object_component id="oc-11">
         <name>.debug_abbrev</name>
         <load_address>0x1c5</load_address>
         <run_address>0x1c5</run_address>
         <size>0x3a</size>
         <input_file_ref idref="fl-1a"/>
      </object_component>
      <object_component id="oc-18">
         <name>.debug_abbrev</name>
         <load_address>0x1ff</load_address>
         <run_address>0x1ff</run_address>
         <size>0xf7</size>
         <input_file_ref idref="fl-1b"/>
      </object_component>
      <object_component id="oc-1c">
         <name>.debug_abbrev</name>
         <load_address>0x2f6</load_address>
         <run_address>0x2f6</run_address>
         <size>0xb0</size>
         <input_file_ref idref="fl-1c"/>
      </object_component>
      <object_component id="oc-20">
         <name>.debug_abbrev</name>
         <load_address>0x3a6</load_address>
         <run_address>0x3a6</run_address>
         <size>0x145</size>
         <input_file_ref idref="fl-1d"/>
      </object_component>
      <object_component id="oc-25">
         <name>.debug_abbrev</name>
         <load_address>0x4eb</load_address>
         <run_address>0x4eb</run_address>
         <size>0x26</size>
         <input_file_ref idref="fl-1e"/>
      </object_component>
      <object_component id="oc-2b">
         <name>.debug_abbrev</name>
         <load_address>0x511</load_address>
         <run_address>0x511</run_address>
         <size>0x9f</size>
         <input_file_ref idref="fl-1f"/>
      </object_component>
      <object_component id="oc-31">
         <name>.debug_abbrev</name>
         <load_address>0x5b0</load_address>
         <run_address>0x5b0</run_address>
         <size>0x1f8</size>
         <input_file_ref idref="fl-20"/>
      </object_component>
      <object_component id="oc-35">
         <name>.debug_abbrev</name>
         <load_address>0x7a8</load_address>
         <run_address>0x7a8</run_address>
         <size>0xec</size>
         <input_file_ref idref="fl-21"/>
      </object_component>
      <object_component id="oc-39">
         <name>.debug_abbrev</name>
         <load_address>0x894</load_address>
         <run_address>0x894</run_address>
         <size>0xd5</size>
         <input_file_ref idref="fl-22"/>
      </object_component>
      <object_component id="oc-3d">
         <name>.debug_abbrev</name>
         <load_address>0x969</load_address>
         <run_address>0x969</run_address>
         <size>0x44</size>
         <input_file_ref idref="fl-23"/>
      </object_component>
      <object_component id="oc-41">
         <name>.debug_abbrev</name>
         <load_address>0x9ad</load_address>
         <run_address>0x9ad</run_address>
         <size>0xb7</size>
         <input_file_ref idref="fl-24"/>
      </object_component>
      <object_component id="oc-43">
         <name>.debug_abbrev</name>
         <load_address>0xa64</load_address>
         <run_address>0xa64</run_address>
         <size>0x68</size>
         <input_file_ref idref="fl-25"/>
      </object_component>
      <object_component id="oc-47">
         <name>.debug_abbrev</name>
         <load_address>0xacc</load_address>
         <run_address>0xacc</run_address>
         <size>0x83</size>
         <input_file_ref idref="fl-26"/>
      </object_component>
      <object_component id="oc-4b">
         <name>.debug_abbrev</name>
         <load_address>0xb4f</load_address>
         <run_address>0xb4f</run_address>
         <size>0x112</size>
         <input_file_ref idref="fl-27"/>
      </object_component>
      <object_component id="oc-4f">
         <name>.debug_abbrev</name>
         <load_address>0xc61</load_address>
         <run_address>0xc61</run_address>
         <size>0xb5</size>
         <input_file_ref idref="fl-28"/>
      </object_component>
      <object_component id="oc-53">
         <name>.debug_abbrev</name>
         <load_address>0xd16</load_address>
         <run_address>0xd16</run_address>
         <size>0x8f</size>
         <input_file_ref idref="fl-29"/>
      </object_component>
      <object_component id="oc-57">
         <name>.debug_abbrev</name>
         <load_address>0xda5</load_address>
         <run_address>0xda5</run_address>
         <size>0xb7</size>
         <input_file_ref idref="fl-2a"/>
      </object_component>
      <object_component id="oc-5c">
         <name>.debug_abbrev</name>
         <load_address>0xe5c</load_address>
         <run_address>0xe5c</run_address>
         <size>0xc2</size>
         <input_file_ref idref="fl-2b"/>
      </object_component>
      <object_component id="oc-60">
         <name>.debug_abbrev</name>
         <load_address>0xf1e</load_address>
         <run_address>0xf1e</run_address>
         <size>0x103</size>
         <input_file_ref idref="fl-2c"/>
      </object_component>
      <object_component id="oc-65">
         <name>.debug_abbrev</name>
         <load_address>0x1021</load_address>
         <run_address>0x1021</run_address>
         <size>0x140</size>
         <input_file_ref idref="fl-2d"/>
      </object_component>
      <object_component id="oc-69">
         <name>.debug_abbrev</name>
         <load_address>0x1161</load_address>
         <run_address>0x1161</run_address>
         <size>0x9a</size>
         <input_file_ref idref="fl-2e"/>
      </object_component>
      <object_component id="oc-6d">
         <name>.debug_abbrev</name>
         <load_address>0x11fb</load_address>
         <run_address>0x11fb</run_address>
         <size>0xd0</size>
         <input_file_ref idref="fl-2f"/>
      </object_component>
      <object_component id="oc-71">
         <name>.debug_abbrev</name>
         <load_address>0x12cb</load_address>
         <run_address>0x12cb</run_address>
         <size>0xb7</size>
         <input_file_ref idref="fl-30"/>
      </object_component>
      <object_component id="oc-75">
         <name>.debug_abbrev</name>
         <load_address>0x1382</load_address>
         <run_address>0x1382</run_address>
         <size>0x38</size>
         <input_file_ref idref="fl-31"/>
      </object_component>
      <object_component id="oc-7b">
         <name>.debug_abbrev</name>
         <load_address>0x13ba</load_address>
         <run_address>0x13ba</run_address>
         <size>0x225</size>
         <input_file_ref idref="fl-32"/>
      </object_component>
      <object_component id="oc-7f">
         <name>.debug_abbrev</name>
         <load_address>0x15df</load_address>
         <run_address>0x15df</run_address>
         <size>0xec</size>
         <input_file_ref idref="fl-33"/>
      </object_component>
      <object_component id="oc-83">
         <name>.debug_abbrev</name>
         <load_address>0x16cb</load_address>
         <run_address>0x16cb</run_address>
         <size>0xb7</size>
         <input_file_ref idref="fl-34"/>
      </object_component>
      <object_component id="oc-87">
         <name>.debug_abbrev</name>
         <load_address>0x1782</load_address>
         <run_address>0x1782</run_address>
         <size>0x38</size>
         <input_file_ref idref="fl-35"/>
      </object_component>
      <object_component id="oc-8b">
         <name>.debug_abbrev</name>
         <load_address>0x17ba</load_address>
         <run_address>0x17ba</run_address>
         <size>0xdc</size>
         <input_file_ref idref="fl-36"/>
      </object_component>
      <object_component id="oc-8f">
         <name>.debug_abbrev</name>
         <load_address>0x1896</load_address>
         <run_address>0x1896</run_address>
         <size>0x81</size>
         <input_file_ref idref="fl-37"/>
      </object_component>
      <object_component id="oc-93">
         <name>.debug_abbrev</name>
         <load_address>0x1917</load_address>
         <run_address>0x1917</run_address>
         <size>0xa6</size>
         <input_file_ref idref="fl-38"/>
      </object_component>
      <object_component id="oc-97">
         <name>.debug_abbrev</name>
         <load_address>0x19bd</load_address>
         <run_address>0x19bd</run_address>
         <size>0xb5</size>
         <input_file_ref idref="fl-39"/>
      </object_component>
      <object_component id="oc-9b">
         <name>.debug_abbrev</name>
         <load_address>0x1a72</load_address>
         <run_address>0x1a72</run_address>
         <size>0x8f</size>
         <input_file_ref idref="fl-3a"/>
      </object_component>
      <object_component id="oc-a0">
         <name>.debug_abbrev</name>
         <load_address>0x1b01</load_address>
         <run_address>0x1b01</run_address>
         <size>0x15a</size>
         <input_file_ref idref="fl-3b"/>
      </object_component>
      <object_component id="oc-a6">
         <name>.debug_abbrev</name>
         <load_address>0x1c5b</load_address>
         <run_address>0x1c5b</run_address>
         <size>0xde</size>
         <input_file_ref idref="fl-3c"/>
      </object_component>
      <object_component id="oc-aa">
         <name>.debug_abbrev</name>
         <load_address>0x1d39</load_address>
         <run_address>0x1d39</run_address>
         <size>0x38</size>
         <input_file_ref idref="fl-3d"/>
      </object_component>
      <object_component id="oc-ae">
         <name>.debug_abbrev</name>
         <load_address>0x1d71</load_address>
         <run_address>0x1d71</run_address>
         <size>0xd1</size>
         <input_file_ref idref="fl-3e"/>
      </object_component>
      <object_component id="oc-b2">
         <name>.debug_abbrev</name>
         <load_address>0x1e42</load_address>
         <run_address>0x1e42</run_address>
         <size>0xd4</size>
         <input_file_ref idref="fl-3f"/>
      </object_component>
      <object_component id="oc-b6">
         <name>.debug_abbrev</name>
         <load_address>0x1f16</load_address>
         <run_address>0x1f16</run_address>
         <size>0xa6</size>
         <input_file_ref idref="fl-40"/>
      </object_component>
      <object_component id="oc-ba">
         <name>.debug_abbrev</name>
         <load_address>0x1fbc</load_address>
         <run_address>0x1fbc</run_address>
         <size>0x136</size>
         <input_file_ref idref="fl-41"/>
      </object_component>
      <object_component id="oc-be">
         <name>.debug_abbrev</name>
         <load_address>0x20f2</load_address>
         <run_address>0x20f2</run_address>
         <size>0x81</size>
         <input_file_ref idref="fl-42"/>
      </object_component>
      <object_component id="oc-c2">
         <name>.debug_abbrev</name>
         <load_address>0x2173</load_address>
         <run_address>0x2173</run_address>
         <size>0xd1</size>
         <input_file_ref idref="fl-43"/>
      </object_component>
      <object_component id="oc-c6">
         <name>.debug_abbrev</name>
         <load_address>0x2244</load_address>
         <run_address>0x2244</run_address>
         <size>0x10b</size>
         <input_file_ref idref="fl-44"/>
      </object_component>
      <object_component id="oc-cc">
         <name>.debug_abbrev</name>
         <load_address>0x234f</load_address>
         <run_address>0x234f</run_address>
         <size>0x1a2</size>
         <input_file_ref idref="fl-45"/>
      </object_component>
      <object_component id="oc-d3">
         <name>.debug_abbrev</name>
         <load_address>0x24f1</load_address>
         <run_address>0x24f1</run_address>
         <size>0x1de</size>
         <input_file_ref idref="fl-46"/>
      </object_component>
      <object_component id="oc-d7">
         <name>.debug_abbrev</name>
         <load_address>0x26cf</load_address>
         <run_address>0x26cf</run_address>
         <size>0x118</size>
         <input_file_ref idref="fl-47"/>
      </object_component>
      <object_component id="oc-db">
         <name>.debug_abbrev</name>
         <load_address>0x27e7</load_address>
         <run_address>0x27e7</run_address>
         <size>0xbf</size>
         <input_file_ref idref="fl-48"/>
      </object_component>
      <object_component id="oc-df">
         <name>.debug_abbrev</name>
         <load_address>0x28a6</load_address>
         <run_address>0x28a6</run_address>
         <size>0x2c</size>
         <input_file_ref idref="fl-49"/>
      </object_component>
      <object_component id="oc-e4">
         <name>.debug_abbrev</name>
         <load_address>0x28d2</load_address>
         <run_address>0x28d2</run_address>
         <size>0x2c</size>
         <input_file_ref idref="fl-4a"/>
      </object_component>
      <object_component id="oc-10c">
         <name>.debug_abbrev</name>
         <load_address>0x28fe</load_address>
         <run_address>0x28fe</run_address>
         <size>0xd</size>
      </object_component>
      <object_component id="oc-e">
         <name>.stack</name>
         <uninitialized>true</uninitialized>
         <run_address>0x4c90</run_address>
         <size>0x0</size>
         <input_file_ref idref="fl-1a"/>
      </object_component>
      <object_component id="oc-107">
         <name>.stack</name>
         <uninitialized>true</uninitialized>
         <run_address>0x4c90</run_address>
         <size>0x0</size>
      </object_component>
      <object_component id="oc-a3">
         <name>.cio</name>
         <uninitialized>true</uninitialized>
         <run_address>0x4a50</run_address>
         <size>0x240</size>
         <input_file_ref idref="fl-3c"/>
      </object_component>
      <object_component id="oc-d1">
         <name>.sysmem</name>
         <uninitialized>true</uninitialized>
         <run_address>0x4330</run_address>
         <size>0x0</size>
         <input_file_ref idref="fl-46"/>
      </object_component>
      <object_component id="oc-108">
         <name>.sysmem</name>
         <uninitialized>true</uninitialized>
         <run_address>0x4330</run_address>
         <size>0x0</size>
      </object_component>
      <object_component id="oc-e5">
         <name>.sysstack</name>
         <uninitialized>true</uninitialized>
         <run_address>0x4e90</run_address>
         <size>0x0</size>
         <input_file_ref idref="fl-1a"/>
      </object_component>
      <object_component id="oc-109">
         <name>.sysstack</name>
         <uninitialized>true</uninitialized>
         <run_address>0x4e90</run_address>
         <size>0x0</size>
      </object_component>
   </object_component_list>
   <logical_group_list>
      <logical_group id="lg-e8">
         <name>.text</name>
         <load_address>0x100</load_address>
         <run_address>0x100</run_address>
         <size>0x4147</size>
         <contents>
            <object_component_ref idref="oc-2c"/>
            <object_component_ref idref="oc-76"/>
            <object_component_ref idref="oc-9c"/>
            <object_component_ref idref="oc-cd"/>
            <object_component_ref idref="oc-48"/>
            <object_component_ref idref="oc-c7"/>
            <object_component_ref idref="oc-6e"/>
            <object_component_ref idref="oc-af"/>
            <object_component_ref idref="oc-3e"/>
            <object_component_ref idref="oc-61"/>
            <object_component_ref idref="oc-88"/>
            <object_component_ref idref="oc-c3"/>
            <object_component_ref idref="oc-ab"/>
            <object_component_ref idref="oc-b7"/>
            <object_component_ref idref="oc-a4"/>
            <object_component_ref idref="oc-5d"/>
            <object_component_ref idref="oc-4c"/>
            <object_component_ref idref="oc-3"/>
            <object_component_ref idref="oc-7c"/>
            <object_component_ref idref="oc-d4"/>
            <object_component_ref idref="oc-bb"/>
            <object_component_ref idref="oc-66"/>
            <object_component_ref idref="oc-94"/>
            <object_component_ref idref="oc-54"/>
            <object_component_ref idref="oc-a1"/>
            <object_component_ref idref="oc-bf"/>
            <object_component_ref idref="oc-58"/>
            <object_component_ref idref="oc-36"/>
            <object_component_ref idref="oc-1d"/>
            <object_component_ref idref="oc-3a"/>
            <object_component_ref idref="oc-32"/>
            <object_component_ref idref="oc-90"/>
            <object_component_ref idref="oc-dc"/>
            <object_component_ref idref="oc-b3"/>
            <object_component_ref idref="oc-84"/>
            <object_component_ref idref="oc-12"/>
            <object_component_ref idref="oc-2"/>
            <object_component_ref idref="oc-50"/>
            <object_component_ref idref="oc-a7"/>
            <object_component_ref idref="oc-80"/>
            <object_component_ref idref="oc-6a"/>
            <object_component_ref idref="oc-98"/>
            <object_component_ref idref="oc-72"/>
            <object_component_ref idref="oc-26"/>
            <object_component_ref idref="oc-19"/>
            <object_component_ref idref="oc-8c"/>
            <object_component_ref idref="oc-d8"/>
            <object_component_ref idref="oc-e0"/>
            <object_component_ref idref="oc-9"/>
            <object_component_ref idref="oc-16"/>
            <object_component_ref idref="oc-21"/>
         </contents>
      </logical_group>
      <logical_group id="lg-e9">
         <name>.data</name>
         <run_address>0x10000</run_address>
         <size>0x0</size>
         <contents>
         </contents>
      </logical_group>
      <logical_group id="lg-ea">
         <name>.bss</name>
         <run_address>0x10000</run_address>
         <size>0x4d4</size>
         <contents>
            <object_component_ref idref="oc-13"/>
            <object_component_ref idref="oc-27"/>
            <object_component_ref idref="oc-44"/>
            <object_component_ref idref="oc-77"/>
            <object_component_ref idref="oc-9d"/>
            <object_component_ref idref="oc-c8"/>
            <object_component_ref idref="oc-ce"/>
            <object_component_ref idref="oc-e1"/>
         </contents>
      </logical_group>
      <logical_group id="lg-eb">
         <name>vectors</name>
         <load_address>0xffff00</load_address>
         <run_address>0xffff00</run_address>
         <size>0x100</size>
         <contents>
            <object_component_ref idref="oc-22"/>
         </contents>
      </logical_group>
      <logical_group id="lg-ec">
         <name>.cinit</name>
         <load_address>0x4248</load_address>
         <run_address>0x4248</run_address>
         <size>0xe8</size>
         <contents>
            <object_component_ref idref="oc-79"/>
            <object_component_ref idref="oc-46"/>
            <object_component_ref idref="oc-29"/>
            <object_component_ref idref="oc-15"/>
            <object_component_ref idref="oc-ca"/>
            <object_component_ref idref="oc-d0"/>
         </contents>
      </logical_group>
      <logical_group id="lg-ed">
         <name>.pinit</name>
         <run_address>0x0</run_address>
         <size>0x0</size>
         <contents>
         </contents>
      </logical_group>
      <logical_group id="lg-f4">
         <name>.debug_info</name>
         <load_address>0x0</load_address>
         <run_address>0x0</run_address>
         <size>0x14a65</size>
         <contents>
            <object_component_ref idref="oc-4"/>
            <object_component_ref idref="oc-a"/>
            <object_component_ref idref="oc-f"/>
            <object_component_ref idref="oc-14"/>
            <object_component_ref idref="oc-1a"/>
            <object_component_ref idref="oc-1e"/>
            <object_component_ref idref="oc-23"/>
            <object_component_ref idref="oc-28"/>
            <object_component_ref idref="oc-2d"/>
            <object_component_ref idref="oc-33"/>
            <object_component_ref idref="oc-37"/>
            <object_component_ref idref="oc-3b"/>
            <object_component_ref idref="oc-3f"/>
            <object_component_ref idref="oc-42"/>
            <object_component_ref idref="oc-45"/>
            <object_component_ref idref="oc-49"/>
            <object_component_ref idref="oc-4d"/>
            <object_component_ref idref="oc-51"/>
            <object_component_ref idref="oc-55"/>
            <object_component_ref idref="oc-59"/>
            <object_component_ref idref="oc-5e"/>
            <object_component_ref idref="oc-62"/>
            <object_component_ref idref="oc-67"/>
            <object_component_ref idref="oc-6b"/>
            <object_component_ref idref="oc-6f"/>
            <object_component_ref idref="oc-73"/>
            <object_component_ref idref="oc-78"/>
            <object_component_ref idref="oc-7d"/>
            <object_component_ref idref="oc-81"/>
            <object_component_ref idref="oc-85"/>
            <object_component_ref idref="oc-89"/>
            <object_component_ref idref="oc-8d"/>
            <object_component_ref idref="oc-91"/>
            <object_component_ref idref="oc-95"/>
            <object_component_ref idref="oc-99"/>
            <object_component_ref idref="oc-9e"/>
            <object_component_ref idref="oc-a2"/>
            <object_component_ref idref="oc-a8"/>
            <object_component_ref idref="oc-ac"/>
            <object_component_ref idref="oc-b0"/>
            <object_component_ref idref="oc-b4"/>
            <object_component_ref idref="oc-b8"/>
            <object_component_ref idref="oc-bc"/>
            <object_component_ref idref="oc-c0"/>
            <object_component_ref idref="oc-c4"/>
            <object_component_ref idref="oc-c9"/>
            <object_component_ref idref="oc-cf"/>
            <object_component_ref idref="oc-d5"/>
            <object_component_ref idref="oc-d9"/>
            <object_component_ref idref="oc-dd"/>
            <object_component_ref idref="oc-e2"/>
            <object_component_ref idref="oc-10b"/>
         </contents>
      </logical_group>
      <logical_group id="lg-f6">
         <name>.const</name>
         <load_address>0x4730</load_address>
         <run_address>0x4730</run_address>
         <size>0x31c</size>
         <contents>
            <object_component_ref idref="oc-e6"/>
            <object_component_ref idref="oc-5"/>
            <object_component_ref idref="oc-2f"/>
            <object_component_ref idref="oc-2e"/>
            <object_component_ref idref="oc-e7"/>
            <object_component_ref idref="oc-63"/>
            <object_component_ref idref="oc-5a"/>
         </contents>
      </logical_group>
      <logical_group id="lg-f8">
         <name>.debug_frame</name>
         <load_address>0x0</load_address>
         <run_address>0x0</run_address>
         <size>0x1e5</size>
         <contents>
            <object_component_ref idref="oc-6"/>
            <object_component_ref idref="oc-b"/>
         </contents>
      </logical_group>
      <logical_group id="lg-fa">
         <name>.debug_line</name>
         <load_address>0x0</load_address>
         <run_address>0x0</run_address>
         <size>0x15b3</size>
         <contents>
            <object_component_ref idref="oc-7"/>
            <object_component_ref idref="oc-c"/>
            <object_component_ref idref="oc-10"/>
            <object_component_ref idref="oc-17"/>
            <object_component_ref idref="oc-1b"/>
            <object_component_ref idref="oc-1f"/>
            <object_component_ref idref="oc-24"/>
            <object_component_ref idref="oc-2a"/>
            <object_component_ref idref="oc-30"/>
            <object_component_ref idref="oc-34"/>
            <object_component_ref idref="oc-38"/>
            <object_component_ref idref="oc-3c"/>
            <object_component_ref idref="oc-40"/>
            <object_component_ref idref="oc-4a"/>
            <object_component_ref idref="oc-4e"/>
            <object_component_ref idref="oc-52"/>
            <object_component_ref idref="oc-56"/>
            <object_component_ref idref="oc-5b"/>
            <object_component_ref idref="oc-5f"/>
            <object_component_ref idref="oc-64"/>
            <object_component_ref idref="oc-68"/>
            <object_component_ref idref="oc-6c"/>
            <object_component_ref idref="oc-70"/>
            <object_component_ref idref="oc-74"/>
            <object_component_ref idref="oc-7a"/>
            <object_component_ref idref="oc-7e"/>
            <object_component_ref idref="oc-82"/>
            <object_component_ref idref="oc-86"/>
            <object_component_ref idref="oc-8a"/>
            <object_component_ref idref="oc-8e"/>
            <object_component_ref idref="oc-92"/>
[...]
      <symbol id="sm-3">
         <name>cinit</name>
         <value>0x4248</value>
      </symbol>
      <symbol id="sm-4">
         <name>___cinit__</name>
         <value>0x4248</value>
      </symbol>
      <symbol id="sm-5">
         <name>pinit</name>
         <value>0xffffffff</value>
      </symbol>
      <symbol id="sm-6">
         <name>___pinit__</name>
         <value>0xffffffff</value>
      </symbol>
      <symbol id="sm-7">
         <name>binit</name>
         <value>0xffffffff</value>
      </symbol>
      <symbol id="sm-8">
         <name>___binit__</name>
         <value>0xffffffff</value>
      </symbol>
      <symbol id="sm-9">
         <name>__STACK_SIZE</name>
         <value>0x200</value>
      </symbol>
      <symbol id="sm-a">
         <name>__STACK_END</name>
         <value>0x4e90</value>
      </symbol>
      <symbol id="sm-b">
         <name>__SYSMEM_SIZE</name>
         <value>0x400</value>
      </symbol>
      <symbol id="sm-c">
         <name>___c_args__</name>
         <value>0xffffffff</value>
      </symbol>
      <symbol id="sm-d">
         <name>__SYSSTACK_SIZE</name>
         <value>0x200</value>
      </symbol>
      <symbol id="sm-e">
         <name>.text</name>
         <value>0x100</value>
      </symbol>
      <symbol id="sm-f">
         <name>___text__</name>
         <value>0x100</value>
      </symbol>
      <symbol id="sm-10">
         <name>etext</name>
         <value>0x4247</value>
      </symbol>
      <symbol id="sm-11">
         <name>___etext__</name>
         <value>0x4247</value>
      </symbol>
      <symbol id="sm-12">
         <name>.data</name>
         <value>0x10000</value>
      </symbol>
      <symbol id="sm-13">
         <name>___data__</name>
         <value>0x10000</value>
      </symbol>
      <symbol id="sm-14">
         <name>edata</name>
         <value>0x10000</value>
      </symbol>
      <symbol id="sm-15">
         <name>___edata__</name>
         <value>0x10000</value>
      </symbol>
      <symbol id="sm-16">
         <name>.bss</name>
         <value>0x10000</value>
      </symbol>
      <symbol id="sm-17">
         <name>___bss__</name>
         <value>0x10000</value>
      </symbol>
      <symbol id="sm-18">
         <name>end</name>
         <value>0x104d4</value>
      </symbol>
      <symbol id="sm-19">
         <name>___end__</name>
         <value>0x104d4</value>
      </symbol>
      <symbol id="sm-4c">
         <name>_main</name>
         <value>0x3a5b</value>
         <object_component_ref idref="oc-3"/>
      </symbol>
      <symbol id="sm-4d">
         <name>_call_random</name>
         <value>0x39e6</value>
         <object_component_ref idref="oc-3"/>
      </symbol>
      <symbol id="sm-57">
         <name>_get_random</name>
         <value>0x4235</value>
         <object_component_ref idref="oc-9"/>
      </symbol>
      <symbol id="sm-63">
         <name>__sysstack</name>
         <value>0x4e90</value>
         <object_component_ref idref="oc-e5"/>
      </symbol>
      <symbol id="sm-64">
         <name>_c_int00</name>
         <value>0x4104</value>
         <object_component_ref idref="oc-2"/>
      </symbol>
      <symbol id="sm-65">
         <name>__stack</name>
         <value>0x4c90</value>
         <object_component_ref idref="oc-e"/>
      </symbol>
      <symbol id="sm-75">
         <name>C$$EXIT</name>
         <value>0x423e</value>
         <object_component_ref idref="oc-16"/>
      </symbol>
      <symbol id="sm-76">
         <name>_exit</name>
         <value>0x40c6</value>
         <object_component_ref idref="oc-12"/>
      </symbol>
      <symbol id="sm-77">
         <name>_abort</name>
         <value>0x423d</value>
         <object_component_ref idref="oc-16"/>
      </symbol>
      <symbol id="sm-78">
         <name>__cleanup_ptr</name>
         <value>0x104cc</value>
         <object_component_ref idref="oc-13"/>
      </symbol>
      <symbol id="sm-79">
         <name>__dtors_ptr</name>
         <value>0x104d0</value>
         <object_component_ref idref="oc-13"/>
      </symbol>
      <symbol id="sm-83">
         <name>_memset</name>
         <value>0x4202</value>
         <object_component_ref idref="oc-19"/>
      </symbol>
      <symbol id="sm-8d">
         <name>_printf</name>
         <value>0x3ec3</value>
         <object_component_ref idref="oc-1d"/>
      </symbol>
      <symbol id="sm-97">
         <name>_Reset</name>
         <value>0xffff00</value>
         <object_component_ref idref="oc-22"/>
      </symbol>
      <symbol id="sm-a5">
         <name>__unlock</name>
         <value>0x104c8</value>
         <object_component_ref idref="oc-27"/>
      </symbol>
      <symbol id="sm-a6">
         <name>__lock</name>
         <value>0x104c4</value>
         <object_component_ref idref="oc-27"/>
      </symbol>
      <symbol id="sm-a7">
         <name>__register_lock</name>
         <value>0x41f8</value>
         <object_component_ref idref="oc-26"/>
      </symbol>
      <symbol id="sm-a8">
         <name>__nop</name>
         <value>0x4200</value>
         <object_component_ref idref="oc-26"/>
      </symbol>
      <symbol id="sm-a9">
         <name>__register_unlock</name>
         <value>0x41f0</value>
         <object_component_ref idref="oc-26"/>
      </symbol>
      <symbol id="sm-bb">
         <name>__printfi</name>
         <value>0x1462</value>
         <object_component_ref idref="oc-2c"/>
      </symbol>
      <symbol id="sm-c5">
         <name>__args_main</name>
         <value>0x3f60</value>
         <object_component_ref idref="oc-32"/>
      </symbol>
      <symbol id="sm-c6">
         <name>__TI_args_main</name>
         <value>0x1</value>
      </symbol>
      <symbol id="sm-d0">
         <name>_atoi</name>
         <value>0x3e67</value>
         <object_component_ref idref="oc-36"/>
      </symbol>
      <symbol id="sm-d8">
         <name>_auto_init</name>
         <value>0x3f13</value>
         <object_component_ref idref="oc-3a"/>
      </symbol>
      <symbol id="sm-e2">
         <name>__eqld</name>
         <value>0x3225</value>
         <object_component_ref idref="oc-3e"/>
      </symbol>
      <symbol id="sm-e3">
         <name>__cmpd</name>
         <value>0x3259</value>
         <object_component_ref idref="oc-3e"/>
      </symbol>
      <symbol id="sm-e4">
         <name>__neqd</name>
         <value>0x30c7</value>
         <object_component_ref idref="oc-3e"/>
      </symbol>
      <symbol id="sm-e5">
         <name>__gtrd</name>
         <value>0x3190</value>
         <object_component_ref idref="oc-3e"/>
      </symbol>
      <symbol id="sm-e6">
         <name>__geqd</name>
         <value>0x31db</value>
         <object_component_ref idref="oc-3e"/>
      </symbol>
      <symbol id="sm-e7">
         <name>__leqd</name>
         <value>0x3143</value>
         <object_component_ref idref="oc-3e"/>
      </symbol>
      <symbol id="sm-e8">
         <name>__lssd</name>
         <value>0x30fb</value>
         <object_component_ref idref="oc-3e"/>
      </symbol>
      <symbol id="sm-f0">
         <name>__ctypes_</name>
         <value>0x4730</value>
         <object_component_ref idref="oc-e6"/>
      </symbol>
      <symbol id="sm-fa">
         <name>__tmpnams</name>
         <value>0x100f0</value>
         <object_component_ref idref="oc-44"/>
      </symbol>
      <symbol id="sm-fb">
         <name>__ft_end</name>
         <value>0x10230</value>
         <object_component_ref idref="oc-44"/>
      </symbol>
      <symbol id="sm-fc">
         <name>__ftable</name>
         <value>0x10000</value>
         <object_component_ref idref="oc-44"/>
      </symbol>
      <symbol id="sm-108">
         <name>__divd</name>
         <value>0x25c4</value>
         <object_component_ref idref="oc-48"/>
      </symbol>
      <symbol id="sm-113">
         <name>__divul</name>
         <value>0x3945</value>
         <object_component_ref idref="oc-4c"/>
      </symbol>
      <symbol id="sm-11d">
         <name>__fixdi</name>
         <value>0x4138</value>
         <object_component_ref idref="oc-50"/>
      </symbol>
      <symbol id="sm-127">
         <name>__fixdli</name>
         <value>0x3cb9</value>
         <object_component_ref idref="oc-54"/>
      </symbol>
      <symbol id="sm-133">
         <name>__fltlid</name>
         <value>0x3e00</value>
         <object_component_ref idref="oc-58"/>
      </symbol>
      <symbol id="sm-13d">
         <name>_putchar</name>
         <value>0x3936</value>
         <object_component_ref idref="oc-5d"/>
      </symbol>
      <symbol id="sm-13e">
         <name>_putc</name>
         <value>0x389f</value>
         <object_component_ref idref="oc-5d"/>
      </symbol>
      <symbol id="sm-13f">
         <name>_fputc</name>
         <value>0x389f</value>
         <object_component_ref idref="oc-5d"/>
      </symbol>
      <symbol id="sm-14d">
         <name>_puts</name>
         <value>0x33e6</value>
         <object_component_ref idref="oc-61"/>
      </symbol>
      <symbol id="sm-14e">
         <name>_fputs</name>
         <value>0x32b1</value>
         <object_component_ref idref="oc-61"/>
      </symbol>
      <symbol id="sm-158">
         <name>__frcmpyd_div</name>
         <value>0x3bd4</value>
         <object_component_ref idref="oc-66"/>
      </symbol>
      <symbol id="sm-162">
         <name>___isinf</name>
         <value>0x41af</value>
         <object_component_ref idref="oc-6a"/>
      </symbol>
      <symbol id="sm-16c">
         <name>__divull</name>
         <value>0x2d44</value>
         <object_component_ref idref="oc-6e"/>
      </symbol>
      <symbol id="sm-16d">
         <name>__mpylli</name>
         <value>0x2c8c</value>
         <object_component_ref idref="oc-6e"/>
      </symbol>
      <symbol id="sm-16e">
         <name>__remlli</name>
         <value>0x2c5d</value>
         <object_component_ref idref="oc-6e"/>
      </symbol>
      <symbol id="sm-16f">
         <name>__divlli</name>
         <value>0x2e38</value>
         <object_component_ref idref="oc-6e"/>
      </symbol>
      <symbol id="sm-170">
         <name>__remull</name>
         <value>0x2c0f</value>
         <object_component_ref idref="oc-6e"/>
      </symbol>
      <symbol id="sm-178">
         <name>__mpyli</name>
         <value>0x41dd</value>
         <object_component_ref idref="oc-72"/>
      </symbol>
      <symbol id="sm-179">
         <name>I$$LMPY</name>
         <value>0x41dd</value>
         <object_component_ref idref="oc-72"/>
      </symbol>
      <symbol id="sm-18b">
         <name>_add_device</name>
         <value>0x1af7</value>
         <object_component_ref idref="oc-76"/>
      </symbol>
      <symbol id="sm-18c">
         <name>_rename</name>
         <value>0x1819</value>
         <object_component_ref idref="oc-76"/>
      </symbol>
      <symbol id="sm-18d">
         <name>_read</name>
         <value>0x18a8</value>
         <object_component_ref idref="oc-76"/>
      </symbol>
      <symbol id="sm-18e">
         <name>_unlink</name>
         <value>0x17e6</value>
         <object_component_ref idref="oc-76"/>
      </symbol>
      <symbol id="sm-18f">
         <name>_remove_device</name>
         <value>0x1872</value>
         <object_component_ref idref="oc-76"/>
      </symbol>
      <symbol id="sm-190">
         <name>_open</name>
         <value>0x1956</value>
         <object_component_ref idref="oc-76"/>
      </symbol>
      <symbol id="sm-191">
         <name>_find_registered_device</name>
         <value>0x1a7b</value>
         <object_component_ref idref="oc-76"/>
      </symbol>
      <symbol id="sm-192">
         <name>_lseek</name>
         <value>0x1a15</value>
         <object_component_ref idref="oc-76"/>
      </symbol>
      <symbol id="sm-193">
         <name>_close</name>
         <value>0x1a84</value>
         <object_component_ref idref="oc-76"/>
      </symbol>
      <symbol id="sm-194">
         <name>_write</name>
         <value>0x16a4</value>
         <object_component_ref idref="oc-76"/>
      </symbol>
      <symbol id="sm-19e">
         <name>_ltoa</name>
         <value>0x3a66</value>
         <object_component_ref idref="oc-7c"/>
      </symbol>
      <symbol id="sm-1a9">
         <name>_memccpy</name>
         <value>0x418c</value>
         <object_component_ref idref="oc-80"/>
      </symbol>
      <symbol id="sm-1b1">
         <name>_memcpy</name>
         <value>0x4087</value>
         <object_component_ref idref="oc-84"/>
      </symbol>
      <symbol id="sm-1bb">
         <name>__mpyd</name>
         <value>0x3414</value>
         <object_component_ref idref="oc-88"/>
      </symbol>
      <symbol id="sm-1c5">
         <name>__negd</name>
         <value>0x4213</value>
         <object_component_ref idref="oc-8c"/>
      </symbol>
      <symbol id="sm-1cf">
         <name>__remli</name>
         <value>0x3fab</value>
         <object_component_ref idref="oc-90"/>
      </symbol>
      <symbol id="sm-1da">
         <name>__remul</name>
         <value>0x3c47</value>
         <object_component_ref idref="oc-94"/>
      </symbol>
      <symbol id="sm-1e4">
         <name>__subd</name>
         <value>0x41c9</value>
         <object_component_ref idref="oc-98"/>
      </symbol>
      <symbol id="sm-1f0">
         <name>_HOSTopen</name>
         <value>0x1ef2</value>
         <object_component_ref idref="oc-9c"/>
      </symbol>
      <symbol id="sm-1f1">
         <name>_HOSTread</name>
         <value>0x1e65</value>
         <object_component_ref idref="oc-9c"/>
      </symbol>
      <symbol id="sm-1f2">
         <name>_HOSTtime</name>
         <value>0x1d59</value>
         <object_component_ref idref="oc-9c"/>
      </symbol>
      <symbol id="sm-1f3">
         <name>_getenv</name>
         <value>0x1be7</value>
         <object_component_ref idref="oc-9c"/>
      </symbol>
      <symbol id="sm-1f4">
         <name>_HOSTrename</name>
         <value>0x1db7</value>
         <object_component_ref idref="oc-9c"/>
      </symbol>
      <symbol id="sm-1f5">
         <name>_HOSTclock</name>
         <value>0x20b1</value>
         <object_component_ref idref="oc-9c"/>
      </symbol>
      <symbol id="sm-1f6">
         <name>_HOSTwrite</name>
         <value>0x1c62</value>
         <object_component_ref idref="oc-9c"/>
      </symbol>
      <symbol id="sm-1f7">
         <name>_HOSTlseek</name>
         <value>0x1f91</value>
         <object_component_ref idref="oc-9c"/>
      </symbol>
      <symbol id="sm-1f8">
         <name>_HOSTunlink</name>
         <value>0x1cef</value>
         <object_component_ref idref="oc-9c"/>
      </symbol>
      <symbol id="sm-1f9">
         <name>_HOSTclose</name>
         <value>0x2046</value>
         <object_component_ref idref="oc-9c"/>
      </symbol>
      <symbol id="sm-20b">
         <name>C$$IO$$</name>
         <value>0x389a</value>
         <object_component_ref idref="oc-a4"/>
      </symbol>
      <symbol id="sm-20c">
         <name>__CIOBUF_</name>
         <value>0x4a50</value>
         <object_component_ref idref="oc-a3"/>
      </symbol>
      <symbol id="sm-20d">
         <name>_readmsg</name>
         <value>0x3d28</value>
         <object_component_ref idref="oc-a1"/>
      </symbol>
      <symbol id="sm-20e">
         <name>_writemsg</name>
         <value>0x37e5</value>
         <object_component_ref idref="oc-a4"/>
      </symbol>
      <symbol id="sm-216">
         <name>__remu</name>
         <value>0x4177</value>
         <object_component_ref idref="oc-a7"/>
      </symbol>
      <symbol id="sm-217">
         <name>__divu</name>
         <value>0x4162</value>
         <object_component_ref idref="oc-a7"/>
      </symbol>
      <symbol id="sm-218">
         <name>I$$UMOD</name>
         <value>0x4177</value>
         <object_component_ref idref="oc-a7"/>
      </symbol>
      <symbol id="sm-219">
         <name>I$$UDIV</name>
         <value>0x4162</value>
         <object_component_ref idref="oc-a7"/>
      </symbol>
      <symbol id="sm-223">
         <name>__rd_ok</name>
         <value>0x36c6</value>
         <object_component_ref idref="oc-ab"/>
      </symbol>
      <symbol id="sm-224">
         <name>__wrt_ok</name>
         <value>0x3646</value>
         <object_component_ref idref="oc-ab"/>
      </symbol>
      <symbol id="sm-22e">
         <name>__addd</name>
         <value>0x2e6d</value>
         <object_component_ref idref="oc-af"/>
      </symbol>
      <symbol id="sm-238">
         <name>__divli</name>
         <value>0x403f</value>
         <object_component_ref idref="oc-b3"/>
      </symbol>
      <symbol id="sm-242">
         <name>__doflush</name>
         <value>0x3723</value>
         <object_component_ref idref="oc-b7"/>
      </symbol>
      <symbol id="sm-243">
         <name>_fflush</name>
         <value>0x378c</value>
         <object_component_ref idref="oc-b7"/>
      </symbol>
      <symbol id="sm-24d">
         <name>__frcmpyd</name>
         <value>0x3b5e</value>
         <object_component_ref idref="oc-bb"/>
      </symbol>
      <symbol id="sm-257">
         <name>_fseek</name>
         <value>0x3d95</value>
         <object_component_ref idref="oc-bf"/>
      </symbol>
      <symbol id="sm-261">
         <name>_setvbuf</name>
         <value>0x3560</value>
         <object_component_ref idref="oc-c3"/>
      </symbol>
      <symbol id="sm-270">
         <name>__cleanup</name>
         <value>0x2ab1</value>
         <object_component_ref idref="oc-c7"/>
      </symbol>
      <symbol id="sm-271">
         <name>_fopen</name>
         <value>0x2bd4</value>
         <object_component_ref idref="oc-c7"/>
      </symbol>
      <symbol id="sm-272">
         <name>_freopen</name>
         <value>0x2b0b</value>
         <object_component_ref idref="oc-c7"/>
      </symbol>
      <symbol id="sm-282">
         <name>__sys_memory</name>
         <value>0x4330</value>
         <object_component_ref idref="oc-d1"/>
      </symbol>
      <symbol id="sm-283">
         <name>_chkheap</name>
         <value>0x2596</value>
         <object_component_ref idref="oc-cd"/>
      </symbol>
      <symbol id="sm-284">
         <name>_realloc</name>
         <value>0x2335</value>
         <object_component_ref idref="oc-cd"/>
      </symbol>
      <symbol id="sm-285">
         <name>_free_memory</name>
         <value>0x2540</value>
         <object_component_ref idref="oc-cd"/>
      </symbol>
      <symbol id="sm-286">
         <name>_max_free</name>
         <value>0x24e6</value>
         <object_component_ref idref="oc-cd"/>
      </symbol>
      <symbol id="sm-287">
         <name>_free</name>
         <value>0x210f</value>
         <object_component_ref idref="oc-cd"/>
      </symbol>
      <symbol id="sm-288">
         <name>_calloc</name>
         <value>0x259e</value>
         <object_component_ref idref="oc-cd"/>
      </symbol>
      <symbol id="sm-289">
         <name>_malloc</name>
         <value>0x2240</value>
         <object_component_ref idref="oc-cd"/>
      </symbol>
      <symbol id="sm-28a">
         <name>_minit</name>
         <value>0x21db</value>
         <object_component_ref idref="oc-cd"/>
      </symbol>
      <symbol id="sm-294">
         <name>_fclose</name>
         <value>0x3ae3</value>
         <object_component_ref idref="oc-d4"/>
      </symbol>
      <symbol id="sm-29e">
         <name>_remove</name>
         <value>0x4223</value>
         <object_component_ref idref="oc-d8"/>
      </symbol>
      <symbol id="sm-2aa">
         <name>_rand16</name>
         <value>0x3ff6</value>
         <object_component_ref idref="oc-dc"/>
      </symbol>
      <symbol id="sm-2b4">
         <name>rndseed</name>
         <value>0x103d2</value>
         <object_component_ref idref="oc-e1"/>
      </symbol>
      <symbol id="sm-2b5">
         <name>_rand16init</name>
         <value>0x422d</value>
         <object_component_ref idref="oc-e0"/>
      </symbol>
   </symbol_table>
</link_info>
