******************************************************************************
              TMS320C55x Linker PC v4.4.1                      
******************************************************************************
>> Linked Fri Apr 20 16:43:27 2018

OUTPUT FILE NAME:   <Audio_Encoder.out>
ENTRY POINT SYMBOL: "_c_int00"  address: 000040e4


MEMORY CONFIGURATION

         name            origin    length      used     unused   attr    fill
                        (bytes)   (bytes)    (bytes)   (bytes)
----------------------  --------  ---------  --------  --------  ----  --------
  RAM                   00000100   0000feff  00004eee  0000b011  R IX
  ROM                   00010000   0000ffff  000004d4  0000fb2b  RWIX
  VECS                  00ffff00   00000100  00000100  00000000  R IX


SECTION ALLOCATION MAP
(Addresses surrounded by []'s are displayed for convenience only!)

output                                                          attributes/
section   page  orgn(bytes) orgn(words) len(bytes) len(words)   input sections
--------  ----  ----------- ----------- ---------- ----------   --------------
.pinit       0   [ 00010000 ]  00008000          *   00000000   UNINITIALIZED

.text        0     00000100  [ 00000080 ] 00004116          *   
                   00000100  [ 00000080 ] 000015a4          *   rts55x.lib : _printfi.obj (.text)
                   000016a4  [ 00000b52 ] 00000543          *              : lowlev.obj (.text)
                   00001be7  [ 00000df3+] 00000528          *              : trgdrv.obj (.text)
                   0000210f  [ 00001087+] 000004b5          *              : memory.obj (.text)
                   000025c4  [ 000012e2 ] 000003cc          *              : divd.obj (.text)
                   00002990  [ 000014c8 ] 0000027f          *              : fopen.obj (.text)
                   00002c0f  [ 00001607+] 0000025e          *              : llmpy.obj (.text)
                   00002e6d  [ 00001736+] 0000025a          *              : addd.obj (.text)
                   000030c7  [ 00001863+] 000001ea          *              : cmpd.obj (.text)
                   000032b1  [ 00001958+] 00000163          *              : fputs.obj (.text)
                   00003414  [ 00001a0a ] 0000014c          *              : mpyd.obj (.text)
                   00003560  [ 00001ab0 ] 000000e6          *              : setvbuf.obj (.text)
                   00003646  [ 00001b23 ] 000000dd          *              : _io_perm.obj (.text)
                   00003723  [ 00001b91+] 000000c2          *              : fflush.obj (.text)
                   000037e5  [ 00001bf2+] 000000ba          *              : trgmsg.obj (.text:CIO_breakpoint)
                   0000389f  [ 00001c4f+] 000000a6          *              : fputc.obj (.text)
                   00003945  [ 00001ca2+] 000000a1          *              : divul.obj (.text)
                   000039e6  [ 00001cf3 ] 0000007d          *              : ltoa.obj (.text)
                   00003a63  [ 00001d31+] 0000007b          *              : fclose.obj (.text)
                   00003ade  [ 00001d6f ] 00000076          *              : frcmpyd.obj (.text)
                   00003b54  [ 00001daa ] 00000073          *              : frcmpyd_div.obj (.text)
                   00003bc7  [ 00001de3+] 00000072          *              : remul.obj (.text)
                   00003c39  [ 00001e1c+] 0000006f          *              : fixdli.obj (.text)
                   00003ca8  [ 00001e54 ] 0000006d          *              : trgmsg.obj (.text)
                   00003d15  [ 00001e8a+] 0000006b          *              : fseek.obj (.text)
                   00003d80  [ 00001ec0 ] 00000067          *              : fltlid.obj (.text)
                   00003de7  [ 00001ef3+] 00000060          *   main.obj (.text)
                   00003e47  [ 00001f23+] 0000005c          *   rts55x.lib : atoi.obj (.text)
                   00003ea3  [ 00001f51+] 00000050          *              : printf.obj (.text)
                   00003ef3  [ 00001f79+] 0000004d          *              : autoinit.obj (.text)
                   00003f40  [ 00001fa0 ] 0000004b          *              : args_main.obj (.text)
                   00003f8b  [ 00001fc5+] 0000004b          *              : remli.obj (.text)
                   00003fd6  [ 00001feb ] 00000049          *   55xdspx.lib : rand16.obj (.text)
                   0000401f  [ 0000200f+] 00000048          *   rts55x.lib : divli.obj (.text)
                   00004067  [ 00002033+] 0000003f          *              : memcpy.obj (.text)
                   000040a6  [ 00002053 ] 0000003e          *              : exit.obj (.text)
                   000040e4  [ 00002072 ] 00000034          *              : boot.obj (.text)
                   00004118  [ 0000208c ] 0000002a          *              : fixdi.obj (.text)
                   00004142  [ 000020a1 ] 0000002a          *              : udiv.obj (.text)
                   0000416c  [ 000020b6 ] 00000023          *              : memccpy.obj (.text)
                   0000418f  [ 000020c7+] 0000001a          *              : isinf.obj (.text)
                   000041a9  [ 000020d4+] 00000014          *              : subd.obj (.text)
                   000041bd  [ 000020de+] 00000013          *              : lmpy.obj (.text)
                   000041d0  [ 000020e8 ] 00000012          *              : _lock.obj (.text)
                   000041e2  [ 000020f1 ] 00000010          *              : negd.obj (.text)
                   000041f2  [ 000020f9 ] 0000000a          *              : remove.obj (.text)
                   000041fc  [ 000020fe ] 00000008          *   55xdspx.lib : rand16i.obj (.text)
                   00004204  [ 00002102 ] 00000008          *   fft_routines.obj (.text)
                   0000420c  [ 00002106 ] 00000007          *   rts55x.lib : exit.obj (.text:CIO_breakpoint)
                   00004213  [ 00002109+] 00000002          *              : vectors.obj (.text)
                   00004215  [ 0000210a ] 00000001          *   --HOLE-- [fill = 20]

.cinit       0   [ 00004216 ]  0000210b          *   00000074   
                 [ 00004216 ]  0000210b          *   0000002d   rts55x.lib : lowlev.obj (.cinit)
                 [ 00004270 ]  00002138          *   0000002a              : defs.obj (.cinit)
                 [ 000042c4 ]  00002162          *   0000000a              : _lock.obj (.cinit)
                 [ 000042d8 ]  0000216c          *   0000000a              : exit.obj (.cinit)
                 [ 000042ec ]  00002176          *   00000004              : fopen.obj (.cinit)
                 [ 000042f4 ]  0000217a          *   00000004              : memory.obj (.cinit)
                 [ 000042fc ]  0000217e          *   00000001   --HOLE-- [fill = 0]

.sysmem      0   [ 000042fe ]  0000217f          *   00000200   UNINITIALIZED
                 [ 000042fe ]  0000217f          *   00000200   --HOLE--

.const       0   [ 00004700 ]  00002380          *   00000158   
                 [ 00004700 ]  00002380          *   00000101   rts55x.lib : ctype.obj (.const:__ctypes_)
                 [ 00004902 ]  00002481          *   00000001   --HOLE-- [fill = 0]
                 [ 00004904 ]  00002482          *   00000024              : _printfi.obj (.const:.string)
                 [ 0000494c ]  000024a6          *   0000001a   main.obj (.const:.string)
                 [ 00004980 ]  000024c0          *   0000000c   rts55x.lib : _printfi.obj (.const)
                 [ 00004998 ]  000024cc          *   00000008              : divd.obj (.const:_initial_approx$1)
                 [ 000049a8 ]  000024d4          *   00000002              : fputs.obj (.const:.string)
                 [ 000049ac ]  000024d6          *   00000002              : fltlid.obj (.const)

.cio         0   [ 000049b0 ]  000024d8          *   00000120   UNINITIALIZED
                 [ 000049b0 ]  000024d8          *   00000120   rts55x.lib : trgmsg.obj (.cio)

.stack       0   [ 00004bf0 ]  000025f8          *   00000100   UNINITIALIZED
                 [ 00004bf0 ]  000025f8          *   00000100   --HOLE--

.sysstack 
*            0   [ 00004df0 ]  000026f8          *   00000100   UNINITIALIZED
                 [ 00004df0 ]  000026f8          *   00000100   --HOLE--

.data        0   [ 00010000 ]  00008000          *   00000000   UNINITIALIZED

.bss         0   [ 00010000 ]  00008000          *   0000026a   UNINITIALIZED
                 [ 00010000 ]  00008000          *   00000119   rts55x.lib : defs.obj (.bss)
                 [ 00010232 ]  00008119          *   000000d0              : trgdrv.obj (.bss)
                 [ 000103d2 ]  000081e9          *   00000001   55xdspx.lib : rand16i.obj (.bss)
                 [ 000103d4 ]  000081ea          *   00000071   rts55x.lib : lowlev.obj (.bss)
                 [ 000104b6 ]  0000825b          *   00000001              : fopen.obj (.bss)
                 [ 000104b8 ]  0000825c          *   00000006              : memory.obj (.bss)
                 [ 000104c4 ]  00008262          *   00000004              : _lock.obj (.bss)
                 [ 000104cc ]  00008266          *   00000004              : exit.obj (.bss)

vectors      0     00ffff00  [ 007fff80 ] 00000100          *   
                   00ffff00  [ 007fff80 ] 00000100          *   rts55x.lib : vectors.obj (vectors)


GLOBAL SYMBOLS: SORTED ALPHABETICALLY BY Name 

abs. value/
byte addr   word addr   name
---------   ---------   ----
00000002                $TI_capability$C5500$CallingConvention
00000002                $TI_capability$C5500$MemoryModel
00000001                $TI_capability_requires_rev2
            00008000    .bss
            00008000    .data
00000100                .text
0000420d                C$$EXIT
0000389a                C$$IO$$
000041bd                I$$LMPY
00004142                I$$UDIV
00004157                I$$UMOD
000020b1                _HOSTclock
00002046                _HOSTclose
00001f91                _HOSTlseek
00001ef2                _HOSTopen
00001e65                _HOSTread
00001db7                _HOSTrename
00001d59                _HOSTtime
00001cef                _HOSTunlink
00001c62                _HOSTwrite
00ffff00                _Reset
            000024d8    __CIOBUF_
            000026f8    __STACK_END
00000200                __STACK_SIZE
00000400                __SYSMEM_SIZE
00000200                __SYSSTACK_SIZE
00000001                __TI_args_main
ffffffff                ___binit__
            00008000    ___bss__
ffffffff                ___c_args__
            0000210b    ___cinit__
            00008000    ___data__
            00008000    ___edata__
            0000826a    ___end__
00004216                ___etext__
0000418f                ___isinf
ffffffff                ___pinit__
00000100                ___text__
00002e6d                __addd
00003f40                __args_main
00002ab1                __cleanup
            00008266    __cleanup_ptr
00003259                __cmpd
            00002380    __ctypes_
000025c4                __divd
0000401f                __divli
00002e38                __divlli
00004142                __divu
00003945                __divul
00002d44                __divull
00003723                __doflush
            00008268    __dtors_ptr
00003225                __eqld
00004118                __fixdi
00003c39                __fixdli
00003d80                __fltlid
00003ade                __frcmpyd
00003b54                __frcmpyd_div
            00008118    __ft_end
            00008000    __ftable
000031db                __geqd
00003190                __gtrd
00003143                __leqd
            00008262    __lock
000030fb                __lssd
00003414                __mpyd
000041bd                __mpyli
00002c8c                __mpylli
000041e2                __negd
000030c7                __neqd
000041e0                __nop
00001462                __printfi
000036c6                __rd_ok
000041d8                __register_lock
000041d0                __register_unlock
00003f8b                __remli
00002c5d                __remlli
00004157                __remu
00003bc7                __remul
00002c0f                __remull
            000025f8    __stack
000041a9                __subd
            0000217f    __sys_memory
            000026f8    __sysstack
            00008078    __tmpnams
            00008264    __unlock
00003646                __wrt_ok
0000420c                _abort
00001af7                _add_device
00003e47                _atoi
00003ef3                _auto_init
000040e4                _c_int00
00003de7                _call_random
0000259e                _calloc
00002596                _chkheap
00001a84                _close
000040a6                _exit
00003a63                _fclose
0000378c                _fflush
00001a7b                _find_registered_device
00002bd4                _fopen
0000389f                _fputc
000032b1                _fputs
0000210f                _free
00002540                _free_memory
00002b0b                _freopen
00003d15                _fseek
00004204                _get_random
00001be7                _getenv
00001a15                _lseek
000039e6                _ltoa
00003e2f                _main
00002240                _malloc
000024e6                _max_free
0000416c                _memccpy
00004067                _memcpy
000021db                _minit
00001956                _open
00003ea3                _printf
0000389f                _putc
00003936                _putchar
000033e6                _puts
00003fd6                _rand16
000041fc                _rand16init
000018a8                _read
00003ca8                _readmsg
00002335                _realloc
000041f2                _remove
00001872                _remove_device
00001819                _rename
00003560                _setvbuf
000017e6                _unlink
000016a4                _write
000037e5                _writemsg
ffffffff                binit
            0000210b    cinit
            00008000    edata
            0000826a    end
00004216                etext
ffffffff                pinit
            000081e9    rndseed


GLOBAL SYMBOLS: SORTED BY Symbol Address 

abs. value/
byte addr   word addr   name
---------   ---------   ----
00000001                $TI_capability_requires_rev2
00000001                __TI_args_main
00000002                $TI_capability$C5500$CallingConvention
00000002                $TI_capability$C5500$MemoryModel
00000100                .text
00000100                ___text__
00000200                __STACK_SIZE
00000200                __SYSSTACK_SIZE
00000400                __SYSMEM_SIZE
00001462                __printfi
000016a4                _write
000017e6                _unlink
00001819                _rename
00001872                _remove_device
000018a8                _read
00001956                _open
00001a15                _lseek
00001a7b                _find_registered_device
00001a84                _close
00001af7                _add_device
00001be7                _getenv
00001c62                _HOSTwrite
00001cef                _HOSTunlink
00001d59                _HOSTtime
00001db7                _HOSTrename
00001e65                _HOSTread
00001ef2                _HOSTopen
00001f91                _HOSTlseek
00002046                _HOSTclose
000020b1                _HOSTclock
0000210f                _free
000021db                _minit
00002240                _malloc
00002335                _realloc
000024e6                _max_free
00002540                _free_memory
00002596                _chkheap
0000259e                _calloc
000025c4                __divd
00002ab1                __cleanup
00002b0b                _freopen
00002bd4                _fopen
00002c0f                __remull
00002c5d                __remlli
00002c8c                __mpylli
00002d44                __divull
00002e38                __divlli
00002e6d                __addd
000030c7                __neqd
000030fb                __lssd
00003143                __leqd
00003190                __gtrd
000031db                __geqd
00003225                __eqld
00003259                __cmpd
000032b1                _fputs
000033e6                _puts
00003414                __mpyd
00003560                _setvbuf
00003646                __wrt_ok
000036c6                __rd_ok
00003723                __doflush
0000378c                _fflush
000037e5                _writemsg
0000389a                C$$IO$$
0000389f                _fputc
0000389f                _putc
00003936                _putchar
00003945                __divul
000039e6                _ltoa
00003a63                _fclose
00003ade                __frcmpyd
00003b54                __frcmpyd_div
00003bc7                __remul
00003c39                __fixdli
00003ca8                _readmsg
00003d15                _fseek
00003d80                __fltlid
00003de7                _call_random
00003e2f                _main
00003e47                _atoi
00003ea3                _printf
00003ef3                _auto_init
00003f40                __args_main
00003f8b                __remli
00003fd6                _rand16
0000401f                __divli
00004067                _memcpy
000040a6                _exit
000040e4                _c_int00
00004118                __fixdi
00004142                I$$UDIV
00004142                __divu
00004157                I$$UMOD
00004157                __remu
0000416c                _memccpy
0000418f                ___isinf
000041a9                __subd
000041bd                I$$LMPY
000041bd                __mpyli
000041d0                __register_unlock
000041d8                __register_lock
000041e0                __nop
000041e2                __negd
000041f2                _remove
000041fc                _rand16init
00004204                _get_random
0000420c                _abort
0000420d                C$$EXIT
            0000210b    ___cinit__
00004216                ___etext__
            0000210b    cinit
00004216                etext
            0000217f    __sys_memory
            00002380    __ctypes_
            000024d8    __CIOBUF_
            000025f8    __stack
            000026f8    __STACK_END
            000026f8    __sysstack
            00008000    .bss
            00008000    .data
            00008000    ___bss__
            00008000    ___data__
            00008000    ___edata__
            00008000    __ftable
            00008000    edata
            00008078    __tmpnams
            00008118    __ft_end
            000081e9    rndseed
            00008262    __lock
            00008264    __unlock
            00008266    __cleanup_ptr
            00008268    __dtors_ptr
            0000826a    ___end__
            0000826a    end
00ffff00                _Reset
ffffffff                ___binit__
ffffffff                ___c_args__
ffffffff                ___pinit__
ffffffff                binit
ffffffff                pinit

[141 symbols]
