******************************************************************************
              TMS320C55x Linker PC v4.4.1                      
******************************************************************************
>> Linked Fri Apr 20 17:23:25 2018

OUTPUT FILE NAME:   <Audio_Encoder.out>
ENTRY POINT SYMBOL: "_c_int00"  address: 00004104


MEMORY CONFIGURATION

         name            origin    length      used     unused   attr    fill
                        (bytes)   (bytes)    (bytes)   (bytes)
----------------------  --------  ---------  --------  --------  ----  --------
  RAM                   00000100   0000feff  00004f8b  0000af74  R IX
  ROM                   00010000   0000ffff  000004d4  0000fb2b  RWIX
  VECS                  00ffff00   00000100  00000100  00000000  R IX


SECTION ALLOCATION MAP
(Addresses surrounded by []'s are displayed for convenience only!)

output                                                          attributes/
section   page  orgn(bytes) orgn(words) len(bytes) len(words)   input sections
--------  ----  ----------- ----------- ---------- ----------   --------------
.pinit       0   [ 00010000 ]  00008000          *   00000000   UNINITIALIZED

.text        0     00000100  [ 00000080 ] 00004147          *   
                   00000100  [ 00000080 ] 000015a4          *   rts55x.lib : _printfi.obj (.text)
                   000016a4  [ 00000b52 ] 00000543          *              : lowlev.obj (.text)
                   00001be7  [ 00000df3+] 00000528          *              : trgdrv.obj (.text)
                   0000210f  [ 00001087+] 000004b5          *              : memory.obj (.text)
                   000025c4  [ 000012e2 ] 000003cc          *              : divd.obj (.text)
                   00002990  [ 000014c8 ] 0000027f          *              : fopen.obj (.text)
                   00002c0f  [ 00001607+] 0000025e          *              : llmpy.obj (.text)
                   00002e6d  [ 00001736+] 0000025a          *              : addd.obj (.text)
                   000030c7  [ 00001863+] 000001ea          *              : cmpd.obj (.text)
                   000032b1  [ 00001958+] 00000163          *              : fputs.obj (.text)
                   00003414  [ 00001a0a ] 0000014c          *              : mpyd.obj (.text)
                   00003560  [ 00001ab0 ] 000000e6          *              : setvbuf.obj (.text)
                   00003646  [ 00001b23 ] 000000dd          *              : _io_perm.obj (.text)
                   00003723  [ 00001b91+] 000000c2          *              : fflush.obj (.text)
                   000037e5  [ 00001bf2+] 000000ba          *              : trgmsg.obj (.text:CIO_breakpoint)
                   0000389f  [ 00001c4f+] 000000a6          *              : fputc.obj (.text)
                   00003945  [ 00001ca2+] 000000a1          *              : divul.obj (.text)
                   000039e6  [ 00001cf3 ] 00000080          *   main.obj (.text)
                   00003a66  [ 00001d33 ] 0000007d          *   rts55x.lib : ltoa.obj (.text)
                   00003ae3  [ 00001d71+] 0000007b          *              : fclose.obj (.text)
                   00003b5e  [ 00001daf ] 00000076          *              : frcmpyd.obj (.text)
                   00003bd4  [ 00001dea ] 00000073          *              : frcmpyd_div.obj (.text)
                   00003c47  [ 00001e23+] 00000072          *              : remul.obj (.text)
                   00003cb9  [ 00001e5c+] 0000006f          *              : fixdli.obj (.text)
                   00003d28  [ 00001e94 ] 0000006d          *              : trgmsg.obj (.text)
                   00003d95  [ 00001eca+] 0000006b          *              : fseek.obj (.text)
                   00003e00  [ 00001f00 ] 00000067          *              : fltlid.obj (.text)
                   00003e67  [ 00001f33+] 0000005c          *              : atoi.obj (.text)
                   00003ec3  [ 00001f61+] 00000050          *              : printf.obj (.text)
                   00003f13  [ 00001f89+] 0000004d          *              : autoinit.obj (.text)
                   00003f60  [ 00001fb0 ] 0000004b          *              : args_main.obj (.text)
                   00003fab  [ 00001fd5+] 0000004b          *              : remli.obj (.text)
                   00003ff6  [ 00001ffb ] 00000049          *   55xdspx.lib : rand16.obj (.text)
                   0000403f  [ 0000201f+] 00000048          *   rts55x.lib : divli.obj (.text)
                   00004087  [ 00002043+] 0000003f          *              : memcpy.obj (.text)
                   000040c6  [ 00002063 ] 0000003e          *              : exit.obj (.text)
                   00004104  [ 00002082 ] 00000034          *              : boot.obj (.text)
                   00004138  [ 0000209c ] 0000002a          *              : fixdi.obj (.text)
                   00004162  [ 000020b1 ] 0000002a          *              : udiv.obj (.text)
                   0000418c  [ 000020c6 ] 00000023          *              : memccpy.obj (.text)
                   000041af  [ 000020d7+] 0000001a          *              : isinf.obj (.text)
                   000041c9  [ 000020e4+] 00000014          *              : subd.obj (.text)
                   000041dd  [ 000020ee+] 00000013          *              : lmpy.obj (.text)
                   000041f0  [ 000020f8 ] 00000012          *              : _lock.obj (.text)
                   00004202  [ 00002101 ] 00000011          *              : memset.obj (.text)
                   00004213  [ 00002109+] 00000010          *              : negd.obj (.text)
                   00004223  [ 00002111+] 0000000a          *              : remove.obj (.text)
                   0000422d  [ 00002116+] 00000008          *   55xdspx.lib : rand16i.obj (.text)
                   00004235  [ 0000211a+] 00000008          *   fft_routines.obj (.text)
                   0000423d  [ 0000211e+] 00000007          *   rts55x.lib : exit.obj (.text:CIO_breakpoint)
                   00004244  [ 00002122 ] 00000002          *              : vectors.obj (.text)
                   00004246  [ 00002123 ] 00000001          *   --HOLE-- [fill = 20]

.cinit       0   [ 00004248 ]  00002124          *   00000074   
                 [ 00004248 ]  00002124          *   0000002d   rts55x.lib : lowlev.obj (.cinit)
                 [ 000042a2 ]  00002151          *   0000002a              : defs.obj (.cinit)
                 [ 000042f6 ]  0000217b          *   0000000a              : _lock.obj (.cinit)
                 [ 0000430a ]  00002185          *   0000000a              : exit.obj (.cinit)
                 [ 0000431e ]  0000218f          *   00000004              : fopen.obj (.cinit)
                 [ 00004326 ]  00002193          *   00000004              : memory.obj (.cinit)
                 [ 0000432e ]  00002197          *   00000001   --HOLE-- [fill = 0]

.sysmem      0   [ 00004330 ]  00002198          *   00000200   UNINITIALIZED
                 [ 00004330 ]  00002198          *   00000200   --HOLE--

.const       0   [ 00004730 ]  00002398          *   0000018e   
                 [ 00004730 ]  00002398          *   00000101   rts55x.lib : ctype.obj (.const:__ctypes_)
                 [ 00004932 ]  00002499          *   00000001   --HOLE-- [fill = 0]
                 [ 00004934 ]  0000249a          *   0000004f   main.obj (.const:.string)
                 [ 000049d2 ]  000024e9          *   00000001   --HOLE-- [fill = 0]
                 [ 000049d4 ]  000024ea          *   00000024   rts55x.lib : _printfi.obj (.const:.string)
                 [ 00004a1c ]  0000250e          *   0000000c              : _printfi.obj (.const)
                 [ 00004a34 ]  0000251a          *   00000008              : divd.obj (.const:_initial_approx$1)
                 [ 00004a44 ]  00002522          *   00000002              : fputs.obj (.const:.string)
                 [ 00004a48 ]  00002524          *   00000002              : fltlid.obj (.const)

.cio         0   [ 00004a50 ]  00002528          *   00000120   UNINITIALIZED
                 [ 00004a50 ]  00002528          *   00000120   rts55x.lib : trgmsg.obj (.cio)

.stack       0   [ 00004c90 ]  00002648          *   00000100   UNINITIALIZED
                 [ 00004c90 ]  00002648          *   00000100   --HOLE--

.sysstack 
*            0   [ 00004e90 ]  00002748          *   00000100   UNINITIALIZED
                 [ 00004e90 ]  00002748          *   00000100   --HOLE--

.data        0   [ 00010000 ]  00008000          *   00000000   UNINITIALIZED

.bss         0   [ 00010000 ]  00008000          *   0000026a   UNINITIALIZED
                 [ 00010000 ]  00008000          *   00000119   rts55x.lib : defs.obj (.bss)
                 [ 00010232 ]  00008119          *   000000d0              : trgdrv.obj (.bss)
                 [ 000103d2 ]  000081e9          *   00000001   55xdspx.lib : rand16i.obj (.bss)
                 [ 000103d4 ]  000081ea          *   00000071   rts55x.lib : lowlev.obj (.bss)
                 [ 000104b6 ]  0000825b          *   00000001              : fopen.obj (.bss)
                 [ 000104b8 ]  0000825c          *   00000006              : memory.obj (.bss)
                 [ 000104c4 ]  00008262          *   00000004              : _lock.obj (.bss)
                 [ 000104cc ]  00008266          *   00000004              : exit.obj (.bss)

vectors      0     00ffff00  [ 007fff80 ] 00000100          *   
                   00ffff00  [ 007fff80 ] 00000100          *   rts55x.lib : vectors.obj (vectors)


GLOBAL SYMBOLS: SORTED ALPHABETICALLY BY Name 

abs. value/
byte addr   word addr   name
---------   ---------   ----
00000002                $TI_capability$C5500$CallingConvention
00000002                $TI_capability$C5500$MemoryModel
00000001                $TI_capability_requires_rev2
            00008000    .bss
            00008000    .data
00000100                .text
0000423e                C$$EXIT
0000389a                C$$IO$$
000041dd                I$$LMPY
00004162                I$$UDIV
00004177                I$$UMOD
000020b1                _HOSTclock
00002046                _HOSTclose
00001f91                _HOSTlseek
00001ef2                _HOSTopen
00001e65                _HOSTread
00001db7                _HOSTrename
00001d59                _HOSTtime
00001cef                _HOSTunlink
00001c62                _HOSTwrite
00ffff00                _Reset
            00002528    __CIOBUF_
            00002748    __STACK_END
00000200                __STACK_SIZE
00000400                __SYSMEM_SIZE
00000200                __SYSSTACK_SIZE
00000001                __TI_args_main
ffffffff                ___binit__
            00008000    ___bss__
ffffffff                ___c_args__
            00002124    ___cinit__
            00008000    ___data__
            00008000    ___edata__
            0000826a    ___end__
00004247                ___etext__
000041af                ___isinf
ffffffff                ___pinit__
00000100                ___text__
00002e6d                __addd
00003f60                __args_main
00002ab1                __cleanup
            00008266    __cleanup_ptr
00003259                __cmpd
            00002398    __ctypes_
000025c4                __divd
0000403f                __divli
00002e38                __divlli
00004162                __divu
00003945                __divul
00002d44                __divull
00003723                __doflush
            00008268    __dtors_ptr
00003225                __eqld
00004138                __fixdi
00003cb9                __fixdli
00003e00                __fltlid
00003b5e                __frcmpyd
00003bd4                __frcmpyd_div
            00008118    __ft_end
            00008000    __ftable
000031db                __geqd
00003190                __gtrd
00003143                __leqd
            00008262    __lock
000030fb                __lssd
00003414                __mpyd
000041dd                __mpyli
00002c8c                __mpylli
00004213                __negd
000030c7                __neqd
00004200                __nop
00001462                __printfi
000036c6                __rd_ok
000041f8                __register_lock
000041f0                __register_unlock
00003fab                __remli
00002c5d                __remlli
00004177                __remu
00003c47                __remul
00002c0f                __remull
            00002648    __stack
000041c9                __subd
            00002198    __sys_memory
            00002748    __sysstack
            00008078    __tmpnams
            00008264    __unlock
00003646                __wrt_ok
0000423d                _abort
00001af7                _add_device
00003e67                _atoi
00003f13                _auto_init
00004104                _c_int00
000039e6                _call_random
0000259e                _calloc
00002596                _chkheap
00001a84                _close
000040c6                _exit
00003ae3                _fclose
0000378c                _fflush
00001a7b                _find_registered_device
00002bd4                _fopen
0000389f                _fputc
000032b1                _fputs
0000210f                _free
00002540                _free_memory
00002b0b                _freopen
00003d95                _fseek
00004235                _get_random
00001be7                _getenv
00001a15                _lseek
00003a66                _ltoa
00003a5b                _main
00002240                _malloc
000024e6                _max_free
0000418c                _memccpy
00004087                _memcpy
00004202                _memset
000021db                _minit
00001956                _open
00003ec3                _printf
0000389f                _putc
00003936                _putchar
000033e6                _puts
00003ff6                _rand16
0000422d                _rand16init
000018a8                _read
00003d28                _readmsg
00002335                _realloc
00004223                _remove
00001872                _remove_device
00001819                _rename
00003560                _setvbuf
000017e6                _unlink
000016a4                _write
000037e5                _writemsg
ffffffff                binit
            00002124    cinit
            00008000    edata
            0000826a    end
00004247                etext
ffffffff                pinit
            000081e9    rndseed


GLOBAL SYMBOLS: SORTED BY Symbol Address 

abs. value/
byte addr   word addr   name
---------   ---------   ----
00000001                $TI_capability_requires_rev2
00000001                __TI_args_main
00000002                $TI_capability$C5500$CallingConvention
00000002                $TI_capability$C5500$MemoryModel
00000100                .text
00000100                ___text__
00000200                __STACK_SIZE
00000200                __SYSSTACK_SIZE
00000400                __SYSMEM_SIZE
00001462                __printfi
000016a4                _write
000017e6                _unlink
00001819                _rename
00001872                _remove_device
000018a8                _read
00001956                _open
00001a15                _lseek
00001a7b                _find_registered_device
00001a84                _close
00001af7                _add_device
00001be7                _getenv
00001c62                _HOSTwrite
00001cef                _HOSTunlink
00001d59                _HOSTtime
00001db7                _HOSTrename
00001e65                _HOSTread
00001ef2                _HOSTopen
00001f91                _HOSTlseek
00002046                _HOSTclose
000020b1                _HOSTclock
0000210f                _free
000021db                _minit
00002240                _malloc
00002335                _realloc
000024e6                _max_free
00002540                _free_memory
00002596                _chkheap
0000259e                _calloc
000025c4                __divd
00002ab1                __cleanup
00002b0b                _freopen
00002bd4                _fopen
00002c0f                __remull
00002c5d                __remlli
00002c8c                __mpylli
00002d44                __divull
00002e38                __divlli
00002e6d                __addd
000030c7                __neqd
000030fb                __lssd
00003143                __leqd
00003190                __gtrd
000031db                __geqd
00003225                __eqld
00003259                __cmpd
000032b1                _fputs
000033e6                _puts
00003414                __mpyd
00003560                _setvbuf
00003646                __wrt_ok
000036c6                __rd_ok
00003723                __doflush
0000378c                _fflush
000037e5                _writemsg
0000389a                C$$IO$$
0000389f                _fputc
0000389f                _putc
00003936                _putchar
00003945                __divul
000039e6                _call_random
00003a5b                _main
00003a66                _ltoa
00003ae3                _fclose
00003b5e                __frcmpyd
00003bd4                __frcmpyd_div
00003c47                __remul
00003cb9                __fixdli
00003d28                _readmsg
00003d95                _fseek
00003e00                __fltlid
00003e67                _atoi
00003ec3                _printf
00003f13                _auto_init
00003f60                __args_main
00003fab                __remli
00003ff6                _rand16
0000403f                __divli
00004087                _memcpy
000040c6                _exit
00004104                _c_int00
00004138                __fixdi
00004162                I$$UDIV
00004162                __divu
00004177                I$$UMOD
00004177                __remu
0000418c                _memccpy
000041af                ___isinf
000041c9                __subd
000041dd                I$$LMPY
000041dd                __mpyli
000041f0                __register_unlock
000041f8                __register_lock
00004200                __nop
00004202                _memset
00004213                __negd
00004223                _remove
0000422d                _rand16init
00004235                _get_random
0000423d                _abort
0000423e                C$$EXIT
00004247                ___etext__
00004247                etext
            00002124    ___cinit__
            00002124    cinit
            00002198    __sys_memory
            00002398    __ctypes_
            00002528    __CIOBUF_
            00002648    __stack
            00002748    __STACK_END
            00002748    __sysstack
            00008000    .bss
            00008000    .data
            00008000    ___bss__
            00008000    ___data__
            00008000    ___edata__
            00008000    __ftable
            00008000    edata
            00008078    __tmpnams
            00008118    __ft_end
            000081e9    rndseed
            00008262    __lock
            00008264    __unlock
            00008266    __cleanup_ptr
            00008268    __dtors_ptr
            0000826a    ___end__
            0000826a    end
00ffff00                _Reset
ffffffff                ___binit__
ffffffff                ___c_args__
ffffffff                ___pinit__
ffffffff                binit
ffffffff                pinit

[142 symbols]
