<?xml version="1.0"?>
<link_info>
   <banner>TMS320C55x Linker PC v4.4.1</banner>
   <copyright>Copyright (c) 1996-2012 Texas Instruments Incorporated</copyright>
   <link_time>0x5adac0de</link_time>
   <output_file>FixedEncoder.out</output_file>
   <entry_point>
      <name>_c_int00</name>
      <address>0x1d6</address>
   </entry_point>
   <input_file_list>
      <input_file id="fl-2">
         <path>.\</path>
         <kind>object</kind>
         <file>main.obj</file>
         <name>main.obj</name>
      </input_file>
      <input_file id="fl-19">
         <path>C:\ti\ccsv5\tools\compiler\c5500_4.4.1\lib\</path>
         <kind>archive</kind>
         <file>rts55x.lib</file>
         <name>boot.obj</name>
      </input_file>
      <input_file id="fl-1a">
         <path>C:\ti\ccsv5\tools\compiler\c5500_4.4.1\lib\</path>
         <kind>archive</kind>
         <file>rts55x.lib</file>
         <name>exit.obj</name>
      </input_file>
      <input_file id="fl-1b">
         <path>C:\ti\ccsv5\tools\compiler\c5500_4.4.1\lib\</path>
         <kind>archive</kind>
         <file>rts55x.lib</file>
         <name>vectors.obj</name>
      </input_file>
      <input_file id="fl-1c">
         <path>C:\ti\ccsv5\tools\compiler\c5500_4.4.1\lib\</path>
         <kind>archive</kind>
         <file>rts55x.lib</file>
         <name>_lock.obj</name>
      </input_file>
      <input_file id="fl-1d">
         <path>C:\ti\ccsv5\tools\compiler\c5500_4.4.1\lib\</path>
         <kind>archive</kind>
         <file>rts55x.lib</file>
         <name>args_main.obj</name>
      </input_file>
      <input_file id="fl-1e">
         <path>C:\ti\ccsv5\tools\compiler\c5500_4.4.1\lib\</path>
         <kind>archive</kind>
         <file>rts55x.lib</file>
         <name>autoinit.obj</name>
      </input_file>
   </input_file_list>
   <object_component_list>
      <object_component id="oc-22">
         <name>.text</name>
         <load_address>0x100</load_address>
         <run_address>0x100</run_address>
         <size>0x4d</size>
         <input_file_ref idref="fl-1e"/>
      </object_component>
      <object_component id="oc-1e">
         <name>.text</name>
         <load_address>0x14d</load_address>
         <run_address>0x14d</run_address>
         <size>0x4b</size>
         <input_file_ref idref="fl-1d"/>
      </object_component>
      <object_component id="oc-c">
         <name>.text</name>
         <load_address>0x198</load_address>
         <run_address>0x198</run_address>
         <size>0x3e</size>
         <input_file_ref idref="fl-1a"/>
      </object_component>
      <object_component id="oc-2">
         <name>.text</name>
         <load_address>0x1d6</load_address>
         <run_address>0x1d6</run_address>
         <size>0x34</size>
         <input_file_ref idref="fl-19"/>
      </object_component>
      <object_component id="oc-18">
         <name>.text</name>
         <load_address>0x20a</load_address>
         <run_address>0x20a</run_address>
         <size>0x12</size>
         <input_file_ref idref="fl-1c"/>
      </object_component>
      <object_component id="oc-10">
         <name>.text:CIO_breakpoint</name>
         <load_address>0x21c</load_address>
         <run_address>0x21c</run_address>
         <size>0x7</size>
         <input_file_ref idref="fl-1a"/>
      </object_component>
      <object_component id="oc-3">
         <name>.text</name>
         <load_address>0x223</load_address>
         <run_address>0x223</run_address>
         <size>0x4</size>
         <input_file_ref idref="fl-2"/>
      </object_component>
      <object_component id="oc-13">
         <name>.text</name>
         <load_address>0x227</load_address>
         <run_address>0x227</run_address>
         <size>0x2</size>
         <input_file_ref idref="fl-1b"/>
      </object_component>
      <object_component id="oc-d">
         <name>.bss</name>
         <uninitialized>true</uninitialized>
         <run_address>0x10008</run_address>
         <size>0x8</size>
         <input_file_ref idref="fl-1a"/>
      </object_component>
      <object_component id="oc-19">
         <name>.bss</name>
         <uninitialized>true</uninitialized>
         <run_address>0x10000</run_address>
         <size>0x8</size>
         <input_file_ref idref="fl-1c"/>
      </object_component>
      <object_component id="oc-14">
         <name>vectors</name>
         <load_address>0xffff00</load_address>
         <run_address>0xffff00</run_address>
         <size>0x100</size>
         <input_file_ref idref="fl-1b"/>
      </object_component>
      <object_component id="oc-1b">
         <name>.cinit</name>
         <load_address>0x22a</load_address>
         <run_address>0x22a</run_address>
         <size>0x14</size>
         <input_file_ref idref="fl-1c"/>
      </object_component>
      <object_component id="oc-f">
         <name>.cinit</name>
         <load_address>0x23e</load_address>
         <run_address>0x23e</run_address>
         <size>0x14</size>
         <input_file_ref idref="fl-1a"/>
      </object_component>
      <object_component id="oc-4">
         <name>.debug_info</name>
         <load_address>0x0</load_address>
         <run_address>0x0</run_address>
         <size>0x4dc</size>
         <input_file_ref idref="fl-2"/>
      </object_component>
      <object_component id="oc-9">
         <name>.debug_info</name>
         <load_address>0x4dc</load_address>
         <run_address>0x4dc</run_address>
         <size>0xe8</size>
         <input_file_ref idref="fl-19"/>
      </object_component>
      <object_component id="oc-e">
         <name>.debug_info</name>
         <load_address>0x5c4</load_address>
         <run_address>0x5c4</run_address>
         <size>0x5fb</size>
         <input_file_ref idref="fl-1a"/>
      </object_component>
      <object_component id="oc-15">
         <name>.debug_info</name>
         <load_address>0xbbf</load_address>
         <run_address>0xbbf</run_address>
         <size>0xbc</size>
         <input_file_ref idref="fl-1b"/>
      </object_component>
      <object_component id="oc-1a">
         <name>.debug_info</name>
         <load_address>0xc7b</load_address>
         <run_address>0xc7b</run_address>
         <size>0x5bc</size>
         <input_file_ref idref="fl-1c"/>
      </object_component>
      <object_component id="oc-1f">
         <name>.debug_info</name>
         <load_address>0x1237</load_address>
         <run_address>0x1237</run_address>
         <size>0x586</size>
         <input_file_ref idref="fl-1d"/>
      </object_component>
      <object_component id="oc-23">
         <name>.debug_info</name>
         <load_address>0x17bd</load_address>
         <run_address>0x17bd</run_address>
         <size>0xcd</size>
         <input_file_ref idref="fl-1e"/>
      </object_component>
      <object_component id="oc-43">
         <name>.debug_info</name>
         <load_address>0x188a</load_address>
         <run_address>0x188a</run_address>
         <size>0x6e</size>
      </object_component>
      <object_component id="oc-5">
         <name>.debug_frame</name>
         <load_address>0x0</load_address>
         <run_address>0x0</run_address>
         <size>0xde</size>
         <input_file_ref idref="fl-2"/>
      </object_component>
      <object_component id="oc-6">
         <name>.debug_line</name>
         <load_address>0x0</load_address>
         <run_address>0x0</run_address>
         <size>0x3d</size>
         <input_file_ref idref="fl-2"/>
      </object_component>
      <object_component id="oc-a">
         <name>.debug_line</name>
         <load_address>0x3d</load_address>
         <run_address>0x3d</run_address>
         <size>0x54</size>
         <input_file_ref idref="fl-19"/>
      </object_component>
      <object_component id="oc-11">
         <name>.debug_line</name>
         <load_address>0x91</load_address>
         <run_address>0x91</run_address>
         <size>0x51</size>
         <input_file_ref idref="fl-1a"/>
      </object_component>
      <object_component id="oc-16">
         <name>.debug_line</name>
         <load_address>0xe2</load_address>
         <run_address>0xe2</run_address>
         <size>0x37</size>
         <input_file_ref idref="fl-1b"/>
      </object_component>
      <object_component id="oc-1c">
         <name>.debug_line</name>
         <load_address>0x119</load_address>
         <run_address>0x119</run_address>
         <size>0x57</size>
         <input_file_ref idref="fl-1c"/>
      </object_component>
      <object_component id="oc-20">
         <name>.debug_line</name>
         <load_address>0x170</load_address>
         <run_address>0x170</run_address>
         <size>0x41</size>
         <input_file_ref idref="fl-1d"/>
      </object_component>
      <object_component id="oc-24">
         <name>.debug_line</name>
         <load_address>0x1b1</load_address>
         <run_address>0x1b1</run_address>
         <size>0x55</size>
         <input_file_ref idref="fl-1e"/>
      </object_component>
      <object_component id="oc-7">
         <name>.debug_abbrev</name>
         <load_address>0x0</load_address>
         <run_address>0x0</run_address>
         <size>0x6b</size>
         <input_file_ref idref="fl-2"/>
      </object_component>
      <object_component id="oc-b">
         <name>.debug_abbrev</name>
         <load_address>0x6b</load_address>
         <run_address>0x6b</run_address>
         <size>0x3a</size>
         <input_file_ref idref="fl-19"/>
      </object_component>
      <object_component id="oc-12">
         <name>.debug_abbrev</name>
         <load_address>0xa5</load_address>
         <run_address>0xa5</run_address>
         <size>0xf7</size>
         <input_file_ref idref="fl-1a"/>
      </object_component>
      <object_component id="oc-17">
         <name>.debug_abbrev</name>
         <load_address>0x19c</load_address>
         <run_address>0x19c</run_address>
         <size>0x26</size>
         <input_file_ref idref="fl-1b"/>
      </object_component>
      <object_component id="oc-1d">
         <name>.debug_abbrev</name>
         <load_address>0x1c2</load_address>
         <run_address>0x1c2</run_address>
         <size>0x9f</size>
         <input_file_ref idref="fl-1c"/>
      </object_component>
      <object_component id="oc-21">
         <name>.debug_abbrev</name>
         <load_address>0x261</load_address>
         <run_address>0x261</run_address>
         <size>0xec</size>
         <input_file_ref idref="fl-1d"/>
      </object_component>
      <object_component id="oc-25">
         <name>.debug_abbrev</name>
         <load_address>0x34d</load_address>
         <run_address>0x34d</run_address>
         <size>0x44</size>
         <input_file_ref idref="fl-1e"/>
      </object_component>
      <object_component id="oc-44">
         <name>.debug_abbrev</name>
         <load_address>0x391</load_address>
         <run_address>0x391</run_address>
         <size>0xd</size>
      </object_component>
      <object_component id="oc-8">
         <name>.stack</name>
         <uninitialized>true</uninitialized>
         <run_address>0x254</run_address>
         <size>0x0</size>
         <input_file_ref idref="fl-19"/>
      </object_component>
      <object_component id="oc-40">
         <name>.stack</name>
         <uninitialized>true</uninitialized>
         <run_address>0x254</run_address>
         <size>0x0</size>
      </object_component>
      <object_component id="oc-26">
         <name>.sysstack</name>
         <uninitialized>true</uninitialized>
         <run_address>0x454</run_address>
         <size>0x0</size>
         <input_file_ref idref="fl-19"/>
      </object_component>
      <object_component id="oc-41">
         <name>.sysstack</name>
         <uninitialized>true</uninitialized>
         <run_address>0x454</run_address>
         <size>0x0</size>
      </object_component>
   </object_component_list>
   <logical_group_list>
      <logical_group id="lg-27">
         <name>.text</name>
         <load_address>0x100</load_address>
         <run_address>0x100</run_address>
         <size>0x12a</size>
         <contents>
            <object_component_ref idref="oc-22"/>
            <object_component_ref idref="oc-1e"/>
            <object_component_ref idref="oc-c"/>
            <object_component_ref idref="oc-2"/>
            <object_component_ref idref="oc-18"/>
            <object_component_ref idref="oc-10"/>
            <object_component_ref idref="oc-3"/>
            <object_component_ref idref="oc-13"/>
         </contents>
      </logical_group>
      <logical_group id="lg-28">
         <name>.data</name>
         <run_address>0x10000</run_address>
         <size>0x0</size>
         <contents>
         </contents>
      </logical_group>
      <logical_group id="lg-29">
         <name>.bss</name>
         <run_address>0x10000</run_address>
         <size>0x10</size>
         <contents>
            <object_component_ref idref="oc-d"/>
            <object_component_ref idref="oc-19"/>
         </contents>
      </logical_group>
      <logical_group id="lg-2a">
         <name>vectors</name>
         <load_address>0xffff00</load_address>
         <run_address>0xffff00</run_address>
         <size>0x100</size>
         <contents>
            <object_component_ref idref="oc-14"/>
         </contents>
      </logical_group>
      <logical_group id="lg-2b">
         <name>.cinit</name>
         <load_address>0x22a</load_address>
         <run_address>0x22a</run_address>
         <size>0x2a</size>
         <contents>
            <object_component_ref idref="oc-1b"/>
            <object_component_ref idref="oc-f"/>
         </contents>
      </logical_group>
      <logical_group id="lg-2c">
         <name>.pinit</name>
         <run_address>0x0</run_address>
         <size>0x0</size>
         <contents>
         </contents>
      </logical_group>
      <logical_group id="lg-33">
         <name>.debug_info</name>
         <load_address>0x0</load_address>
         <run_address>0x0</run_address>
         <size>0x18f8</size>
         <contents>
            <object_component_ref idref="oc-4"/>
            <object_component_ref idref="oc-9"/>
            <object_component_ref idref="oc-e"/>
            <object_component_ref idref="oc-15"/>
            <object_component_ref idref="oc-1a"/>
            <object_component_ref idref="oc-1f"/>
            <object_component_ref idref="oc-23"/>
            <object_component_ref idref="oc-43"/>
         </contents>
      </logical_group>
      <logical_group id="lg-35">
         <name>.debug_frame</name>
         <load_address>0x0</load_address>
         <run_address>0x0</run_address>
         <size>0xde</size>
         <contents>
            <object_component_ref idref="oc-5"/>
         </contents>
      </logical_group>
      <logical_group id="lg-37">
         <name>.debug_line</name>
         <load_address>0x0</load_address>
         <run_address>0x0</run_address>
         <size>0x206</size>
         <contents>
            <object_component_ref idref="oc-6"/>
            <object_component_ref idref="oc-a"/>
            <object_component_ref idref="oc-11"/>
            <object_component_ref idref="oc-16"/>
            <object_component_ref idref="oc-1c"/>
            <object_component_ref idref="oc-20"/>
            <object_component_ref idref="oc-24"/>
         </contents>
      </logical_group>
      <logical_group id="lg-39">
         <name>.debug_abbrev</name>
         <load_address>0x0</load_address>
         <run_address>0x0</run_address>
         <size>0x39e</size>
         <contents>
            <object_component_ref idref="oc-7"/>
            <object_component_ref idref="oc-b"/>
            <object_component_ref idref="oc-12"/>
            <object_component_ref idref="oc-17"/>
            <object_component_ref idref="oc-1d"/>
            <object_component_ref idref="oc-21"/>
            <object_component_ref idref="oc-25"/>
            <object_component_ref idref="oc-44"/>
         </contents>
      </logical_group>
      <logical_group id="lg-3b">
         <name>.stack</name>
         <run_address>0x254</run_address>
         <size>0x200</size>
         <contents>
            <object_component_ref idref="oc-8"/>
            <object_component_ref idref="oc-40"/>
         </contents>
      </logical_group>
      <logical_group id="lg-3d">
         <name>.sysstack</name>
         <run_address>0x454</run_address>
         <size>0x200</size>
         <contents>
            <object_component_ref idref="oc-26"/>
            <object_component_ref idref="oc-41"/>
         </contents>
      </logical_group>
   </logical_group_list>
   <placement_map>
      <memory_area>
         <name>RAM</name>
         <page_id>0x0</page_id>
         <origin>0x100</origin>
         <length>0xfeff</length>
         <used_space>0x554</used_space>
         <unused_space>0xf9ab</unused_space>
         <attributes>RIX</attributes>
         <usage_details>
            <allocated_space>
               <start_address>0x100</start_address>
               <size>0x12a</size>
               <logical_group_ref idref="lg-27"/>
            </allocated_space>
            <allocated_space>
               <start_address>0x22a</start_address>
               <size>0x2a</size>
               <logical_group_ref idref="lg-2b"/>
            </allocated_space>
            <allocated_space>
               <start_address>0x254</start_address>
               <size>0x200</size>
               <logical_group_ref idref="lg-3b"/>
            </allocated_space>
            <allocated_space>
               <start_address>0x454</start_address>
               <size>0x200</size>
               <logical_group_ref idref="lg-3d"/>
            </allocated_space>
            <available_space>
               <start_address>0x654</start_address>
               <size>0xf9ab</size>
            </available_space>
         </usage_details>
      </memory_area>
      <memory_area>
         <name>ROM</name>
         <page_id>0x0</page_id>
         <origin>0x10000</origin>
         <length>0xffff</length>
         <used_space>0x10</used_space>
         <unused_space>0xffef</unused_space>
         <attributes>RWIX</attributes>
         <usage_details>
            <allocated_space>
               <start_address>0x10000</start_address>
               <size>0x0</size>
               <logical_group_ref idref="lg-28"/>
            </allocated_space>
            <allocated_space>
               <start_address>0x10000</start_address>
               <size>0x10</size>
               <logical_group_ref idref="lg-29"/>
            </allocated_space>
            <available_space>
               <start_address>0x10010</start_address>
               <size>0xffef</size>
            </available_space>
         </usage_details>
      </memory_area>
      <memory_area>
         <name>VECS</name>
         <page_id>0x0</page_id>
         <origin>0xffff00</origin>
         <length>0x100</length>
         <used_space>0x100</used_space>
         <unused_space>0x0</unused_space>
         <attributes>RIX</attributes>
         <usage_details>
            <allocated_space>
               <start_address>0xffff00</start_address>
               <size>0x100</size>
               <logical_group_ref idref="lg-2a"/>
            </allocated_space>
         </usage_details>
      </memory_area>
   </placement_map>
   <symbol_table>
      <symbol id="sm-0">
         <name>$TI_capability$C5500$CallingConvention</name>
         <value>0x2</value>
      </symbol>
      <symbol id="sm-1">
         <name>$TI_capability$C5500$MemoryModel</name>
         <value>0x2</value>
      </symbol>
      <symbol id="sm-2">
         <name>$TI_capability_requires_rev2</name>
         <value>0x1</value>
      </symbol>
      <symbol id="sm-3">
         <name>cinit</name>
         <value>0x22a</value>
      </symbol>
      <symbol id="sm-4">
         <name>___cinit__</name>
         <value>0x22a</value>
      </symbol>
      <symbol id="sm-5">
         <name>pinit</name>
         <value>0xffffffff</value>
      </symbol>
      <symbol id="sm-6">
         <name>___pinit__</name>
         <value>0xffffffff</value>
      </symbol>
      <symbol id="sm-7">
         <name>binit</name>
         <value>0xffffffff</value>
      </symbol>
      <symbol id="sm-8">
         <name>___binit__</name>
         <value>0xffffffff</value>
      </symbol>
      <symbol id="sm-9">
         <name>__STACK_SIZE</name>
         <value>0x200</value>
      </symbol>
      <symbol id="sm-a">
         <name>__STACK_END</name>
         <value>0x454</value>
      </symbol>
      <symbol id="sm-b">
         <name>___c_args__</name>
         <value>0xffffffff</value>
      </symbol>
      <symbol id="sm-c">
         <name>__SYSSTACK_SIZE</name>
         <value>0x200</value>
      </symbol>
      <symbol id="sm-d">
         <name>.text</name>
         <value>0x100</value>
      </symbol>
      <symbol id="sm-e">
         <name>___text__</name>
         <value>0x100</value>
      </symbol>
      <symbol id="sm-f">
         <name>etext</name>
         <value>0x22a</value>
      </symbol>
      <symbol id="sm-10">
         <name>___etext__</name>
         <value>0x22a</value>
      </symbol>
      <symbol id="sm-11">
         <name>.data</name>
         <value>0x10000</value>
      </symbol>
      <symbol id="sm-12">
         <name>___data__</name>
         <value>0x10000</value>
      </symbol>
      <symbol id="sm-13">
         <name>edata</name>
         <value>0x10000</value>
      </symbol>
      <symbol id="sm-14">
         <name>___edata__</name>
         <value>0x10000</value>
      </symbol>
      <symbol id="sm-15">
         <name>.bss</name>
         <value>0x10000</value>
      </symbol>
      <symbol id="sm-16">
         <name>___bss__</name>
         <value>0x10000</value>
      </symbol>
      <symbol id="sm-17">
         <name>end</name>
         <value>0x10010</value>
      </symbol>
      <symbol id="sm-18">
         <name>___end__</name>
         <value>0x10010</value>
      </symbol>
      <symbol id="sm-3a">
         <name>_main</name>
         <value>0x223</value>
         <object_component_ref idref="oc-3"/>
      </symbol>
      <symbol id="sm-46">
         <name>__sysstack</name>
         <value>0x454</value>
         <object_component_ref idref="oc-26"/>
      </symbol>
      <symbol id="sm-47">
         <name>_c_int00</name>
         <value>0x1d6</value>
         <object_component_ref idref="oc-2"/>
      </symbol>
      <symbol id="sm-48">
         <name>__stack</name>
         <value>0x254</value>
         <object_component_ref idref="oc-8"/>
      </symbol>
      <symbol id="sm-58">
         <name>C$$EXIT</name>
         <value>0x21d</value>
         <object_component_ref idref="oc-10"/>
      </symbol>
      <symbol id="sm-59">
         <name>_exit</name>
         <value>0x198</value>
         <object_component_ref idref="oc-c"/>
      </symbol>
      <symbol id="sm-5a">
         <name>_abort</name>
         <value>0x21c</value>
         <object_component_ref idref="oc-10"/>
      </symbol>
      <symbol id="sm-5b">
         <name>__cleanup_ptr</name>
         <value>0x10008</value>
         <object_component_ref idref="oc-d"/>
      </symbol>
      <symbol id="sm-5c">
         <name>__dtors_ptr</name>
         <value>0x1000c</value>
         <object_component_ref idref="oc-d"/>
      </symbol>
      <symbol id="sm-66">
         <name>_Reset</name>
         <value>0xffff00</value>
         <object_component_ref idref="oc-14"/>
      </symbol>
      <symbol id="sm-74">
         <name>__unlock</name>
         <value>0x10004</value>
         <object_component_ref idref="oc-19"/>
      </symbol>
      <symbol id="sm-75">
         <name>__lock</name>
         <value>0x10000</value>
         <object_component_ref idref="oc-19"/>
      </symbol>
      <symbol id="sm-76">
         <name>__register_lock</name>
         <value>0x212</value>
         <object_component_ref idref="oc-18"/>
      </symbol>
      <symbol id="sm-77">
         <name>__nop</name>
         <value>0x21a</value>
         <object_component_ref idref="oc-18"/>
      </symbol>
      <symbol id="sm-78">
         <name>__register_unlock</name>
         <value>0x20a</value>
         <object_component_ref idref="oc-18"/>
      </symbol>
      <symbol id="sm-82">
         <name>__args_main</name>
         <value>0x14d</value>
         <object_component_ref idref="oc-1e"/>
      </symbol>
      <symbol id="sm-83">
         <name>__TI_args_main</name>
         <value>0x1</value>
      </symbol>
      <symbol id="sm-8b">
         <name>_auto_init</name>
         <value>0x100</value>
         <object_component_ref idref="oc-22"/>
      </symbol>
   </symbol_table>
</link_info>
